08-09 15:30:51.896  6176  6176 D fast_charge: BatteryTracker---->level--->65---plugType--->2---plugged--->true---health--->2---status--->2---technology--->Li-ion---voltage--->4067---temperature--->314
08-09 15:30:51.898  6176  6176 I FlashlightTile: battery level = 65
08-09 15:30:51.913  6176  6176 D StatusBarKeyguardViewManager: updateLockIcon lockVisible force false 
08-09 15:30:51.930  5385  5482 I BufferQueueProducer: [StatusBar#0](this:0x72b5c5f800,id:6,api:1,p:6176,c:5385) queueBuffer: fps=0.24 dur=8191.46 max=8183.16 min=8.30
08-09 15:30:51.946  5349  5349 I hwcomposer: [HWCDisplay] [Display_0 (type:1)] fps:0.244066,dur:8194.50,max:8181.94,min:12.56  
08-09 15:30:52.019  9769  9815 E nightwatch-target: lmkd signal waiters
08-09 15:30:52.559  9769  9815 E nightwatch-target: lmkd signal waiters
08-09 15:30:52.761  5788  6028 E WifiVendorHal: getWifiLinkLayerStats_1_3_Internal(l.927) failed {.code = ERROR_NOT_SUPPORTED, .description = }
08-09 15:30:53.100  9769  9815 E nightwatch-target: lmkd signal waiters
08-09 15:30:53.619  9769  9815 E nightwatch-target: lmkd signal waiters
08-09 15:30:53.780  5469  5469 I thermal_repeater: [recvMdThermalInfo] ret=29, strLen=127,  3, 37, -50, -28409, 32767, 0
08-09 15:30:54.159  9769  9815 E nightwatch-target: lmkd signal waiters
08-09 15:30:54.700  9769  9815 I chatty  : uid=10119(com.instagram.android) Lacrima_startup identical 1 line
08-09 15:30:55.219  9769  9815 E nightwatch-target: lmkd signal waiters
08-09 15:30:55.678  5788  5833 V WindowOrientationListener: Proposed rotation changed!  proposedRotation=3, oldProposedRotation=-1
08-09 15:30:55.700  5788  5833 I PowerHalWrapper: <setRotation> do boost with 2000ms 
08-09 15:30:55.701  5374  5397 I libPowerHal: 35: cpu_ctrl set freq: 1989000 -1 1989000 -1
08-09 15:30:55.703  5385  7030 I BufferQueue: [unnamed-5385-3525](this:0x72b5c5b000,id:3525,api:0,p:-1,c:-1) BufferQueue core=(5385:/system/bin/surfaceflinger)
08-09 15:30:55.703  5385  7030 I BufferQueueConsumer: [unnamed-5385-3525](this:0x72b5c5b000,id:3525,api:0,p:-1,c:5385) connect(C): consumer=(5385:/system/bin/surfaceflinger) controlledByApp=false
08-09 15:30:55.703  5385  7030 I BufferQueueConsumer: [unnamed-5385-3525](this:0x72b5c5b000,id:3525,api:0,p:-1,c:5385) setConsumerName: unnamed-5385-3525
08-09 15:30:55.703  5385  7030 I BufferQueueConsumer: [ScreenshotSurface#0](this:0x72b5c5b000,id:3525,api:0,p:-1,c:5385) setConsumerName: ScreenshotSurface#0
08-09 15:30:55.703  5385  7030 I BufferQueueConsumer: [ScreenshotSurface#0](this:0x72b5c5b000,id:3525,api:0,p:-1,c:5385) setDefaultBufferSize: width=1080 height=2340
08-09 15:30:55.718  5349  5349 I hwcomposer: [HWCDisplay] [Display_0 (type:1)] fps:0.530285,dur:3771.56,max:3757.61,min:13.95  
08-09 15:30:55.722  5385  7030 I SurfaceFlinger: screenshot createGraphicBuffer
08-09 15:30:55.727  5383  5383 I lowmemorykiller: 3 memory pressure events were skipped after a kill!
08-09 15:30:55.738  5385  5385 I SurfaceFlinger: screenshot (com.android.settings/com.android.settings.SubSettings#1)
08-09 15:30:55.738  5385  5385 I SurfaceFlinger: screenshot (StatusBar#0)
08-09 15:30:55.738  5385  5385 I SurfaceFlinger: screenshot (NavigationBar0#0)
08-09 15:30:55.753  5788  5833 D Surface : Surface::connect(this=0x7b71d78000,api=2)
08-09 15:30:55.754  5385  7030 I BufferQueueProducer: [ScreenshotSurface#0](this:0x72b5c5b000,id:3525,api:2,p:5788,c:5385) connect(P): api=2 producer=(5788:system_server) producerControlledByApp=false
08-09 15:30:55.757  5788  5833 D Surface : Surface::disconnect(this=0x7b71d78000,api=2)
08-09 15:30:55.758  5385  7030 I BufferQueueProducer: [ScreenshotSurface#0](this:0x72b5c5b000,id:3525,api:2,p:5788,c:5385) disconnect(P): api 2
08-09 15:30:55.759  9769  9815 E nightwatch-target: lmkd signal waiters
08-09 15:30:55.773  5788  5835 I ActivityTaskManager: Config changes=20000480 {1.0 247mcc2mnc [en_US] ldltr sw360dp w704dp h332dp 480dpi nrml long land night finger -keyb/v/h -nav/h winConfig={ mBounds=Rect(0, 0 - 2340, 1080) mAppBounds=Rect(144, 0 - 2258, 1080) mWindowingMode=fullscreen mDisplayWindowingMode=fullscreen mActivityType=undefined mAlwaysOnTop=undefined mRotation=ROTATION_270} s.6020}
08-09 15:30:55.776  5788  6028 E WifiVendorHal: getWifiLinkLayerStats_1_3_Internal(l.927) failed {.code = ERROR_NOT_SUPPORTED, .description = }
08-09 15:30:55.823  5788  5835 I ActivityTaskManager: Override config changes=20000480 {1.0 247mcc2mnc [en_US] ldltr sw360dp w704dp h332dp 480dpi nrml long land night finger -keyb/v/h -nav/h winConfig={ mBounds=Rect(0, 0 - 2340, 1080) mAppBounds=Rect(144, 0 - 2258, 1080) mWindowingMode=fullscreen mDisplayWindowingMode=fullscreen mActivityType=undefined mAlwaysOnTop=undefined mRotation=ROTATION_270} s.6020} for displayId=0
08-09 15:30:55.866  5788  5835 D PowerHalWrapper: amsBoostNotify pid:20857,activity:com.android.settings.SubSettings, package:com.android.settings, mProcessCreatePackcom.android.settings 
08-09 15:30:55.942  5383  5383 I lowmemorykiller: 8 memory pressure events were skipped after a kill!
08-09 15:30:56.077  5383  5383 I lowmemorykiller: 2 memory pressure events were skipped after a kill!
08-09 15:30:56.141  8833  8833 W GoogleInputMethodService: GoogleInputMethodService.onConfigurationChanged():1655 onConfigurationChanged() : NewConfig = {1.0 247mcc2mnc [en_US] ldltr sw360dp w704dp h332dp 480dpi nrml long land night finger -keyb/v/h -nav/h winConfig={ mBounds=Rect(0, 0 - 2340, 1080) mAppBounds=Rect(144, 0 - 2258, 1080) mWindowingMode=fullscreen mDisplayWindowingMode=fullscreen mActivityType=undefined mAlwaysOnTop=undefined mRotation=ROTATION_270} s.6078}
08-09 15:30:56.152  8833  8833 I NormalModeController: NormalModeController.getKeyboardBodyViewHolderPaddingBottom():109 currentPrimeKeyboardType:SOFT systemPaddingBottom:-1
08-09 15:30:56.255  5383  5383 I lowmemorykiller: 1 memory pressure events were skipped after a kill!
08-09 15:30:56.288  8833  8833 I AndroidIME: KeyboardViewManager.updateKeyboardBodyViewHolderPaddingBottom():513 Set finalPaddingBottom = 0 while keyboardBottomGapFromScreen = 0; navigationHeight = 144
08-09 15:30:56.299  9769  9815 E nightwatch-target: lmkd signal waiters
08-09 15:30:56.314  6176  6263 D NetworkTypeUtils: nrState = -1
08-09 15:30:56.361  8833  8833 I InlineSuggestionCandidateViewController: InlineSuggestionCandidateViewController.setInlineSuggestionCandidateImpl():1163 set  to inlineSuggestionTextView
08-09 15:30:56.376  5788  5835 I InputTransport: Create ARC handle: 0x7b8e0118a0
08-09 15:30:56.378  5788  5835 I InputTransport: Create ARC handle: 0x7b8e017280
08-09 15:30:56.378  5788  5835 I InputTransport: Create ARC handle: 0x7b8e019c00
08-09 15:30:56.379  5788  5835 I InputTransport: Create ARC handle: 0x7b8e025fa0
08-09 15:30:56.384  5788  7164 W ActivityManager: Slow operation: 495ms so far, now at getContentProviderImpl: after updateLruProcess
08-09 15:30:56.384  5788  5836 I Choreographer: Skipped 32 frames!  The application may be doing too much work on its main thread.
08-09 15:30:56.384  5788  7164 W ActivityManager: Slow operation: 495ms so far, now at getContentProviderImpl: before updateOomAdj
08-09 15:30:56.387  5788  7164 W ActivityManager: Slow operation: 498ms so far, now at getContentProviderImpl: after updateOomAdj
08-09 15:30:56.388  5788  7164 W ActivityManager: Slow operation: 498ms so far, now at getContentProviderImpl: done!
08-09 15:30:56.405  5383  5383 I lowmemorykiller: 5 memory pressure events were skipped after a kill!
08-09 15:30:56.458  8833  8833 I AbstractOpenableExtension: AbstractOpenableExtension.maybeDestroyExistingKeyboardGroupManager():514 Destroy existing keyboard group manager in fau
08-09 15:30:56.462  8833  8833 I AbstractOpenableExtension: AbstractOpenableExtension.createKeyboardGroupManagerListenableFuture():123 Create keyboard group manager listenable future in fau
08-09 15:30:56.467 19138 19138 W ActivityLifecycleHook: Could not get ActivityLifecycleItem from mLifecycleStateRequest
08-09 15:30:56.495  8833  8833 I AbstractOpenableExtension: AbstractOpenableExtension.maybeDestroyExistingKeyboardGroupManager():514 Destroy existing keyboard group manager in fci
08-09 15:30:56.496  8833  8833 I AbstractOpenableExtension: AbstractOpenableExtension.createKeyboardGroupManagerListenableFuture():123 Create keyboard group manager listenable future in fci
08-09 15:30:56.496  8833  8833 I AbstractOpenableExtension: AbstractOpenableExtension.maybeDestroyExistingKeyboardGroupManager():514 Destroy existing keyboard group manager in eyj
08-09 15:30:56.496  8833  8833 I AbstractOpenableExtension: AbstractOpenableExtension.createKeyboardGroupManagerListenableFuture():123 Create keyboard group manager listenable future in eyj
08-09 15:30:56.553  5448  5448 I netd    : trafficSwapActiveStatsMap() <0.43ms>
08-09 15:30:56.556  5788  5835 I InputManager-JNI: Viewport [0] to add: local:0
08-09 15:30:56.564  5788  5978 I InputReader: Reconfiguring input devices.  changes=0x00000004
08-09 15:30:56.565  5383  5383 I lowmemorykiller: 6 memory pressure events were skipped after a kill!
08-09 15:30:56.633   343   343 I hwservicemanager: getTransport: Cannot find entry vendor.mediatek.hardware.nwk_opt@1.0::INwkOpt/default in either framework or device manifest.
08-09 15:30:56.633  5788  5978 I         : Couldn't load Nwk Opt HAL service
08-09 15:30:56.633  5788  5978 I InputReader: Device reconfigured: id=2, name='mtk-tpd', size 1080x2340, orientation 3, mode 1, display id 0
08-09 15:30:56.638  5448  5448 I netd    : tetherGetStats() <74.41ms>
08-09 15:30:56.731  5383  5383 I lowmemorykiller: 5 memory pressure events were skipped after a kill!
08-09 15:30:56.839  9769  9815 E nightwatch-target: lmkd signal waiters
08-09 15:30:56.888  5383  5383 I lowmemorykiller: 2 memory pressure events were skipped after a kill!
08-09 15:30:56.975  8833  8833 I NormalModeController: NormalModeController.getKeyboardBodyViewHolderPaddingBottom():109 currentPrimeKeyboardType:SOFT systemPaddingBottom:-1
08-09 15:30:56.981  8833 21015 I DlamWrapper: DlamWrapper$1.onSuccess():148 close(): Successfully wrote DLAM properties file.
08-09 15:30:57.004  5788  5804 I system_server: Background young concurrent copying GC freed 100800(5750KB) AllocSpace objects, 19(340KB) LOS objects, 9% free, 41MB/45MB, paused 8.108ms total 189.648ms
08-09 15:30:57.037 20498 20498 I Choreographer: Skipped 72 frames!  The application may be doing too much work on its main thread.
08-09 15:30:57.128  8833 21012 I KeyboardGroupDefParser: KeyboardGroupDefParser.parseKeyboardGroupDef():89 parseKeyboardGroupDef() 2132148494 -> 0_resource_name_obfuscated : WaitTime = 1 ms : RunTime = 631 ms
08-09 15:30:57.128  8833 21010 I KeyboardGroupDefParser: KeyboardGroupDefParser.parseKeyboardGroupDef():89 parseKeyboardGroupDef() 2132148495 -> 0_resource_name_obfuscated : WaitTime = 29 ms : RunTime = 637 ms
08-09 15:30:57.128  8833 21011 I KeyboardGroupDefParser: KeyboardGroupDefParser.parseKeyboardGroupDef():89 parseKeyboardGroupDef() 2132148499 -> 0_resource_name_obfuscated : WaitTime = 0 ms : RunTime = 632 ms
08-09 15:30:57.190  8833  8833 I GoogleInputMethodService: GoogleInputMethodService.initializeKeyboardTheme():1393 Apply keyboard theme: theme_stylesheet_googleblue_builtin_google_blue_dark.binarypb_land
08-09 15:30:57.190 20857 20857 D BluetoothA2dp: Unbinding service...
08-09 15:30:57.197  5383  5383 I lowmemorykiller: 8 memory pressure events were skipped after a kill!
08-09 15:30:57.217  8833  8833 I Environment: Environment.getDeviceMode():833 Get device mode by ui mode:1 and smallestScreenWidthDp:360
08-09 15:30:57.261  8833  8833 I chatty  : uid=10094(com.google.android.inputmethod.latin) identical 3 lines
08-09 15:30:57.261  8833  8833 I Environment: Environment.getDeviceMode():833 Get device mode by ui mode:1 and smallestScreenWidthDp:360
08-09 15:30:57.261  8833  8912 I Environment: Environment.getDeviceMode():833 Get device mode by ui mode:1 and smallestScreenWidthDp:360
08-09 15:30:57.261  8833  8833 I Environment: Environment.getDeviceMode():833 Get device mode by ui mode:1 and smallestScreenWidthDp:360
08-09 15:30:57.261  8833  8912 I Environment: Environment.getDeviceMode():833 Get device mode by ui mode:1 and smallestScreenWidthDp:360
08-09 15:30:57.261 20857 20857 D DashboardFragment: Release SummaryLoader and its Handler thread
08-09 15:30:57.261  8833  8910 I Environment: Environment.getDeviceMode():833 Get device mode by ui mode:1 and smallestScreenWidthDp:360
08-09 15:30:57.262  8833  8910 I Environment: Environment.getDeviceMode():833 Get device mode by ui mode:1 and smallestScreenWidthDp:360
08-09 15:30:57.296 20857 20878 D Surface : Surface::disconnect(this=0x7b66677000,api=1)
08-09 15:30:57.296  5385  7030 I BufferQueueProducer: [com.android.settings/com.android.settings.SubSettings#1](this:0x729a515800,id:3524,api:1,p:20857,c:5385) disconnect(P): api 1
08-09 15:30:57.299 20857 20857 D View    : [Warning] assignParent to null: this = DecorView@4b148cc[SubSettings]
08-09 15:30:57.299 20857 20857 I InputTransport: Destroy ARC handle: 0x7b6668c640
08-09 15:30:57.302  8833  8833 I KeyboardViewUtil: KeyboardViewUtil.getKeyboardHeightRatio():166 systemKeyboardHeightRatio:1.000000; userKeyboardHeightRatio:1.000000.
08-09 15:30:57.307  5383  5383 I lowmemorykiller: 5 memory pressure events were skipped after a kill!
08-09 15:30:57.318  8833  8833 I GoogleInputMethodService: GoogleInputMethodService.onStartInput():1994 
08-09 15:30:57.319  8833  8833 I DeviceUnlockedTag: DeviceUnlockedTag.notifyDeviceLockStatusChanged():31 Notify device unlocked.
08-09 15:30:57.321  8833  8833 W SessionManager: SessionManager.beginSession():53 Try to begin an already begun session [INPUT_SESSION], end it first
08-09 15:30:57.327  5349  5349 I hwcomposer: [HWCDisplay] [Display_0 (type:1)] fps:3.729916,dur:1608.62,max:848.32,min:15.54  
08-09 15:30:57.337  8833  8833 I Environment: Environment.getDeviceMode():833 Get device mode by ui mode:1 and smallestScreenWidthDp:360
08-09 15:30:57.337  8833  8833 I Environment: Environment.getDeviceMode():833 Get device mode by ui mode:1 and smallestScreenWidthDp:360
08-09 15:30:57.337  8833  8833 I Choreographer: Skipped 62 frames!  The application may be doing too much work on its main thread.
08-09 15:30:57.338  8833  8833 I GoogleInputMethodService: GoogleInputMethodService.lambda$setDecorViewApplyWindowInsetsListener$9():1099 update screenHeightWithoutNaviBar to: 936
08-09 15:30:57.339  8833  8833 I GoogleInputMethodService: GoogleInputMethodService.lambda$setDecorViewApplyWindowInsetsListener$9():1106 update max height when insets changes
08-09 15:30:57.353  8833  8833 I AbstractOpenableExtension: AbstractOpenableExtension$3.onSuccess():527 KeyboardGroupManager destroyed in fau.
08-09 15:30:57.353  8833  8833 I AbstractOpenableExtension: AbstractOpenableExtension$3.onSuccess():527 KeyboardGroupManager destroyed in fci.
08-09 15:30:57.353  8833  8833 I AbstractOpenableExtension: AbstractOpenableExtension$3.onSuccess():527 KeyboardGroupManager destroyed in eyj.
08-09 15:30:57.379  9769  9815 E nightwatch-target: lmkd signal waiters
08-09 15:30:57.478  6176  6176 D StatusBar: disable<e i a s b h r c s > disable2<q i n >
08-09 15:30:57.485  5385  7030 I BufferQueueConsumer: [ScreenDecorOverlay#0](this:0x72b5c5c800,id:3,api:1,p:6176,c:5385) setDefaultBufferSize: width=2340 height=82
08-09 15:30:57.486  6176  6263 D NetworkTypeUtils: nrState = -1
08-09 15:30:57.488  8833  8833 I DictionarySuperpacksManager: DictionarySuperpacksManager$1.onEnabledInputMethodEntriesChanged():60 onEnabledInputMethodEntriesChanged
08-09 15:30:57.490  6176  6416 D Surface : Surface::disconnect(this=0x7b6f897000,api=1)
08-09 15:30:57.490  5385  7030 I BufferQueueProducer: [ScreenDecorOverlay#0](this:0x72b5c5c800,id:3,api:1,p:6176,c:5385) disconnect(P): api 1
08-09 15:30:57.491  6176  6416 D Surface : Surface::connect(this=0x7b6f897000,api=1)
08-09 15:30:57.508  8833  8910 I SP      : Registering content_cache.2021031015, url: https://www.gstatic.com/android/keyboard/modelpack/contentcache/202103101510/superpacks_manifest.json, constraints: W:*:*:*, flags: bg, requested: 2021031015, current: 2021031015
08-09 15:30:57.508  5385  7030 I BufferQueueProducer: [ScreenDecorOverlay#0](this:0x72b5c5c800,id:3,api:1,p:6176,c:5385) connect(P): api=1 producer=(6176:com.android.systemui) producerControlledByApp=false
08-09 15:30:57.523  6176  6416 D mali_winsys: EGLint new_window_surface(egl_winsys_display *, void *, EGLSurface, EGLConfig, egl_winsys_surface **, EGLBoolean) returns 0x3000
08-09 15:30:57.524  6176  6416 D Surface : Surface::setBufferCount(this=0x7b6f897000,bufferCount=3)
08-09 15:30:57.532  6176  6176 D View    : [Warning] assignParent to null: this = com.android.systemui.assist.AssistOrbContainer{71cbd8f G.E...... ......ID 0,0-1080,750}
08-09 15:30:57.534  5385  7030 I BufferQueueConsumer: [ScreenDecorOverlay#0](this:0x72b5c5c800,id:3,api:1,p:6176,c:5385) setDefaultBufferSize: width=108 height=1080
08-09 15:30:57.534  8833  8847 W putmethod.lati: Reducing the number of considered missed Gc histogram windows from 235 to 100
08-09 15:30:57.537  6176  6416 D Surface : Surface::disconnect(this=0x7b6f897000,api=1)
08-09 15:30:57.537  5385  5883 I BufferQueueProducer: [ScreenDecorOverlay#0](this:0x72b5c5c800,id:3,api:1,p:6176,c:5385) disconnect(P): api 1
08-09 15:30:57.537  6176  6416 D Surface : Surface::connect(this=0x7b6f897000,api=1)
08-09 15:30:57.537  5385  7030 I BufferQueueProducer: [ScreenDecorOverlay#0](this:0x72b5c5c800,id:3,api:1,p:6176,c:5385) connect(P): api=1 producer=(6176:com.android.systemui) producerControlledByApp=false
08-09 15:30:57.537  6176  6416 D mali_winsys: EGLint new_window_surface(egl_winsys_display *, void *, EGLSurface, EGLConfig, egl_winsys_surface **, EGLBoolean) returns 0x3000
08-09 15:30:57.538  6176  6416 D Surface : Surface::setBufferCount(this=0x7b6f897000,bufferCount=3)
08-09 15:30:57.554  5383  5383 I lowmemorykiller: 1 memory pressure events were skipped after a kill!
08-09 15:30:57.612  5385  5883 I BufferQueueProducer: [ScreenDecorOverlay#0](this:0x72b5c5c800,id:3,api:1,p:6176,c:5385) queueBuffer: fps=0.00 dur=237177.65 max=237177.65 min=237177.65
08-09 15:30:57.613  6176  6176 D ViewRootImpl[AssistPreviewPanel]: hardware acceleration = true , fakeHwAccelerated = false, sRendererDisabled = false, forceHwAccelerated = false, sSystemRendererDisabled = false
08-09 15:30:57.615  5788  7759 E WindowManager: App trying to use insecure INPUT_FEATURE_NO_INPUT_CHANNEL flag. Ignoring
08-09 15:30:57.618  6176  6176 I InputTransport: Create ARC handle: 0x7b60d40cc0
08-09 15:30:57.619  6176  6176 D View    : [Warning] assignParent to null: this = com.android.systemui.stackdivider.DividerView{4b1a3ab I.E...... ......ID 0,0-0,144}
08-09 15:30:57.631  6176  6176 D ViewRootImpl[DockedStackDivider]: hardware acceleration = true , fakeHwAccelerated = false, sRendererDisabled = false, forceHwAccelerated = false, sSystemRendererDisabled = false
08-09 15:30:57.632  5788  9304 E WindowManager: App trying to use insecure INPUT_FEATURE_NO_INPUT_CHANNEL flag. Ignoring
08-09 15:30:57.634  6176  6176 I InputTransport: Create ARC handle: 0x7b60d62ac0
08-09 15:30:57.636 20857 20857 D PrefCtrlListHelper: Could not find Context-only controller for pref: com.android.settings.notification.AssistantCapabilityPreferenceController
08-09 15:30:57.637  6176  6176 D StatusBar/NavBarView: setNavigationIconHints() set hide icon...
08-09 15:30:57.637  6176  6176 D StatusBar/NavBarView: isNavBarAtLeftOfAppWin() rotation=3, isAtLeft=true
08-09 15:30:57.637  6176  6176 D StatusBar/NavBarView: orientHideButton() r=0, land=false, isLandAlt=true
08-09 15:30:57.644  6176  6263 D Tile.MobileDataTile: handleUpdateState arg=null
08-09 15:30:57.645  5788  9304 E UserRestrictionsUtils: Unknown restriction queried by uid 1000 (com.mediatek.batterywarning et al): null
08-09 15:30:57.646  5788  9304 I chatty  : uid=1000(system) Binder:5788_19 identical 1 line
08-09 15:30:57.646  6342  6584 D PhoneInterfaceManager: [PhoneIntfMgr] SubscriptionManager.getPhoneId(1)=0
08-09 15:30:57.647  5788  9304 E UserRestrictionsUtils: Unknown restriction queried by uid 1000 (com.mediatek.batterywarning et al): null
08-09 15:30:57.647  6176  6263 D Tile.MobileDataTile: isDefaultDataSimRadioOn subId=1, isRadioOn=true
08-09 15:30:57.648  6176  6263 D Tile.MobileDataTile: handleUpdateState state=SignalState[,icon=ResourceIcon[resId=0x7f08030d],iconSupplier=null,label=Data Connection,secondaryLabel=null,contentDescription=null,dualLabelContentDescription=null,expandedAccessibilityClassName=null,disabledByPolicy=false,dualTarget=false,isTransient=false,state=2,slash="null",isCustomTile=false,value=false,activityIn=false,activityOut=false]
08-09 15:30:57.651 20857 20857 V AutofillPreferenceCategory: isAutofillEnabled(): true
08-09 15:30:57.651 20857 20857 V AutofillPreferenceCategory: shouldDisableDependents(): false
08-09 15:30:57.652 20857 20857 V AutofillPreferenceCategory: isAutofillEnabled(): true
08-09 15:30:57.652 20857 20857 V AutofillPreferenceCategory: shouldDisableDependents(): false
08-09 15:30:57.652 20857 20857 V AutofillPreferenceCategory: isAutofillEnabled(): true
08-09 15:30:57.652 20857 20857 V AutofillPreferenceCategory: shouldDisableDependents(): false
08-09 15:30:57.652 20857 20857 V AutofillPreferenceCategory: isAutofillEnabled(): true
08-09 15:30:57.652 20857 20857 V AutofillPreferenceCategory: shouldDisableDependents(): false
08-09 15:30:57.652  5383  5383 I lowmemorykiller: 8 memory pressure events were skipped after a kill!
08-09 15:30:57.652  8833  8910 I SP      : Syncing content_cache (2021031015) with slices: [25e1ddc579515a5466923642b5149bb7], metadata: true
08-09 15:30:57.686  5788  5835 W WindowManager: Window freeze timeout expired.
08-09 15:30:57.686  5788  5835 W WindowManager: Force clearing orientation change: Window{a850938 u0 NavigationBar0}
08-09 15:30:57.686  5788  5835 W WindowManager: Force clearing orientation change: Window{5cdd140 u0 StatusBar}
08-09 15:30:57.690  6176  6263 D YZHD    : file not exists
08-09 15:30:57.703  5374  5397 I libPowerHal: 35: cpu_ctrl set freq: -1 -1 -1 -1
08-09 15:30:57.705  6176  6176 I EmergencyButton: ss.getState()=0 ss.isEmergencyOnly()=false for simId=0
08-09 15:30:57.710  6176  6176 I EmergencyButton: ss.getState()=3 ss.isEmergencyOnly()=false for simId=1
08-09 15:30:57.710  6176  6176 D KeyguardSecurityModel: isPinPukOrMeRequiredOfSubId() - phoneId = 0, simState = READY
08-09 15:30:57.710  6176  6176 D KeyguardSecurityModel: isPinPukOrMeRequiredOfSubId() - phoneId = 1, simState = ABSENT
08-09 15:30:57.710  6176  6176 D AntiTheftManager: getCurrentAntiTheftMode() is called.
08-09 15:30:57.711  6176  6176 D KeyguardUtils: isAirplaneModeOn() = false
08-09 15:30:57.714  6176  6176 D StatusBar/NavBarView: updateIcons() ...
08-09 15:30:57.742  6176  6176 D StatusBar/NavBarView: setNavigationIconHints() set hide icon...
08-09 15:30:57.742  6176  6176 D StatusBar/NavBarView: isNavBarAtLeftOfAppWin() rotation=3, isAtLeft=true
08-09 15:30:57.742  6176  6176 D StatusBar/NavBarView: orientHideButton() r=0, land=false, isLandAlt=true
08-09 15:30:57.784  5383  5383 I lowmemorykiller: 8 memory pressure events were skipped after a kill!
08-09 15:30:57.837 20857 20898 W SharedPreferencesLogger: Tried to log unloggable object0
08-09 15:30:57.837 20857 21028 W SharedPreferencesLogger: Tried to log unloggable object1000000
08-09 15:30:57.838  7310  7325 I iaomi.hm.healt: Background concurrent copying GC freed 13372(519KB) AllocSpace objects, 106(5512KB) LOS objects, 31% free, 12MB/18MB, paused 326us total 401.494ms
08-09 15:30:57.841 20857 20857 W ndroid.settings: type=1400 audit(0.0:451937): avc: denied { read } for name="pagetypeinfo" dev="proc" ino=4026531858 scontext=u:r:system_app:s0 tcontext=u:object_r:proc_pagetypeinfo:s0 tclass=file permissive=0
08-09 15:30:57.841  5788  7759 I ProcessStatsService: Added stats: 2021-08-09-11-47-44, over +3h36m45s506ms
08-09 15:30:57.853 20857 20857 W ndroid.settings: type=1400 audit(0.0:451938): avc: denied { search } for name="zram0" dev="sysfs" ino=26288 scontext=u:r:system_app:s0 tcontext=u:object_r:sysfs_zram:s0 tclass=dir permissive=0
08-09 15:30:57.853 20857 20857 W ndroid.settings: type=1400 audit(0.0:451939): avc: denied { search } for name="zram0" dev="sysfs" ino=26288 scontext=u:r:system_app:s0 tcontext=u:object_r:sysfs_zram:s0 tclass=dir permissive=0
08-09 15:30:57.853 20857 20857 W ndroid.settings: type=1400 audit(0.0:451940): avc: denied { read } for name="vmallocinfo" dev="proc" ino=4026532244 scontext=u:r:system_app:s0 tcontext=u:object_r:proc_vmallocinfo:s0 tclass=file permissive=0
08-09 15:30:57.856 20857 20857 E ndroid.setting: Can't find memory status under: /sys/block/zram0/
08-09 15:30:57.856  5788  5833 V WindowOrientationListener: Proposed rotation changed!  proposedRotation=0, oldProposedRotation=-1
08-09 15:30:57.866  5788  5835 W WindowManager: App freeze timeout expired.
08-09 15:30:57.869 20857 20857 W ProcStatsManager: No process com.google.android.configupdater/10029 for service com.google.android.configupdater.MainJobService
08-09 15:30:57.869 20857 20857 W ProcStatsManager: No process com.android.vending/10039 for service com.google.android.finsky.installservice.DevTriggeredUpdateService
08-09 15:30:57.869 20857 20857 W ProcStatsManager: No process com.android.vending:instant_app_installer/10039 for service com.google.android.finsky.instantapps.PhenotypeUpdateService
08-09 15:30:57.869 20857 20857 W ProcStatsManager: No process com.android.vending:download_service/10039 for service com.google.android.finsky.ipcservers.downloadservice.DownloadServiceGrpcServerAndroidService
08-09 15:30:57.869 20857 20857 W ProcStatsManager: No process com.android.vending:instant_app_installer/10039 for service com.google.android.finsky.instantapps.InstantAppsSharedPreferencesService
08-09 15:30:57.869 20857 20857 W ProcStatsManager: No process com.android.vending/10039 for service com.google.android.finsky.scheduler.process.mainimpl.PhoneskyJobServiceMain
08-09 15:30:57.869 20857 20857 W ProcStatsManager: No process com.android.vending/10039 for service com.google.android.finsky.billing.iab.InAppBillingService
08-09 15:30:57.869 20857 20857 W ProcStatsManager: No process com.android.vending:instant_app_installer/10039 for service com.google.android.finsky.instantapps.statussync.EnabledStatusSyncService
08-09 15:30:57.869 20857 20857 W ProcStatsManager: No process com.android.vending/10039 for service com.google.android.finsky.splitinstallservice.SplitInstallService
08-09 15:30:57.869 20857 20857 W ProcStatsManager: No process com.android.vending/10039 for service com.google.android.finsky.services.DetailsService
08-09 15:30:57.869 20857 20857 W ProcStatsManager: No process com.android.vending:instant_app_installer/10039 for service com.google.android.finsky.instantapps.hint.AppPreloadHygieneService
08-09 15:30:57.869 20857 20857 W ProcStatsManager: No process com.android.vending:instant_app_installer/10039 for service com.google.android.finsky.instantapps.dna.ArchivePrefetchService
08-09 15:30:57.869 20857 20857 W ProcStatsManager: No process com.bluproducts.activationapp/10041 for service com.bluproducts.activationapp.jobscheduler.WizardService
08-09 15:30:57.869 20857 20857 W ProcStatsManager: No process com.instagram.android/10119 for service com.facebook.video.heroplayer.service.MainProcHeroService
08-09 15:30:57.869 20857 20857 W ProcStatsManager: No process com.google.android.gm/10066 for service com.google.android.gm.provider.MailSyncAdapterService
08-09 15:30:57.869 20857 20857 W ProcStatsManager: No process com.google.android.gm/10066 for service com.google.android.libraries.hub.firebase.FirebaseMessagingServiceImpl
08-09 15:30:57.869 20857 20857 W ProcStatsManager: No process com.google.android.gm/10066 for service androidx.work.impl.background.systemjob.SystemJobService
08-09 15:30:57.869 20857 20857 W ProcStatsManager: No process com.android.settings.intelligence/10023 for service com.android.settings.intelligence.suggestions.SuggestionService
08-09 15:30:57.869 20857 20857 W ProcStatsManager: No process com.google.android.permissioncontroller/10181 for service com.android.packageinstaller.permission.service.PermissionControllerServiceImpl
08-09 15:30:57.869 20857 20857 W ProcStatsManager: No process com.google.android.apps.wellbeing/10024 for service androidx.work.impl.background.systemjob.SystemJobService
08-09 15:30:57.869 20857 20857 W ProcStatsManager: No process com.google.android.apps.nbu.files/10037 for service com.google.android.apps.nbu.files.notifications.NotificationService
08-09 15:30:57.870 20857 20857 W ProcStatsManager: No process com.google.android.apps.docs/10084 for service com.google.android.libraries.notifications.entrypoints.scheduled.ScheduledTaskService
08-09 15:30:57.870 20857 20857 W ProcStatsManager: No process com.google.android.apps.docs/10084 for service com.google.android.libraries.internal.growth.growthkit.internal.jobs.impl.GrowthKitJobService
08-09 15:30:57.870 20857 20857 W ProcStatsManager: No process com.google.android.apps.docs/10084 for service com.google.android.apps.docs.drive.ipcservice.DriveIpcService
08-09 15:30:57.870 20857 20857 W ProcStatsManager: No process com.google.android.webview:sandboxed_process0/10016 for service org.chromium.content.app.SandboxedProcessService0
08-09 15:30:57.870 20857 20857 W ProcStatsManager: No process com.google.android.webview:sandboxed_process0/10044 for service org.chromium.content.app.SandboxedProcessService0
08-09 15:30:57.870 20857 20857 W ProcStatsManager: No process com.google.android.webview:webview_service/10058 for service org.chromium.android_webview.services.MetricsBridgeService
08-09 15:30:57.870 20857 20857 W ProcStatsManager: No process com.google.android.webview:webview_service/10058 for service org.chromium.android_webview.services.VariationsSeedServer
08-09 15:30:57.870 20857 20857 W ProcStatsManager: No process com.google.android.webview:sandboxed_process0/10066 for service org.chromium.content.app.SandboxedProcessService0
08-09 15:30:57.870 20857 20857 W ProcStatsManager: No process com.google.android.webview:sandboxed_process0/10105 for service org.chromium.content.app.SandboxedProcessService0
08-09 15:30:57.870 20857 20857 W ProcStatsManager: No process com.google.android.webview:sandboxed_process0/10113 for service org.chromium.content.app.SandboxedProcessService0
08-09 15:30:57.870 20857 20857 W ProcStatsManager: No process com.android.chrome:sandboxed_process0/10088 for service org.chromium.content.app.SandboxedProcessService0
08-09 15:30:57.870 20857 20857 W ProcStatsManager: No process com.android.chrome:privileged_process3/10088 for service org.chromium.content.app.PrivilegedProcessService3
08-09 15:30:57.870 20857 20857 W ProcStatsManager: No process com.google.android.partnersetup/10010 for service com.google.android.partnersetup.InstalledAppJobService
08-09 15:30:57.870 20857 20857 W ProcStatsManager: No process com.google.android.apps.photos/10096 for service com.google.android.libraries.notifications.entrypoints.scheduled.ScheduledTaskService
08-09 15:30:57.870 20857 20857 W ProcStatsManager: No process com.google.android.apps.photos/10096 for service androidx.work.impl.background.systemjob.SystemJobService
08-09 15:30:57.870 20857 20857 W ProcStatsManager: No process com.linkedin.android/10120 for service com.linkedin.android.l2m.notification.NotificationListenerService
08-09 15:30:57.870 20857 20857 W ProcStatsManager: No process com.linkedin.android/10120 for service androidx.work.impl.background.systemjob.SystemJobService
08-09 15:30:57.870 20857 20857 W ProcStatsManager: No process com.google.android.projection.gearhead:shared/10192 for service com.google.android.gearhead.service.SharedService
08-09 15:30:57.870 20857 20857 W ProcStatsManager: No process com.google.android.projection.gearhead:car/10192 for service com.google.android.apps.auto.carservice.service.impl.GearheadCarStartupService
08-09 15:30:57.870 20857 20857 W ProcStatsManager: No process me.mycake/10113 for service com.dieam.reactnativepushnotification.modules.RNPushNotificationListenerService
08-09 15:30:57.870 20857 20857 W ProcStatsManager: No process com.digitalturbine.android.apps.news.blu/10135 for service com.google.firebase.auth.api.fallback.service.FirebaseAuthFallbackService
08-09 15:30:57.870 20857 20857 W ProcStatsManager: No process com.digitalturbine.android.apps.news.blu/10135 for service androidx.work.impl.background.systemjob.SystemJobService
08-09 15:30:57.870 20857 20857 W ProcStatsManager: No process com.mediatek.cellbroadcastreceiver/1000 for service com.mediatek.cellbroadcastreceiver.CellBroadcastConfigService
08-09 15:30:57.870 20857 20857 W ProcStatsManager: No process com.handmark.expressweather/10105 for service com.moengage.pushamp.internal.PushAmpSyncJob
08-09 15:30:57.870 20857 20857 W ProcStatsManager: No process com.handmark.expressweather/10105 for service com.moengage.firebase.MoEFireBaseMessagingService
08-09 15:30:57.870 20857 20857 W ProcStatsManager: No process com.handmark.expressweather/10105 for service com.handmark.expressweather.jobtasks.JobWeatherService
08-09 15:30:57.870 20857 20857 W ProcStatsManager: No process com.handmark.expressweather/10105 for service com.moengage.core.DataSyncJob
08-09 15:30:57.871 20857 20857 W ProcStatsManager: No process com.handmark.expressweather/10105 for service com.handmark.expressweather.data.UpdateService
08-09 15:30:57.871 20857 20857 W ProcStatsManager: No process com.handmark.expressweather/10105 for service androidx.work.impl.background.systemjob.SystemJobService
08-09 15:30:57.871 20857 20857 W ProcStatsManager: No process com.handmark.expressweather/10105 for service com.handmark.expressweather.NotificationService
08-09 15:30:57.872 20857 20857 W ProcStatsEntry: No process android.process.media found in package state com.android.providers.media/10008
08-09 15:30:57.881  5788  5835 W WindowManager: Force clearing freeze: AppWindowToken{adf8a34 token=Token{21ae907 ActivityRecord{d0e0346 u0 com.android.settings/.SubSettings t13697}}}
08-09 15:30:57.882  5788  5835 I WindowManager: Screen frozen for +2s195ms due to AppWindowToken{adf8a34 token=Token{21ae907 ActivityRecord{d0e0346 u0 com.android.settings/.SubSettings t13697}}}
08-09 15:30:57.893 20857 20898 W SharedPreferencesLogger: Tried to log unloggable object0
08-09 15:30:57.896 20857 21028 W SharedPreferencesLogger: Tried to log unloggable object1003
08-09 15:30:57.897  5383  5383 I lowmemorykiller: 1 memory pressure events were skipped after a kill!
08-09 15:30:57.901  5385  7030 I BufferQueueConsumer: [StatusBar#0](this:0x72b5c5f800,id:6,api:1,p:6176,c:5385) setDefaultBufferSize: width=2340 height=84
08-09 15:30:57.912  6176  6416 D Surface : Surface::disconnect(this=0x7c78019000,api=1)
08-09 15:30:57.913  5385  7030 I BufferQueueProducer: [StatusBar#0](this:0x72b5c5f800,id:6,api:1,p:6176,c:5385) disconnect(P): api 1
08-09 15:30:57.915  6176  6416 D Surface : Surface::connect(this=0x7c78019000,api=1)
08-09 15:30:57.916  5385  7030 I BufferQueueProducer: [StatusBar#0](this:0x72b5c5f800,id:6,api:1,p:6176,c:5385) connect(P): api=1 producer=(6176:com.android.systemui) producerControlledByApp=false
08-09 15:30:57.917  6176  6416 D mali_winsys: EGLint new_window_surface(egl_winsys_display *, void *, EGLSurface, EGLConfig, egl_winsys_surface **, EGLBoolean) returns 0x3000
08-09 15:30:57.917  6176  6416 D Surface : Surface::setBufferCount(this=0x7c78019000,bufferCount=3)
08-09 15:30:57.918 20857 21028 W SharedPreferencesLogger: Tried to log unloggable object0
08-09 15:30:57.919  9769  9815 E nightwatch-target: lmkd signal waiters
08-09 15:30:57.932  5385  5385 I BufferQueueProducer: [FramebufferSurface](this:0x72aa442800,id:0,api:1,p:5385,c:5385) queueBuffer: fps=0.02 dur=346161.76 max=346082.84 min=9.58
08-09 15:30:57.938  6176  6176 D StatusBarKeyguardViewManager: updateLockIcon lockVisible force false 
08-09 15:30:57.939  6176  6176 D StatusBar: disable<e i a s b h r c s > disable2<q i n >
08-09 15:30:57.954 20857 20857 D DevSettingsDashboard: All preferences added, reporting fully drawn
08-09 15:30:57.954  5385  5883 I BufferQueueProducer: [StatusBar#0](this:0x72b5c5f800,id:6,api:1,p:6176,c:5385) queueBuffer: fps=0.33 dur=6024.53 max=6016.29 min=8.25
08-09 15:30:57.955  5788  5843 I ActivityTaskManager: Fully drawn com.android.settings/.SubSettings: +3m40s140ms
08-09 15:30:57.961 20857 21028 W SharedPreferencesLogger: Tried to log unloggable object1
08-09 15:30:57.966 20857 21028 W SharedPreferencesLogger: Tried to log unloggable object1
08-09 15:30:57.966 20857 20898 W SharedPreferencesLogger: Tried to log unloggable object0
08-09 15:30:57.969  6176  6176 D StatusBar/NavBarView: setNavigationIconHints() set hide icon...
08-09 15:30:57.969  6176  6176 D StatusBar/NavBarView: isNavBarAtLeftOfAppWin() rotation=3, isAtLeft=true
08-09 15:30:57.969  6176  6176 D StatusBar/NavBarView: orientHideButton() r=90, land=true, isLandAlt=true
08-09 15:30:57.972  5385  5883 I BufferQueueConsumer: [NavigationBar0#0](this:0x729a514000,id:3520,api:1,p:6176,c:5385) setDefaultBufferSize: width=144 height=1080
08-09 15:30:57.975  6176  6416 D Surface : Surface::disconnect(this=0x7b8aa32000,api=1)
08-09 15:30:57.975  5385  5883 I BufferQueueProducer: [NavigationBar0#0](this:0x729a514000,id:3520,api:1,p:6176,c:5385) disconnect(P): api 1
08-09 15:30:57.978  6176  6416 D Surface : Surface::connect(this=0x7b8aa32000,api=1)
08-09 15:30:57.979  5385  5883 I BufferQueueProducer: [NavigationBar0#0](this:0x729a514000,id:3520,api:1,p:6176,c:5385) connect(P): api=1 producer=(6176:com.android.systemui) producerControlledByApp=false
08-09 15:30:57.980  6176  6416 D mali_winsys: EGLint new_window_surface(egl_winsys_display *, void *, EGLSurface, EGLConfig, egl_winsys_surface **, EGLBoolean) returns 0x3000
08-09 15:30:57.980  6176  6416 D Surface : Surface::setBufferCount(this=0x7b8aa32000,bufferCount=3)
08-09 15:30:58.035  5383  5383 I lowmemorykiller: 13 memory pressure events were skipped after a kill!
08-09 15:30:58.047  5385  7030 I BufferQueueProducer: [NavigationBar0#0](this:0x729a514000,id:3520,api:1,p:6176,c:5385) queueBuffer: fps=0.18 dur=227665.44 max=226986.93 min=7.59
08-09 15:30:58.060  6176  6176 I InputTransport: Destroy ARC handle: 0x7b6012e900
08-09 15:30:58.069  6176  6176 I InputTransport: Destroy ARC handle: 0x7b6012ec80
08-09 15:30:58.083  8833  8910 I SP      : Scheduling job with delay of 0s for {W:b:u:l, bg}, 6 candidates
08-09 15:30:58.107  6342  6342 E PhoneInterfaceManager: [PhoneIntfMgr] getAllowedCarriers: CommandException: com.android.internal.telephony.CommandException: REQUEST_NOT_SUPPORTED
08-09 15:30:58.122  8833  8910 I SP      : Scheduling: download registered, 0 started, 0 paused, 6 scheduled, 6 pending: manifests:emoji-predictor-20190717 * {W:b:u:l, bg}, expressive_concepts_triggering:2020112917_en * {W:b:u:l, bg}, transformer_concept:2020102810_en * {W:b:u:l, bg}, sticker_pack_similarity:b714z_edit_ItemSimilarityModel * {W:b:u:l, bg}, expressive_concepts:2020031023_en * {W:b:u:l, bg}, content_cache:25e1ddc579515a5466923642b5149bb7 * {W:b:u:l, bg}
08-09 15:30:58.125  6342  6342 E PhoneInterfaceManager: [PhoneIntfMgr] getAllowedCarriers: CommandException: com.android.internal.telephony.CommandException: REQUEST_NOT_SUPPORTED
08-09 15:30:58.125  8833  8910 I SP      : GC for 'content_cache' (10) with ttl of 0 ms took 2 ms (0/2/0)
08-09 15:30:58.131  8833  8910 I AbstractSyncResultCallback: AbstractSyncResultCallback.onFailure():36 onFailure(): content_cache.sync cancelled; expected if new request supersedes pending one.
08-09 15:30:58.132 20857 20898 W SharedPreferencesLogger: Tried to log unloggable objectfalse
08-09 15:30:58.153 20857 20898 W SharedPreferencesLogger: Tried to log unloggable objectpackage_device_default
08-09 15:30:58.162 20857 21028 W SharedPreferencesLogger: Tried to log unloggable objectavrcp14
08-09 15:30:58.162 20857 21037 W SharedPreferencesLogger: Tried to log unloggable object
08-09 15:30:58.162 20857 20898 W SharedPreferencesLogger: Tried to log unloggable object-1
08-09 15:30:58.165 20857 20898 W SharedPreferencesLogger: Tried to log unloggable objectfalse
08-09 15:30:58.167 20857 20898 W SharedPreferencesLogger: Tried to log unloggable object
08-09 15:30:58.170 20857 21037 W SharedPreferencesLogger: Tried to log unloggable object1
08-09 15:30:58.171 20857 20898 W SharedPreferencesLogger: Tried to log unloggable objecthide
08-09 15:30:58.180 20857 20898 W SharedPreferencesLogger: Tried to log unloggable object-1
08-09 15:30:58.187  5788  9304 I ProcessStatsService: Added stats: 2021-08-09-11-47-44, over +3h36m45s506ms
08-09 15:30:58.193 20857 20857 W pool-3-thread-1: type=1400 audit(0.0:451941): avc: denied { read } for name="pagetypeinfo" dev="proc" ino=4026531858 scontext=u:r:system_app:s0 tcontext=u:object_r:proc_pagetypeinfo:s0 tclass=file permissive=0
08-09 15:30:58.204 20857 20923 E ndroid.setting: Can't find memory status under: /sys/block/zram0/
08-09 15:30:58.207 20857 20923 W ProcStatsManager: No process com.google.android.configupdater/10029 for service com.google.android.configupdater.MainJobService
08-09 15:30:58.208 20857 20923 W ProcStatsManager: No process com.android.vending/10039 for service com.google.android.finsky.installservice.DevTriggeredUpdateService
08-09 15:30:58.208 20857 20923 W ProcStatsManager: No process com.android.vending:instant_app_installer/10039 for service com.google.android.finsky.instantapps.PhenotypeUpdateService
08-09 15:30:58.208 20857 20923 W ProcStatsManager: No process com.android.vending:download_service/10039 for service com.google.android.finsky.ipcservers.downloadservice.DownloadServiceGrpcServerAndroidService
08-09 15:30:58.208 20857 20923 W ProcStatsManager: No process com.android.vending:instant_app_installer/10039 for service com.google.android.finsky.instantapps.InstantAppsSharedPreferencesService
08-09 15:30:58.208 20857 20923 W ProcStatsManager: No process com.android.vending/10039 for service com.google.android.finsky.scheduler.process.mainimpl.PhoneskyJobServiceMain
08-09 15:30:58.208 20857 20923 W ProcStatsManager: No process com.android.vending/10039 for service com.google.android.finsky.billing.iab.InAppBillingService
08-09 15:30:58.208 20857 20923 W ProcStatsManager: No process com.android.vending:instant_app_installer/10039 for service com.google.android.finsky.instantapps.statussync.EnabledStatusSyncService
08-09 15:30:58.208 20857 20923 W ProcStatsManager: No process com.android.vending/10039 for service com.google.android.finsky.splitinstallservice.SplitInstallService
08-09 15:30:58.208 20857 20923 W ProcStatsManager: No process com.android.vending/10039 for service com.google.android.finsky.services.DetailsService
08-09 15:30:58.208 20857 20923 W ProcStatsManager: No process com.android.vending:instant_app_installer/10039 for service com.google.android.finsky.instantapps.hint.AppPreloadHygieneService
08-09 15:30:58.208 20857 20923 W ProcStatsManager: No process com.android.vending:instant_app_installer/10039 for service com.google.android.finsky.instantapps.dna.ArchivePrefetchService
08-09 15:30:58.208 20857 20923 W ProcStatsManager: No process com.bluproducts.activationapp/10041 for service com.bluproducts.activationapp.jobscheduler.WizardService
08-09 15:30:58.208 20857 20923 W ProcStatsManager: No process com.instagram.android/10119 for service com.facebook.video.heroplayer.service.MainProcHeroService
08-09 15:30:58.208 20857 20923 W ProcStatsManager: No process com.google.android.gm/10066 for service com.google.android.gm.provider.MailSyncAdapterService
08-09 15:30:58.209 20857 20923 W ProcStatsManager: No process com.google.android.gm/10066 for service com.google.android.libraries.hub.firebase.FirebaseMessagingServiceImpl
08-09 15:30:58.209 20857 20923 W ProcStatsManager: No process com.google.android.gm/10066 for service androidx.work.impl.background.systemjob.SystemJobService
08-09 15:30:58.209 20857 20923 W ProcStatsManager: No process com.android.settings.intelligence/10023 for service com.android.settings.intelligence.suggestions.SuggestionService
08-09 15:30:58.209 20857 20923 W ProcStatsManager: No process com.google.android.permissioncontroller/10181 for service com.android.packageinstaller.permission.service.PermissionControllerServiceImpl
08-09 15:30:58.209 20857 20923 W ProcStatsManager: No process com.google.android.apps.wellbeing/10024 for service androidx.work.impl.background.systemjob.SystemJobService
08-09 15:30:58.209 20857 20923 W ProcStatsManager: No process com.google.android.apps.nbu.files/10037 for service com.google.android.apps.nbu.files.notifications.NotificationService
08-09 15:30:58.209 20857 20923 W ProcStatsManager: No process com.google.android.apps.docs/10084 for service com.google.android.libraries.notifications.entrypoints.scheduled.ScheduledTaskService
08-09 15:30:58.209 20857 20923 W ProcStatsManager: No process com.google.android.apps.docs/10084 for service com.google.android.libraries.internal.growth.growthkit.internal.jobs.impl.GrowthKitJobService
08-09 15:30:58.209 20857 20923 W ProcStatsManager: No process com.google.android.apps.docs/10084 for service com.google.android.apps.docs.drive.ipcservice.DriveIpcService
08-09 15:30:58.209 20857 20923 W ProcStatsManager: No process com.google.android.webview:sandboxed_process0/10016 for service org.chromium.content.app.SandboxedProcessService0
08-09 15:30:58.209 20857 20923 W ProcStatsManager: No process com.google.android.webview:sandboxed_process0/10044 for service org.chromium.content.app.SandboxedProcessService0
08-09 15:30:58.209 20857 20923 W ProcStatsManager: No process com.google.android.webview:webview_service/10058 for service org.chromium.android_webview.services.MetricsBridgeService
08-09 15:30:58.209 20857 20923 W ProcStatsManager: No process com.google.android.webview:webview_service/10058 for service org.chromium.android_webview.services.VariationsSeedServer
08-09 15:30:58.209 20857 20923 W ProcStatsManager: No process com.google.android.webview:sandboxed_process0/10066 for service org.chromium.content.app.SandboxedProcessService0
08-09 15:30:58.209 20857 20923 W ProcStatsManager: No process com.google.android.webview:sandboxed_process0/10105 for service org.chromium.content.app.SandboxedProcessService0
08-09 15:30:58.209 20857 20923 W ProcStatsManager: No process com.google.android.webview:sandboxed_process0/10113 for service org.chromium.content.app.SandboxedProcessService0
08-09 15:30:58.209 20857 20923 W ProcStatsManager: No process com.android.chrome:sandboxed_process0/10088 for service org.chromium.content.app.SandboxedProcessService0
08-09 15:30:58.209 20857 20923 W ProcStatsManager: No process com.android.chrome:privileged_process3/10088 for service org.chromium.content.app.PrivilegedProcessService3
08-09 15:30:58.209 20857 20923 W ProcStatsManager: No process com.google.android.partnersetup/10010 for service com.google.android.partnersetup.InstalledAppJobService
08-09 15:30:58.209 20857 20923 W ProcStatsManager: No process com.google.android.apps.photos/10096 for service com.google.android.libraries.notifications.entrypoints.scheduled.ScheduledTaskService
08-09 15:30:58.209 20857 20923 W ProcStatsManager: No process com.google.android.apps.photos/10096 for service androidx.work.impl.background.systemjob.SystemJobService
08-09 15:30:58.209 20857 20923 W ProcStatsManager: No process com.linkedin.android/10120 for service com.linkedin.android.l2m.notification.NotificationListenerService
08-09 15:30:58.209 20857 20923 W ProcStatsManager: No process com.linkedin.android/10120 for service androidx.work.impl.background.systemjob.SystemJobService
08-09 15:30:58.210 20857 20923 W ProcStatsManager: No process com.google.android.projection.gearhead:shared/10192 for service com.google.android.gearhead.service.SharedService
08-09 15:30:58.210 20857 20923 W ProcStatsManager: No process com.google.android.projection.gearhead:car/10192 for service com.google.android.apps.auto.carservice.service.impl.GearheadCarStartupService
08-09 15:30:58.210 20857 20923 W ProcStatsManager: No process me.mycake/10113 for service com.dieam.reactnativepushnotification.modules.RNPushNotificationListenerService
08-09 15:30:58.210 20857 20923 W ProcStatsManager: No process com.digitalturbine.android.apps.news.blu/10135 for service com.google.firebase.auth.api.fallback.service.FirebaseAuthFallbackService
08-09 15:30:58.210 20857 20923 W ProcStatsManager: No process com.digitalturbine.android.apps.news.blu/10135 for service androidx.work.impl.background.systemjob.SystemJobService
08-09 15:30:58.210 20857 20923 W ProcStatsManager: No process com.mediatek.cellbroadcastreceiver/1000 for service com.mediatek.cellbroadcastreceiver.CellBroadcastConfigService
08-09 15:30:58.210 20857 20923 W ProcStatsManager: No process com.handmark.expressweather/10105 for service com.moengage.pushamp.internal.PushAmpSyncJob
08-09 15:30:58.210 20857 20923 W ProcStatsManager: No process com.handmark.expressweather/10105 for service com.moengage.firebase.MoEFireBaseMessagingService
08-09 15:30:58.210 20857 20923 W ProcStatsManager: No process com.handmark.expressweather/10105 for service com.handmark.expressweather.jobtasks.JobWeatherService
08-09 15:30:58.210 20857 20923 W ProcStatsManager: No process com.handmark.expressweather/10105 for service com.moengage.core.DataSyncJob
08-09 15:30:58.210 20857 20923 W ProcStatsManager: No process com.handmark.expressweather/10105 for service com.handmark.expressweather.data.UpdateService
08-09 15:30:58.210 20857 20923 W ProcStatsManager: No process com.handmark.expressweather/10105 for service androidx.work.impl.background.systemjob.SystemJobService
