08-09 15:31:05.803  5349  5349 I hwcomposer: [HWCDisplay] [Display_0 (type:1)] fps:54.898880,dur:1001.84,max:100.60,min:2.90  
08-09 15:31:05.874  5477  5582 D AAL     : 08-09 03:31:05.807 BL= 605,ESS= 256, 08-09 03:31:05.841 BL= 604,ESS= 256, 08-09 03:31:05.841 BL= 603,ESS= 256, 08-09 03:31:05.857 BL= 602,ESS= 256, 08-09 03:31:05.874 BL= 601,ESS= 256, 
08-09 15:31:05.973  5477  5582 D AAL     : 08-09 03:31:05.890 BL= 600,ESS= 256, 08-09 03:31:05.907 BL= 599,ESS= 256, 08-09 03:31:05.923 BL= 598,ESS= 256, 08-09 03:31:05.956 BL= 597,ESS= 256, 08-09 03:31:05.973 BL= 596,ESS= 256, 
08-09 15:31:06.003 13841 16889 D Surface : Surface::disconnect(this=0x7b68916000,api=1)
08-09 15:31:06.003  5385  5883 I BufferQueueProducer: [com.whatsapp/com.whatsapp.HomeActivity#0](this:0x729a58f800,id:3533,api:1,p:13841,c:5385) disconnect(P): api 1
08-09 15:31:06.019  9769  9815 E nightwatch-target: lmkd signal waiters
08-09 15:31:06.020 13841 13841 V PhoneWindow: DecorView setVisiblity: visibility = 4, Parent = android.view.ViewRootImpl@4392834, this = DecorView@c8a1921[HomeActivity]
08-09 15:31:06.056  5477  5582 D AAL     : 08-09 03:31:05.989 BL= 595,ESS= 256, 08-09 03:31:06.011 BL= 594,ESS= 256, 08-09 03:31:06.023 BL= 593,ESS= 256, 08-09 03:31:06.039 BL= 592,ESS= 256, 08-09 03:31:06.056 BL= 591,ESS= 256, 
08-09 15:31:06.066  5385  5385 I BufferQueue: [com.whatsapp/com.whatsapp.HomeActivity#0](this:0x729a58f800,id:3533,api:1,p:-1,c:-1) ~BufferQueueCore
08-09 15:31:06.155  5477  5582 D AAL     : 08-09 03:31:06.072 BL= 590,ESS= 256, 08-09 03:31:06.089 BL= 589,ESS= 256, 08-09 03:31:06.105 BL= 588,ESS= 256, 08-09 03:31:06.122 BL= 587,ESS= 256, 08-09 03:31:06.155 BL= 586,ESS= 256, 
08-09 15:31:06.169  6176  6263 D NetworkTypeUtils: nrState = -1
08-09 15:31:06.238  5477  5582 D AAL     : 08-09 03:31:06.172 BL= 585,ESS= 256, 08-09 03:31:06.188 BL= 584,ESS= 256, 08-09 03:31:06.205 BL= 583,ESS= 256, 08-09 03:31:06.222 BL= 582,ESS= 256, 08-09 03:31:06.238 BL= 581,ESS= 256, 
08-09 15:31:06.304  5477  5582 D AAL     : 08-09 03:31:06.254 BL= 580,ESS= 256, 08-09 03:31:06.271 BL= 579,ESS= 256, 
08-09 15:31:06.333  5385  5883 I BufferQueueProducer: [NavigationBar0#0](this:0x729a514000,id:3520,api:1,p:6176,c:5385) queueBuffer: fps=60.52 dur=1007.98 max=18.34 min=14.21
08-09 15:31:06.559  9769  9815 E nightwatch-target: lmkd signal waiters
08-09 15:31:06.617  5385  5512 I BufferQueueProducer: [com.whatsapp/com.whatsapp.Conversation#0](this:0x729a4ec800,id:3534,api:1,p:13841,c:5385) queueBuffer: fps=21.83 dur=1007.72 max=491.28 min=5.50
08-09 15:31:06.677 13841 13841 D DecorView: disable sliding action of three fingers, ScreenShot & SplitScreen
08-09 15:31:06.684  5788  5978 D PrizePhoneWidowManager: SystemGesturesPointerEventListener swip =0
08-09 15:31:06.700  5788  5978 I chatty  : uid=1000(system) InputReader identical 2 lines
08-09 15:31:06.709  5788  5978 D PrizePhoneWidowManager: SystemGesturesPointerEventListener swip =0
08-09 15:31:06.747  5788 14538 D ActivityTaskManager: fingerprintlock startActivityMayWait caller :android.app.IApplicationThread$Stub$Proxy@49e6f87,resultTo:Token{4555bec ActivityRecord{3128e9f u0 com.whatsapp/.Conversation t13694}},resultWho:null,requestCode:-1,callingPid:-1,callingUid:-1,inTask:null
08-09 15:31:06.747  5788 14538 D ActivityTaskManager: fingerprintlock startActivityMayWait srcintent:Intent { act=android.intent.action.VIEW dat=https://220.lv/... cmp=com.android.chrome/com.google.android.apps.chrome.IntentDispatcher (has extras) },flag:0,aInfo:ActivityInfo{6daceb4 com.google.android.apps.chrome.IntentDispatcher},Starter:com.android.server.wm.ActivityStarter@e9ce03e,reason:startActivityAsUser
08-09 15:31:06.747  5788 14538 D ActivityTaskManager: fingerprintlock startActivityMayWait callerapp:ProcessRecord{dcd4199 13841:com.whatsapp/u0a118},bindercallingpid:-1
08-09 15:31:06.747  5788 14538 D ActivityTaskManager: fingerprintlock startActivityMayWait2 caller :android.app.IApplicationThread$Stub$Proxy@49e6f87,resultTo:Token{4555bec ActivityRecord{3128e9f u0 com.whatsapp/.Conversation t13694}},resultWho:null,requestCode:-1,callingPid:-1,callingUid:-1
08-09 15:31:06.747  5788 14538 I ActivityTaskManager: START u0 {act=android.intent.action.VIEW dat=https://220.lv/... cmp=com.android.chrome/com.google.android.apps.chrome.IntentDispatcher (has extras)} from uid 10118
08-09 15:31:06.765  5374  5398 I power@1.3-impl: powerHintInternal hint:8, data:1
08-09 15:31:06.766  5374  5397 I libPowerHal: 8: cpu_ctrl set freq: 1989000 -1 1989000 -1
08-09 15:31:06.766  5788 14538 D PowerHalWrapper: <amsBoostResume> last:com.whatsapp, next:com.android.chrome 
08-09 15:31:06.776  5788 14538 D PowerHalWrapper: amsBoostNotify pid:22759,activity:com.google.android.apps.chrome.IntentDispatcher, package:com.android.chrome, mProcessCreatePackcom.android.settings 
08-09 15:31:06.776  5788 14538 D PowerHalWrapper: amsBoostNotify AMS_BOOST_PROCESS_CREATE_BOOST:false 
08-09 15:31:06.777  5374  5397 I libPowerHal: [perfNotifyAppState] foreground:com.android.chrome, pid:22759, uid:10088
08-09 15:31:06.777  5374  5397 E UxUtility: notifyAppState error = NULL
08-09 15:31:06.777  5374  5397 I powerd  : [powerd_req] POWER_MSG_NOTIFY_STATE, pc:0, com.whatsapp => com.android.chrome
08-09 15:31:06.783 22759 22759 W ActivityThread: handleWindowVisibility: no activity for token android.os.BinderProxy@3520381
08-09 15:31:06.792  5788  5832 D AppOps  : checkOperation: uid reject #1 for code 0 uid 10036 package com.google.android.dialer
08-09 15:31:06.796  5788  5832 D GnssLocationProvider: setRequest ProviderRequest[OFF]
08-09 15:31:06.810  5349  5349 I hwcomposer: [HWCDisplay] [Display_0 (type:1)] fps:60.571762,dur:1007.07,max:21.02,min:10.61  
08-09 15:31:06.850  5477  5582 D AAL     : 08-09 03:31:06.751 BL= 580,ESS= 256, 08-09 03:31:06.768 BL= 581,ESS= 256, 08-09 03:31:06.801 BL= 582,ESS= 256, 08-09 03:31:06.817 BL= 581,ESS= 256, 08-09 03:31:06.850 BL= 580,ESS= 256, 
08-09 15:31:06.883  5477  5582 D AAL     : 08-09 03:31:06.867 BL= 579,ESS= 256, 
08-09 15:31:06.954  5788 14538 D MtkConnectivityService: requestNetwork for uid/pid:10088/22759 NetworkRequest [ TRACK_DEFAULT id=1732, [ Capabilities: INTERNET&NOT_RESTRICTED&TRUSTED Uid: 10088] ]
08-09 15:31:06.954  5788  6157 D Ethernet: got request NetworkRequest [ TRACK_DEFAULT id=1732, [ Capabilities: INTERNET&NOT_RESTRICTED&TRUSTED Uid: 10088] ] with score 60 and serial -1
08-09 15:31:06.954  5788  6028 D WifiNetworkFactory: got request NetworkRequest [ TRACK_DEFAULT id=1732, [ Capabilities: INTERNET&NOT_RESTRICTED&TRUSTED Uid: 10088] ] with score 60 and serial -1
08-09 15:31:06.955  5788  6028 D UntrustedWifiNetworkFactory: got request NetworkRequest [ TRACK_DEFAULT id=1732, [ Capabilities: INTERNET&NOT_RESTRICTED&TRUSTED Uid: 10088] ] with score 60 and serial -1
08-09 15:31:06.955  6342  6342 D PhoneSwitcherNetworkRequstListener: got request NetworkRequest [ TRACK_DEFAULT id=1732, [ Capabilities: INTERNET&NOT_RESTRICTED&TRUSTED Uid: 10088] ] with score 60 and serial -1
08-09 15:31:06.987 22759 22759 I cr_OfflineDetector: Running updateState mConnectivityDetectorInitialized: true, mTimeWhenLastForegrounded: 277768760, getElapsedTime: 277768760, mTimeWhenLastOfflineNotificationReceived: 0, mTimeWhenLastOnline: 275015681, mApplicationState: 1, mIsOfflineLastReportedByConnectivityDetector: false, mIsEffectivelyOffline: false
08-09 15:31:06.987 22759 22759 I cr_OfflineDetector: updateState(): timeSinceLastForeground: 0, timeSinceOfflineNotificationReceived: 277768760, timeSinceLastOnline: 2753079, timeNeededForForeground: 2000, timeNeededForOffline: -277766760
08-09 15:31:07.027 22759 22759 I cr_InstantAppsHandler: Package manager handles intents on O+, not handling in Chrome
08-09 15:31:07.033  5788  9202 D ActivityTaskManager: fingerprintlock startActivityMayWait caller :android.app.IApplicationThread$Stub$Proxy@ce6d9b,resultTo:Token{9db2652 ActivityRecord{95d0add u0 com.android.chrome/com.google.android.apps.chrome.IntentDispatcher t13694}},resultWho:null,requestCode:-1,callingPid:-1,callingUid:-1,inTask:null
08-09 15:31:07.033  5788  9202 D ActivityTaskManager: fingerprintlock startActivityMayWait srcintent:Intent { act=android.intent.action.VIEW dat=https://220.lv/... flg=0x14002000 cmp=com.android.chrome/org.chromium.chrome.browser.ChromeTabbedActivity (has extras) },flag:14002000,aInfo:ActivityInfo{e2c1538 org.chromium.chrome.browser.ChromeTabbedActivity},Starter:com.android.server.wm.ActivityStarter@e9ce03e,reason:startActivityAsUser
08-09 15:31:07.033  5788  9202 D ActivityTaskManager: fingerprintlock startActivityMayWait callerapp:ProcessRecord{ae7c75c 22759:com.android.chrome/u0a88},bindercallingpid:-1
08-09 15:31:07.033  5788  9202 D ActivityTaskManager: fingerprintlock startActivityMayWait2 caller :android.app.IApplicationThread$Stub$Proxy@ce6d9b,resultTo:Token{9db2652 ActivityRecord{95d0add u0 com.android.chrome/com.google.android.apps.chrome.IntentDispatcher t13694}},resultWho:null,requestCode:-1,callingPid:-1,callingUid:-1
08-09 15:31:07.033  5788  9202 I ActivityTaskManager: START u0 {act=android.intent.action.VIEW dat=https://220.lv/... flg=0x14002000 cmp=com.android.chrome/org.chromium.chrome.browser.ChromeTabbedActivity (has extras)} from uid 10088
08-09 15:31:07.037  5788  9202 D PowerHalWrapper: <amsBoostResume> last:com.android.chrome, next:com.android.chrome 
08-09 15:31:07.040  5788  9202 D ActivityTaskManager: fingerprintlock bakeupSelectRecord r:ActivityRecord{95d0add u0 com.android.chrome/com.google.android.apps.chrome.IntentDispatcher t13694},toHomeActivity:null
08-09 15:31:07.056  5788  9202 I LongScreenshotHelper: mActivityRecord = ActivityRecord{95d0add u0 com.android.chrome/com.google.android.apps.chrome.IntentDispatcher t13694 f} mPrizeApplication = android.app.IPrizeApplicationThread$Stub$Proxy@57e8839
08-09 15:31:07.073  5788 14538 D PowerHalWrapper: amsBoostNotify pid:22759,activity:org.chromium.chrome.browser.ChromeTabbedActivity, package:com.android.chrome, mProcessCreatePackcom.android.settings 
08-09 15:31:07.073  5788 14538 D PowerHalWrapper: amsBoostNotify AMS_BOOST_PROCESS_CREATE_BOOST:false 
08-09 15:31:07.080  5383  5383 I lowmemorykiller: 8 memory pressure events were skipped after a kill!
08-09 15:31:07.099  9769  9815 E nightwatch-target: lmkd signal waiters
08-09 15:31:07.213  5383  5383 I lowmemorykiller: 5 memory pressure events were skipped after a kill!
08-09 15:31:07.363  5477  5582 D AAL     : 08-09 03:31:07.347 BL= 578,ESS= 256, 
08-09 15:31:07.381  5383  5383 I lowmemorykiller: 9 memory pressure events were skipped after a kill!
08-09 15:31:07.392  5788  6282 D MtkConnectivityService: Returning UNBLOCKED NetworkInfo to uid=10088
08-09 15:31:07.403 22759 22759 V PhoneWindow: DecorView setVisiblity: visibility = 0, Parent = android.view.ViewRootImpl@15b1ee9, this = DecorView@86d576e[ChromeTabbedActivity]
08-09 15:31:07.403  5788  6282 I LongScreenshotHelper: mActivityRecord = ActivityRecord{1e63cef u0 com.android.chrome/org.chromium.chrome.browser.ChromeTabbedActivity t13696} mPrizeApplication = android.app.IPrizeApplicationThread$Stub$Proxy@57e8839
08-09 15:31:07.455 18934 18954 I tflite  : Initialized TensorFlow Lite runtime.
08-09 15:31:07.457 18887 18907 I tflite  : Initialized TensorFlow Lite runtime.
08-09 15:31:07.470  5788  6282 I WindowManager: Relayout Window{8d09719 u0 com.android.chrome/org.chromium.chrome.browser.ChromeTabbedActivity}: oldVis=8 newVis=0 focusMayChange = true
08-09 15:31:07.473  5385  5512 I BufferQueue: [unnamed-5385-3535](this:0x72b5c5b000,id:3535,api:0,p:-1,c:-1) BufferQueue core=(5385:/system/bin/surfaceflinger)
08-09 15:31:07.473  5385  5512 I BufferQueueConsumer: [unnamed-5385-3535](this:0x72b5c5b000,id:3535,api:0,p:-1,c:5385) connect(C): consumer=(5385:/system/bin/surfaceflinger) controlledByApp=false
08-09 15:31:07.473  5385  5512 I BufferQueueConsumer: [unnamed-5385-3535](this:0x72b5c5b000,id:3535,api:0,p:-1,c:5385) setConsumerName: unnamed-5385-3535
08-09 15:31:07.473  5385  5512 I BufferQueueConsumer: [com.android.chrome/org.chromium.chrome.browser.ChromeTabbedActivity#0](this:0x72b5c5b000,id:3535,api:0,p:-1,c:5385) setConsumerName: com.android.chrome/org.chromium.chrome.browser.ChromeTabbedActivity#0
08-09 15:31:07.473  5385  5512 I BufferQueueConsumer: [com.android.chrome/org.chromium.chrome.browser.ChromeTabbedActivity#0](this:0x72b5c5b000,id:3535,api:0,p:-1,c:5385) setDefaultBufferSize: width=1080 height=2340
08-09 15:31:07.482  5383  5383 I lowmemorykiller: 3 memory pressure events were skipped after a kill!
08-09 15:31:07.484 22759 18779 D Surface : Surface::connect(this=0xd9d2c000,api=1)
08-09 15:31:07.484  5385  5482 I BufferQueue: [com.android.chrome/org.chromium.chrome.browser.ChromeTabbedActivity#0](this:0x729af2b000,id:3476,api:1,p:-1,c:-1) ~BufferQueueCore
08-09 15:31:07.485  5385  5512 I BufferQueueProducer: [com.android.chrome/org.chromium.chrome.browser.ChromeTabbedActivity#0](this:0x72b5c5b000,id:3535,api:1,p:22759,c:5385) connect(P): api=1 producer=(22759:com.android.chrome) producerControlledByApp=false
08-09 15:31:07.486 22759 18779 D mali_winsys: EGLint new_window_surface(egl_winsys_display *, void *, EGLSurface, EGLConfig, egl_winsys_surface **, EGLBoolean) returns 0x3000
08-09 15:31:07.486 22759 18779 D Surface : Surface::setBufferCount(this=0xd9d2c000,bufferCount=3)
08-09 15:31:07.501  5385  5512 I SurfaceFlinger: [SF client] NEW(0x72b5d862c0) for (22759:com.android.chrome)
08-09 15:31:07.502  5385  5512 I BufferQueue: [unnamed-5385-3536](this:0x72b5cd4000,id:3536,api:0,p:-1,c:-1) BufferQueue core=(5385:/system/bin/surfaceflinger)
08-09 15:31:07.503  5385  5512 I BufferQueueConsumer: [unnamed-5385-3536](this:0x72b5cd4000,id:3536,api:0,p:-1,c:5385) connect(C): consumer=(5385:/system/bin/surfaceflinger) controlledByApp=false
08-09 15:31:07.503  5385  5512 I BufferQueueConsumer: [unnamed-5385-3536](this:0x72b5cd4000,id:3536,api:0,p:-1,c:5385) setConsumerName: unnamed-5385-3536
08-09 15:31:07.503  5385  5512 I BufferQueueConsumer: [Bounds for - com.android.chrome/org.chromium.chrome.browser.ChromeTabbedActivity#0](this:0x72b5cd4000,id:3536,api:0,p:-1,c:5385) setConsumerName: Bounds for - com.android.chrome/org.chromium.chrome.browser.ChromeTabbedActivity#0
08-09 15:31:07.504  5385  5883 I SurfaceFlinger: [SF client] NEW(0x729af28dc0) for (22759:com.android.chrome)
08-09 15:31:07.504  5385  5883 I BufferQueue: [unnamed-5385-3537](this:0x7298ab1000,id:3537,api:0,p:-1,c:-1) BufferQueue core=(5385:/system/bin/surfaceflinger)
08-09 15:31:07.505  5385  5883 I BufferQueueConsumer: [unnamed-5385-3537](this:0x7298ab1000,id:3537,api:0,p:-1,c:5385) connect(C): consumer=(5385:/system/bin/surfaceflinger) controlledByApp=false
08-09 15:31:07.505  5385  5883 I BufferQueueConsumer: [unnamed-5385-3537](this:0x7298ab1000,id:3537,api:0,p:-1,c:5385) setConsumerName: unnamed-5385-3537
08-09 15:31:07.505  5385  5883 I BufferQueueConsumer: [SurfaceView - com.android.chrome/org.chromium.chrome.browser.ChromeTabbedActivity#0](this:0x7298ab1000,id:3537,api:0,p:-1,c:5385) setConsumerName: SurfaceView - com.android.chrome/org.chromium.chrome.browser.ChromeTabbedActivity#0
08-09 15:31:07.505  5385  5883 I BufferQueueConsumer: [SurfaceView - com.android.chrome/org.chromium.chrome.browser.ChromeTabbedActivity#0](this:0x7298ab1000,id:3537,api:0,p:-1,c:5385) setDefaultBufferSize: width=1080 height=2112
08-09 15:31:07.506 22759 22759 E cr_CompositorSurfaceMgr: surfaceCreated format : 0
08-09 15:31:07.558 22759 19789 I cr_OPArchivePublisher: ADM threw while trying to remove a download. java.lang.IllegalArgumentException: input param 'ids' can't be null
08-09 15:31:07.568 22759 22759 I cr_tabmodel: Appending tabs being restored to metadata lists, 0, startingNormalCount: 5, startingIncognitoCount: 0
08-09 15:31:07.568 22759 22759 I cr_tabmodel: Serializing tab lists; counts: 5, 0
08-09 15:31:07.570  5385  7030 I SurfaceFlinger: [SF client] NEW(0x72b5d86200) for (16588:com.android.chrome:privileged_process4)
08-09 15:31:07.582  8833  8833 I GoogleInputMethodService: GoogleInputMethodService.onFinishInput():3410 
08-09 15:31:07.582  8833  8833 I GoogleInputMethodService: GoogleInputMethodService.onStartInput():1994 
08-09 15:31:07.583  8833  8833 I DeviceUnlockedTag: DeviceUnlockedTag.notifyDeviceLockStatusChanged():31 Notify device unlocked.
08-09 15:31:07.583  5383  5383 I lowmemorykiller: 10 memory pressure events were skipped after a kill!
08-09 15:31:07.586  5788 14538 D PowerHalWrapper: amsBoostStop AMS_BOOST_PACK_SWITCH:true, AMS_BOOST_ACT_SWITCH:true, AMS_BOOST_PROCESS_CREATE:false 
08-09 15:31:07.587  5448  5448 W ServiceManager: Permission failure: android.permission.NETWORK_STACK from uid=1073 pid=6256
08-09 15:31:07.587  5374  5398 I power@1.3-impl: powerHintInternal hint:8, data:0
08-09 15:31:07.592  5374  5397 I libPowerHal: 33: cpu_ctrl set freq: -1 -1 -1 -1
08-09 15:31:07.598  5448  5448 I netd    : setProcSysNet(4, 2, "wlan0", "retrans_time_ms", "750") <11.51ms>
08-09 15:31:07.600  5448  5448 W ServiceManager: Permission failure: android.permission.NETWORK_STACK from uid=1073 pid=6256
08-09 15:31:07.601  5448  5448 I netd    : setProcSysNet(4, 2, "wlan0", "ucast_solicit", "10") <1.27ms>
08-09 15:31:07.602  5448  5821 W ServiceManager: Permission failure: android.permission.NETWORK_STACK from uid=1073 pid=6256
08-09 15:31:07.602  5448  5821 I netd    : setProcSysNet(6, 2, "wlan0", "retrans_time_ms", "750") <0.82ms>
08-09 15:31:07.603  5448  5821 W ServiceManager: Permission failure: android.permission.NETWORK_STACK from uid=1073 pid=6256
08-09 15:31:07.606  5448  5821 I netd    : setProcSysNet(6, 2, "wlan0", "ucast_solicit", "10") <0.72ms>
08-09 15:31:07.639  9769  9815 E nightwatch-target: lmkd signal waiters
08-09 15:31:07.719  5385  5482 I SurfaceFlinger: screenshot createGraphicBuffer
08-09 15:31:07.734  5385  5385 I SurfaceFlinger: screenshot (com.whatsapp/com.whatsapp.Conversation#0)
08-09 15:31:07.737  5383  5383 I lowmemorykiller: 7 memory pressure events were skipped after a kill!
08-09 15:31:07.757  5385  5482 I BufferQueueProducer: [NavigationBar0#0](this:0x729a514000,id:3520,api:1,p:6176,c:5385) queueBuffer: fps=21.76 dur=1424.41 max=926.63 min=13.68
08-09 15:31:07.760 22759 18779 D Surface : Surface::disconnect(this=0xd9d2c000,api=1)
08-09 15:31:07.761  5385  5883 I BufferQueueProducer: [com.android.chrome/org.chromium.chrome.browser.ChromeTabbedActivity#0](this:0x72b5c5b000,id:3535,api:1,p:22759,c:5385) disconnect(P): api 1
08-09 15:31:07.762  5788  5843 I ActivityTaskManager: Displayed com.android.chrome/org.chromium.chrome.browser.ChromeTabbedActivity: +995ms
08-09 15:31:07.764 22759 18779 D Surface : Surface::connect(this=0xd9d2c000,api=1)
08-09 15:31:07.764  5385  5883 I BufferQueueProducer: [com.android.chrome/org.chromium.chrome.browser.ChromeTabbedActivity#0](this:0x72b5c5b000,id:3535,api:1,p:22759,c:5385) connect(P): api=1 producer=(22759:com.android.chrome) producerControlledByApp=false
08-09 15:31:07.765 22759 18779 D mali_winsys: EGLint new_window_surface(egl_winsys_display *, void *, EGLSurface, EGLConfig, egl_winsys_surface **, EGLBoolean) returns 0x3000
08-09 15:31:07.765 22759 18779 D Surface : Surface::setBufferCount(this=0xd9d2c000,bufferCount=3)
08-09 15:31:07.776  5385  5385 I BufferQueueProducer: [FramebufferSurface](this:0x72aa442800,id:0,api:1,p:5385,c:5385) queueBuffer: fps=1.43 dur=5594.59 max=5481.10 min=12.93
08-09 15:31:07.813  5349  5349 I hwcomposer: [HWCDisplay] [Display_0 (type:1)] fps:36.910820,dur:1002.42,max:200.78,min:12.94  
08-09 15:31:07.859  5788  6028 E WifiVendorHal: getWifiLinkLayerStats_1_3_Internal(l.927) failed {.code = ERROR_NOT_SUPPORTED, .description = }
08-09 15:31:07.877  5477  5582 D AAL     : 08-09 03:31:07.816 BL= 579,ESS= 256, 08-09 03:31:07.827 BL= 580,ESS= 256, 08-09 03:31:07.844 BL= 581,ESS= 256, 08-09 03:31:07.860 BL= 582,ESS= 256, 08-09 03:31:07.877 BL= 583,ESS= 256, 
08-09 15:31:07.977  5477  5582 D AAL     : 08-09 03:31:07.910 BL= 582,ESS= 256, 08-09 03:31:07.927 BL= 581,ESS= 256, 08-09 03:31:07.943 BL= 579,ESS= 256, 08-09 03:31:07.960 BL= 578,ESS= 256, 08-09 03:31:07.977 BL= 576,ESS= 256, 
08-09 15:31:08.076  5349  5606 W hwcomposer: [OVL] (0) No overlay input queue(1)  
08-09 15:31:08.076  5349  5606 I hwcomposer: [DBQ] (q2:0x7ee8a9f700) Buffer queue is created with size(3)  
08-09 15:31:08.077  5349  5606 I hwcomposer: [DBQ] (q2:0x7ee8a9f700) setConsumerListener  
08-09 15:31:08.077  5349  5606 I hwcomposer: [DBQ] (q2:0x7ee8a9f700) Reallocate Slot(0), pool(0 -> 0) size(0 -> 10108800)  
08-09 15:31:08.094  5349  5606 I hwcomposer: [DBQ] (q2:0x7ee8a9f700) Reallocate Slot(1), pool(0 -> 0) size(0 -> 10108800)  
08-09 15:31:08.103  5383  5383 I lowmemorykiller: 2 memory pressure events were skipped after a kill!
08-09 15:31:08.107  5349  5606 I hwcomposer: [DBQ] (q2:0x7ee8a9f700) Reallocate Slot(2), pool(0 -> 0) size(0 -> 10108800)  
08-09 15:31:08.109  5477  5582 D AAL     : 08-09 03:31:07.993 BL= 575,ESS= 256, 08-09 03:31:08.009 BL= 573,ESS= 256, 08-09 03:31:08.076 BL= 572,ESS= 256, 08-09 03:31:08.092 BL= 571,ESS= 256, 08-09 03:31:08.109 BL= 570,ESS= 256, 
08-09 15:31:08.179  9769  9815 E nightwatch-target: lmkd signal waiters
08-09 15:31:08.208  5477  5582 D AAL     : 08-09 03:31:08.143 BL= 568,ESS= 256, 08-09 03:31:08.158 BL= 567,ESS= 256, 08-09 03:31:08.175 BL= 565,ESS= 256, 08-09 03:31:08.192 BL= 564,ESS= 256, 08-09 03:31:08.208 BL= 562,ESS= 256, 
08-09 15:31:08.283  6176  6176 D fast_charge: BatteryTracker---->level--->65---plugType--->2---plugged--->true---health--->2---status--->2---technology--->Li-ion---voltage--->3999---temperature--->317
08-09 15:31:08.283  6176  6176 I FlashlightTile: battery level = 65
08-09 15:31:08.291  5477  5582 D AAL     : 08-09 03:31:08.225 BL= 561,ESS= 256, 08-09 03:31:08.241 BL= 560,ESS= 256, 08-09 03:31:08.258 BL= 558,ESS= 256, 08-09 03:31:08.274 BL= 557,ESS= 256, 08-09 03:31:08.291 BL= 555,ESS= 256, 
08-09 15:31:08.302  6176  6176 D StatusBarKeyguardViewManager: updateLockIcon lockVisible force false 
08-09 15:31:08.309  5349  5606 I hwcomposer: [OVL] (0) Overlay input(1) was used with queue previously  
08-09 15:31:08.309  5349  5606 I hwcomposer: [DBQ] (q2:0x7ee8a9f700) Buffer queue is destroyed  
08-09 15:31:08.309  5349  5606 I hwcomposer: [DBQ] (q2:0x7ee8a9f700) Free Slot(0), handle=0x7eea911280, 10108800 -> 0  
08-09 15:31:08.309  5349  5606 I hwcomposer: [DBQ] (q2:0x7ee8a9f700) Free Slot(1), handle=0x7eea912cc0, 10108800 -> 0  
08-09 15:31:08.309  5349  5606 I hwcomposer: [DBQ] (q2:0x7ee8a9f700) Free Slot(2), handle=0x7eea912e00, 10108800 -> 0  
08-09 15:31:08.311  5385  5512 I BufferQueueProducer: [StatusBar#0](this:0x72b5c5f800,id:6,api:1,p:6176,c:5385) queueBuffer: fps=0.59 dur=3412.98 max=3400.41 min=12.56
08-09 15:31:08.335 13841 16889 D Surface : Surface::disconnect(this=0x7b43f64000,api=1)
08-09 15:31:08.336  5385  5883 I BufferQueueProducer: [com.whatsapp/com.whatsapp.Conversation#0](this:0x729a4ec800,id:3534,api:1,p:13841,c:5385) disconnect(P): api 1
08-09 15:31:08.347 13841 16889 I GED     : ged_boost_gpu_freq, level 100, eOrigin 2, final_idx 15, oppidx_max 15, oppidx_min 0
08-09 15:31:08.354  5788 15851 I GED     : ged_boost_gpu_freq, level 100, eOrigin 2, final_idx 15, oppidx_max 15, oppidx_min 0
08-09 15:31:08.355 13841 13841 V PhoneWindow: DecorView setVisiblity: visibility = 4, Parent = android.view.ViewRootImpl@80724bc, this = DecorView@21f9f90[Conversation]
08-09 15:31:08.399  5385  5385 I BufferQueue: [com.whatsapp/com.whatsapp.Conversation#0](this:0x729a4ec800,id:3534,api:1,p:-1,c:-1) ~BufferQueueCore
08-09 15:31:08.557  5477  5582 D AAL     : 08-09 03:31:08.358 BL= 556,ESS= 256, 08-09 03:31:08.409 BL= 557,ESS= 256, 08-09 03:31:08.456 BL= 558,ESS= 256, 08-09 03:31:08.506 BL= 559,ESS= 256, 08-09 03:31:08.556 BL= 560,ESS= 256, 
08-09 15:31:08.697  5788  5804 I system_server: NativeAlloc concurrent copying GC freed 35170(1767KB) AllocSpace objects, 6(312KB) LOS objects, 13% free, 37MB/43MB, paused 220us total 305.326ms
08-09 15:31:08.701  5788  5806 W System  : A resource failed to call release. 
08-09 15:31:08.701  5385  5512 I BufferQueue: [SnapshotStartingWindow for taskId=13687#0](this:0x72b5d58000,id:3513,api:2,p:-1,c:-1) ~BufferQueueCore
08-09 15:31:08.719  9769  9815 E nightwatch-target: lmkd signal waiters
08-09 15:31:08.721  5477  5582 D AAL     : 08-09 03:31:08.606 BL= 561,ESS= 256, 08-09 03:31:08.655 BL= 562,ESS= 256, 08-09 03:31:08.672 BL= 561,ESS= 256, 08-09 03:31:08.705 BL= 560,ESS= 256, 08-09 03:31:08.721 BL= 559,ESS= 256, 
08-09 15:31:08.760  5385  5883 I BufferQueueProducer: [NavigationBar0#0](this:0x729a514000,id:3520,api:1,p:6176,c:5385) queueBuffer: fps=41.88 dur=1002.75 max=321.23 min=8.97
08-09 15:31:08.814  5349  5349 I hwcomposer: [HWCDisplay] [Display_0 (type:1)] fps:59.947460,dur:1000.88,max:30.19,min:4.98  
08-09 15:31:08.870  5477  5582 D AAL     : 08-09 03:31:08.755 BL= 558,ESS= 256, 08-09 03:31:08.788 BL= 557,ESS= 256, 08-09 03:31:08.821 BL= 556,ESS= 256, 08-09 03:31:08.837 BL= 555,ESS= 256, 08-09 03:31:08.870 BL= 554,ESS= 256, 
08-09 15:31:08.975  5385  5883 I BufferQueueProducer: [com.android.chrome/org.chromium.chrome.browser.ChromeTabbedActivity#0](this:0x72b5c5b000,id:3535,api:1,p:22759,c:5385) queueBuffer: fps=4.91 dur=1424.77 max=1199.59 min=5.98
08-09 15:31:09.019  5477  5582 D AAL     : 08-09 03:31:08.904 BL= 553,ESS= 256, 08-09 03:31:08.936 BL= 552,ESS= 256, 08-09 03:31:08.953 BL= 551,ESS= 256, 08-09 03:31:08.987 BL= 550,ESS= 256, 08-09 03:31:09.019 BL= 549,ESS= 256, 
08-09 15:31:09.102  5477  5582 D AAL     : 08-09 03:31:09.036 BL= 551,ESS= 256, 08-09 03:31:09.053 BL= 552,ESS= 256, 08-09 03:31:09.069 BL= 553,ESS= 256, 08-09 03:31:09.086 BL= 555,ESS= 256, 08-09 03:31:09.102 BL= 556,ESS= 256, 
08-09 15:31:09.218  5477  5582 D AAL     : 08-09 03:31:09.119 BL= 558,ESS= 256, 08-09 03:31:09.136 BL= 559,ESS= 256, 08-09 03:31:09.152 BL= 561,ESS= 256, 08-09 03:31:09.168 BL= 562,ESS= 256, 08-09 03:31:09.218 BL= 563,ESS= 256, 
08-09 15:31:09.259  9769  9815 E nightwatch-target: lmkd signal waiters
08-09 15:31:09.301  5477  5582 D AAL     : 08-09 03:31:09.235 BL= 564,ESS= 256, 08-09 03:31:09.251 BL= 566,ESS= 256, 08-09 03:31:09.268 BL= 567,ESS= 256, 08-09 03:31:09.284 BL= 569,ESS= 256, 08-09 03:31:09.301 BL= 570,ESS= 256, 
08-09 15:31:09.384  5477  5582 D AAL     : 08-09 03:31:09.318 BL= 572,ESS= 256, 08-09 03:31:09.334 BL= 573,ESS= 256, 08-09 03:31:09.351 BL= 575,ESS= 256, 08-09 03:31:09.367 BL= 576,ESS= 256, 08-09 03:31:09.384 BL= 578,ESS= 256, 
08-09 15:31:09.466  5477  5582 D AAL     : 08-09 03:31:09.400 BL= 579,ESS= 256, 08-09 03:31:09.417 BL= 581,ESS= 256, 08-09 03:31:09.434 BL= 582,ESS= 256, 08-09 03:31:09.450 BL= 584,ESS= 256, 08-09 03:31:09.466 BL= 585,ESS= 256, 
08-09 15:31:09.549  5477  5582 D AAL     : 08-09 03:31:09.483 BL= 587,ESS= 256, 08-09 03:31:09.499 BL= 588,ESS= 256, 08-09 03:31:09.516 BL= 589,ESS= 256, 08-09 03:31:09.533 BL= 591,ESS= 256, 08-09 03:31:09.549 BL= 592,ESS= 256, 
08-09 15:31:09.632  5477  5582 D AAL     : 08-09 03:31:09.566 BL= 594,ESS= 256, 08-09 03:31:09.582 BL= 595,ESS= 256, 08-09 03:31:09.599 BL= 597,ESS= 256, 08-09 03:31:09.616 BL= 598,ESS= 256, 08-09 03:31:09.632 BL= 600,ESS= 256, 
08-09 15:31:09.715  5477  5582 D AAL     : 08-09 03:31:09.649 BL= 601,ESS= 256, 08-09 03:31:09.665 BL= 603,ESS= 256, 08-09 03:31:09.682 BL= 604,ESS= 256, 08-09 03:31:09.698 BL= 606,ESS= 256, 08-09 03:31:09.715 BL= 607,ESS= 256, 
08-09 15:31:09.772  5385  7030 I BufferQueueProducer: [NavigationBar0#0](this:0x729a514000,id:3520,api:1,p:6176,c:5385) queueBuffer: fps=60.31 dur=1011.36 max=20.12 min=13.22
08-09 15:31:09.782  5383  5383 I lowmemorykiller: 8 memory pressure events were skipped after a kill!
08-09 15:31:09.797  5477  5582 D AAL     : 08-09 03:31:09.731 BL= 609,ESS= 256, 08-09 03:31:09.748 BL= 610,ESS= 256, 08-09 03:31:09.764 BL= 612,ESS= 256, 08-09 03:31:09.781 BL= 614,ESS= 256, 08-09 03:31:09.797 BL= 615,ESS= 256, 
08-09 15:31:09.799  9769  9815 E nightwatch-target: lmkd signal waiters
08-09 15:31:09.823  5349  5349 I hwcomposer: [HWCDisplay] [Display_0 (type:1)] fps:60.416618,dur:1009.66,max:18.08,min:14.92  
08-09 15:31:09.880  5477  5582 D AAL     : 08-09 03:31:09.814 BL= 617,ESS= 256, 08-09 03:31:09.831 BL= 618,ESS= 256, 08-09 03:31:09.847 BL= 620,ESS= 256, 08-09 03:31:09.864 BL= 621,ESS= 256, 08-09 03:31:09.880 BL= 623,ESS= 256, 
08-09 15:31:09.933  5383  5383 I lowmemorykiller: 3 memory pressure events were skipped after a kill!
08-09 15:31:09.980  5477  5582 D AAL     : 08-09 03:31:09.897 BL= 624,ESS= 256, 08-09 03:31:09.913 BL= 626,ESS= 256, 08-09 03:31:09.930 BL= 627,ESS= 256, 08-09 03:31:09.947 BL= 629,ESS= 256, 08-09 03:31:09.980 BL= 630,ESS= 256, 
08-09 15:31:10.046  5477  5582 D AAL     : 08-09 03:31:09.980 BL= 632,ESS= 256, 08-09 03:31:09.996 BL= 633,ESS= 256, 08-09 03:31:10.013 BL= 635,ESS= 256, 08-09 03:31:10.029 BL= 636,ESS= 256, 08-09 03:31:10.046 BL= 638,ESS= 256, 
08-09 15:31:10.071  5383  5383 I lowmemorykiller: 4 memory pressure events were skipped after a kill!
08-09 15:31:10.129  5477  5582 D AAL     : 08-09 03:31:10.062 BL= 640,ESS= 256, 08-09 03:31:10.079 BL= 641,ESS= 256, 08-09 03:31:10.096 BL= 643,ESS= 256, 08-09 03:31:10.112 BL= 644,ESS= 256, 08-09 03:31:10.129 BL= 646,ESS= 256, 
08-09 15:31:10.179  5383  5383 I lowmemorykiller: 1 memory pressure events were skipped after a kill!
08-09 15:31:10.213  5477  5582 D AAL     : 08-09 03:31:10.145 BL= 647,ESS= 256, 08-09 03:31:10.162 BL= 649,ESS= 256, 08-09 03:31:10.178 BL= 650,ESS= 256, 08-09 03:31:10.196 BL= 652,ESS= 256, 08-09 03:31:10.213 BL= 654,ESS= 256, 
08-09 15:31:10.294  5477  5582 D AAL     : 08-09 03:31:10.228 BL= 655,ESS= 256, 08-09 03:31:10.246 BL= 656,ESS= 256, 08-09 03:31:10.261 BL= 657,ESS= 256, 08-09 03:31:10.278 BL= 658,ESS= 256, 08-09 03:31:10.294 BL= 659,ESS= 256, 
08-09 15:31:10.318  5383  5383 I lowmemorykiller: 6 memory pressure events were skipped after a kill!
08-09 15:31:10.339  9769  9815 E nightwatch-target: lmkd signal waiters
08-09 15:31:10.394  5477  5582 D AAL     : 08-09 03:31:10.327 BL= 660,ESS= 256, 08-09 03:31:10.344 BL= 661,ESS= 256, 08-09 03:31:10.378 BL= 662,ESS= 256, 08-09 03:31:10.378 BL= 663,ESS= 256, 08-09 03:31:10.394 BL= 664,ESS= 256, 
08-09 15:31:10.454  1364  9623 I Icing   : IndexChimeraService.getServiceInterface callingPackage=com.google.android.gms componentName=null serviceId=30
08-09 15:31:10.484  5383  5383 I lowmemorykiller: 3 memory pressure events were skipped after a kill!
08-09 15:31:10.493  5477  5582 D AAL     : 08-09 03:31:10.410 BL= 665,ESS= 256, 08-09 03:31:10.427 BL= 666,ESS= 256, 08-09 03:31:10.443 BL= 667,ESS= 256, 08-09 03:31:10.479 BL= 668,ESS= 256, 08-09 03:31:10.493 BL= 669,ESS= 256, 
08-09 15:31:10.517  1364  1364 D BoundBrokerSvc: onBind: Intent { act=com.google.android.gms.common.BIND_SHARED_PREFS pkg=com.google.android.gms }
08-09 15:31:10.517  1364  1364 D BoundBrokerSvc: Loading bound service for intent: Intent { act=com.google.android.gms.common.BIND_SHARED_PREFS pkg=com.google.android.gms }
08-09 15:31:10.523  1364  1364 D BoundBrokerSvc: onUnbind: Intent { act=com.google.android.gms.common.BIND_SHARED_PREFS pkg=com.google.android.gms }
08-09 15:31:10.536  1364  4900 I GmsCoreXrpcWrapper: Returning a channel provider with trafficStatsTag=12803 trafficStatsUid=-1
08-09 15:31:10.539  5385  5482 I BufferQueueProducer: [com.android.chrome/org.chromium.chrome.browser.ChromeTabbedActivity#0](this:0x72b5c5b000,id:3535,api:1,p:22759,c:5385) queueBuffer: fps=4.48 dur=1563.97 max=993.61 min=13.18
08-09 15:31:10.608  5383  5383 I lowmemorykiller: 3 memory pressure events were skipped after a kill!
08-09 15:31:10.610  5477  5582 D AAL     : 08-09 03:31:10.509 BL= 670,ESS= 256, 08-09 03:31:10.526 BL= 671,ESS= 256, 08-09 03:31:10.576 BL= 672,ESS= 256, 08-09 03:31:10.592 BL= 673,ESS= 256, 08-09 03:31:10.609 BL= 674,ESS= 256, 
08-09 15:31:10.692  5477  5582 D AAL     : 08-09 03:31:10.625 BL= 675,ESS= 256, 08-09 03:31:10.642 BL= 676,ESS= 256, 08-09 03:31:10.658 BL= 677,ESS= 256, 08-09 03:31:10.675 BL= 678,ESS= 256, 08-09 03:31:10.691 BL= 679,ESS= 256, 
08-09 15:31:10.774  5477  5582 D AAL     : 08-09 03:31:10.708 BL= 680,ESS= 256, 08-09 03:31:10.725 BL= 681,ESS= 256, 08-09 03:31:10.741 BL= 682,ESS= 256, 08-09 03:31:10.758 BL= 683,ESS= 256, 08-09 03:31:10.774 BL= 684,ESS= 256, 
08-09 15:31:10.802  5383  5383 I lowmemorykiller: 5 memory pressure events were skipped after a kill!
08-09 15:31:10.867  5788  6028 E WifiVendorHal: getWifiLinkLayerStats_1_3_Internal(l.927) failed {.code = ERROR_NOT_SUPPORTED, .description = }
08-09 15:31:10.876  5349  5349 I hwcomposer: [HWCDisplay] [Display_0 (type:1)] fps:20.908564,dur:1052.20,max:399.13,min:7.64  
08-09 15:31:10.879  9769  9815 E nightwatch-target: lmkd signal waiters
08-09 15:31:10.891  5477  5582 D AAL     : 08-09 03:31:10.808 BL= 685,ESS= 256, 08-09 03:31:10.824 BL= 686,ESS= 256, 08-09 03:31:10.841 BL= 687,ESS= 256, 08-09 03:31:10.875 BL= 688,ESS= 256, 08-09 03:31:10.891 BL= 689,ESS= 256, 
08-09 15:31:10.915  5383  5383 I lowmemorykiller: 8 memory pressure events were skipped after a kill!
08-09 15:31:10.973  5477  5582 D AAL     : 08-09 03:31:10.907 BL= 690,ESS= 256, 08-09 03:31:10.923 BL= 691,ESS= 256, 08-09 03:31:10.940 BL= 692,ESS= 256, 08-09 03:31:10.957 BL= 693,ESS= 256, 08-09 03:31:10.973 BL= 694,ESS= 256, 
08-09 15:31:11.021  5383  5383 I lowmemorykiller: 1 memory pressure events were skipped after a kill!
08-09 15:31:11.025  1364  4900 I Icing   : Usage reports ok 7, Failed Usage reports 0, indexed 2, rejected 0
08-09 15:31:11.074  5477  5582 D AAL     : 08-09 03:31:10.990 BL= 695,ESS= 256, 08-09 03:31:11.006 BL= 696,ESS= 256, 08-09 03:31:11.040 BL= 697,ESS= 256, 08-09 03:31:11.073 BL= 698,ESS= 256, 08-09 03:31:11.074 BL= 699,ESS= 256, 
08-09 15:31:11.155  5383  5383 I lowmemorykiller: 7 memory pressure events were skipped after a kill!
08-09 15:31:11.155  5477  5582 D AAL     : 08-09 03:31:11.089 BL= 700,ESS= 256, 08-09 03:31:11.106 BL= 701,ESS= 256, 08-09 03:31:11.122 BL= 702,ESS= 256, 08-09 03:31:11.139 BL= 703,ESS= 256, 08-09 03:31:11.155 BL= 704,ESS= 256, 
08-09 15:31:11.238  5477  5582 D AAL     : 08-09 03:31:11.172 BL= 705,ESS= 256, 08-09 03:31:11.188 BL= 706,ESS= 256, 08-09 03:31:11.205 BL= 707,ESS= 256, 08-09 03:31:11.221 BL= 708,ESS= 256, 08-09 03:31:11.238 BL= 709,ESS= 256, 
08-09 15:31:11.337  5477  5582 D AAL     : 08-09 03:31:11.271 BL= 710,ESS= 256, 08-09 03:31:11.288 BL= 711,ESS= 256, 08-09 03:31:11.304 BL= 712,ESS= 256, 08-09 03:31:11.321 BL= 713,ESS= 256, 08-09 03:31:11.337 BL= 714,ESS= 256, 
08-09 15:31:11.342  5383  5383 I lowmemorykiller: 1 memory pressure events were skipped after a kill!
08-09 15:31:11.351  6176  6263 D NetworkTypeUtils: nrState = -1
08-09 15:31:11.419  9769  9815 E nightwatch-target: lmkd signal waiters
08-09 15:31:11.420  5477  5582 D AAL     : 08-09 03:31:11.354 BL= 715,ESS= 256, 08-09 03:31:11.370 BL= 716,ESS= 256, 08-09 03:31:11.387 BL= 717,ESS= 256, 08-09 03:31:11.403 BL= 718,ESS= 256, 08-09 03:31:11.420 BL= 719,ESS= 256, 
08-09 15:31:11.457  5383  5383 I lowmemorykiller: 2 memory pressure events were skipped after a kill!
08-09 15:31:11.536  5477  5582 D AAL     : 08-09 03:31:11.437 BL= 720,ESS= 256, 08-09 03:31:11.453 BL= 721,ESS= 256, 08-09 03:31:11.486 BL= 722,ESS= 256, 08-09 03:31:11.503 BL= 723,ESS= 256, 08-09 03:31:11.536 BL= 724,ESS= 256, 
08-09 15:31:11.602  5477  5582 D AAL     : 08-09 03:31:11.537 BL= 725,ESS= 256, 08-09 03:31:11.553 BL= 726,ESS= 256, 08-09 03:31:11.569 BL= 727,ESS= 256, 08-09 03:31:11.586 BL= 728,ESS= 256, 08-09 03:31:11.602 BL= 729,ESS= 256, 
08-09 15:31:11.677  5383  5383 I lowmemorykiller: 2 memory pressure events were skipped after a kill!
08-09 15:31:11.685  5477  5582 D AAL     : 08-09 03:31:11.619 BL= 730,ESS= 256, 08-09 03:31:11.635 BL= 731,ESS= 256, 08-09 03:31:11.652 BL= 732,ESS= 256, 08-09 03:31:11.668 BL= 733,ESS= 256, 08-09 03:31:11.685 BL= 734,ESS= 256, 
08-09 15:31:11.772  5385  5482 I BufferQueueProducer: [com.android.chrome/org.chromium.chrome.browser.ChromeTabbedActivity#0](this:0x72b5c5b000,id:3535,api:1,p:22759,c:5385) queueBuffer: fps=1.62 dur=1232.74 max=1101.42 min=131.32
08-09 15:31:11.785  5477  5582 D AAL     : 08-09 03:31:11.718 BL= 735,ESS= 256, 08-09 03:31:11.752 BL= 736,ESS= 256, 08-09 03:31:11.752 BL= 737,ESS= 256, 08-09 03:31:11.768 BL= 738,ESS= 256, 08-09 03:31:11.784 BL= 739,ESS= 256, 
08-09 15:31:11.886  5349  5349 I hwcomposer: [HWCDisplay] [Display_0 (type:1)] fps:7.920040,dur:1010.10,max:547.86,min:7.81  
08-09 15:31:11.959  9769  9815 E nightwatch-target: lmkd signal waiters
08-09 15:31:12.010  5383  5383 I lowmemorykiller: 2 memory pressure events were skipped after a kill!
08-09 15:31:12.398 18887 18899 W ocessService0:: Reducing the number of considered missed Gc histogram windows from 213 to 100
08-09 15:31:12.499  9769  9815 E nightwatch-target: lmkd signal waiters
08-09 15:31:12.983  5383  5383 I lowmemorykiller: 4 memory pressure events were skipped after a kill!
08-09 15:31:12.988  5349  5349 I hwcomposer: [HWCDisplay] [Display_0 (type:1)] fps:0.906903,dur:1102.65,max:1102.65,min:1102.65  
08-09 15:31:13.039  9769  9815 E nightwatch-target: lmkd signal waiters
08-09 15:31:13.101 22759 22759 I cr_tabmodel: Appending tabs being restored to metadata lists, 0, startingNormalCount: 5, startingIncognitoCount: 0
08-09 15:31:13.101 22759 22759 I cr_tabmodel: Serializing tab lists; counts: 5, 0
08-09 15:31:13.108  5383  5383 I lowmemorykiller: 1 memory pressure events were skipped after a kill!
08-09 15:31:13.330 22759 22759 I cr_tabmodel: Appending tabs being restored to metadata lists, 0, startingNormalCount: 5, startingIncognitoCount: 0
08-09 15:31:13.331 22759 22759 I cr_tabmodel: Serializing tab lists; counts: 5, 0
08-09 15:31:13.415 16563 16563 D Zygote  : Forked child process 21099
08-09 15:31:13.426  5383  5383 I lowmemorykiller: 2 memory pressure events were skipped after a kill!
08-09 15:31:13.432  5788  5845 I ActivityManager: Start proc 21099:com.android.chrome:sandboxed_process0:org.chromium.content.app.SandboxedProcessService0:11/u0ai4 for  {com.android.chrome/org.chromium.content.app.SandboxedProcessService0:11}
08-09 15:31:13.525 21099 21099 E cessService0:1: Not starting debugger since process cannot load the jdwp agent.
08-09 15:31:13.567 26439 26457 I Finsky  : [5952] dsn.a(5): Received app details request for lv.pigu from com.android.chrome
08-09 15:31:13.579  9769  9815 E nightwatch-target: lmkd signal waiters
08-09 15:31:13.600  5788 12968 V ActivityManager: New death recipient com.android.server.am.ActivityManagerService$AppDeathRecipient@e147ba0 for thread android.os.BinderProxy@a239359, pid:21099,mApp:null
08-09 15:31:13.614  5383  5383 I lowmemorykiller: 4 memory pressure events were skipped after a kill!
08-09 15:31:13.685 21099 21099 I cr_SplitCompatApp: Launched version=92.0.4515.131 minSdkVersion=29 isBundle=true processName=com.android.chrome:sandboxed_process0:org.chromium.content.app.SandboxedProcessService0:11 isIsolated=true
08-09 15:31:13.723 21099 21099 W SystemServiceRegistry: No service published for: uimode
08-09 15:31:13.730  5383  5383 I lowmemorykiller: 5 memory pressure events were skipped after a kill!
08-09 15:31:13.749 21099 21099 I cr_ChildProcessService: Creating new ChildProcessService pid=21099
08-09 15:31:13.786 26439 26439 E Finsky  : [2] pnm.g(4): Should not be called with an ItemType that is being migrated.
08-09 15:31:13.799 21099 21119 I cr_LibraryLoader: Successfully loaded native library
08-09 15:31:13.800 21099 21119 I cr_CachingUmaRecorder: Flushed 1 samples from 1 histograms.
08-09 15:31:13.843  5469  5469 I thermal_repeater: [recvMdThermalInfo] ret=29, strLen=127,  3, 38, -50, -28409, 32767, 0
08-09 15:31:13.845  5383  5383 I lowmemorykiller: 9 memory pressure events were skipped after a kill!
08-09 15:31:13.873  5788  6028 E WifiVendorHal: getWifiLinkLayerStats_1_3_Internal(l.927) failed {.code = ERROR_NOT_SUPPORTED, .description = }
08-09 15:31:13.952  5788 12968 I ActivityManager: Killing 21099:com.android.chrome:sandboxed_process0:org.chromium.content.app.SandboxedProcessService0:11/u0a88i-8996 (adj 0): isolated not needed
08-09 15:31:13.952  5788  5846 I libprocessgroup: Successfully killed process cgroup uid 90004 pid 21099 in 0ms
08-09 15:31:13.957 22759 22759 I cr_tabmodel: Appending tabs being restored to metadata lists, 0, startingNormalCount: 5, startingIncognitoCount: 0
08-09 15:31:13.957 22759 22759 I cr_tabmodel: Serializing tab lists; counts: 5, 0
08-09 15:31:13.991  5788 12968 V ActivityManager: Death received in com.android.server.am.ActivityManagerService$AppDeathRecipient@e147ba0 for thread android.os.BinderProxy@a239359, mPid:21099,mApp:ProcessRecord{4d5b1cc 21099:com.android.chrome:sandboxed_process0:org.chromium.content.app.SandboxedProcessService0:11/u0a88i-8996}
08-09 15:31:13.992 16563 16563 I Zygote  : Process 21099 exited cleanly (0)
08-09 15:31:14.044  5788  5851 E KernelCpuSpeedReader: Failed to read cpu-freq: /sys/devices/system/cpu/cpu4/cpufreq/stats/time_in_state: open failed: ENOENT (No such file or directory)
08-09 15:31:14.045  5788  5851 E KernelCpuSpeedReader: Failed to read cpu-freq: /sys/devices/system/cpu/cpu0/cpufreq/stats/time_in_state: open failed: ENOENT (No such file or directory)
08-09 15:31:14.120  9769  9815 E nightwatch-target: lmkd signal waiters
08-09 15:31:14.312 26439 26439 I Finsky  : [2] fja.m(6): Not delivering second response for request=[[ ] https://play-fe.googleapis.com/fdfe/details?doc=lv.pigu 0x4be64f9b NORMAL 14]
08-09 15:31:14.659  9769  9815 E nightwatch-target: lmkd signal waiters
08-09 15:31:16.070  5788  5978 D PrizePhoneWidowManager: SystemGesturesPointerEventListener swip =0
08-09 15:31:15.170  9769  9815 I chatty  : uid=10119(com.instagram.android) Lacrima_startup identical 1 line
08-09 15:31:15.707  9769  9815 E nightwatch-target: lmkd signal waiters
08-09 15:31:16.080  5383  5383 I lowmemorykiller: 9 memory pressure events were skipped after a kill!
08-09 15:31:16.247  9769  9815 E nightwatch-target: lmkd signal waiters
08-09 15:31:16.249  5349  5349 I hwcomposer: [HWCDisplay] [Display_0 (type:1)] fps:0.920039,dur:3260.73,max:2946.33,min:131.64  
08-09 15:31:16.328  5385  7030 I BufferQueueProducer: [com.android.chrome/org.chromium.chrome.browser.ChromeTabbedActivity#0](this:0x72b5c5b000,id:3535,api:1,p:22759,c:5385) queueBuffer: fps=0.22 dur=4556.07 max=4556.07 min=4556.07
08-09 15:31:16.385  5383  5383 I lowmemorykiller: 7 memory pressure events were skipped after a kill!
08-09 15:31:16.419  6176  6263 D NetworkTypeUtils: nrState = -1
08-09 15:31:16.434  1230  1271 E AsyncOperation: operation=GetLaunchDataOperation, opStatusCode=19500 [CONTEXT service_id=121 ]
08-09 15:31:16.434  1230  1271 E AsyncOperation: OperationException[Status{statusCode=Not an instant app, resolution=null}]
08-09 15:31:16.434  1230  1271 E AsyncOperation: 	at aipp.f(:com.google.android.gms@212621039@21.26.21 (120408-387928701):18)
08-09 15:31:16.434  1230  1271 E AsyncOperation: 	at aeoz.run(:com.google.android.gms@212621039@21.26.21 (120408-387928701):17)
08-09 15:31:16.434  1230  1271 E AsyncOperation: 	at bxqc.run(:com.google.android.gms@212621039@21.26.21 (120408-387928701):2)
08-09 15:31:16.434  1230  1271 E AsyncOperation: 	at wiw.c(:com.google.android.gms@212621039@21.26.21 (120408-387928701):6)
08-09 15:31:16.434  1230  1271 E AsyncOperation: 	at wiw.run(:com.google.android.gms@212621039@21.26.21 (120408-387928701):7)
08-09 15:31:16.434  1230  1271 E AsyncOperation: 	at java.util.concurrent.ThreadPoolExecutor.runWorker(ThreadPoolExecutor.java:1167)
08-09 15:31:16.434  1230  1271 E AsyncOperation: 	at java.util.concurrent.ThreadPoolExecutor$Worker.run(ThreadPoolExecutor.java:641)
08-09 15:31:16.434  1230  1271 E AsyncOperation: 	at wot.run(:com.google.android.gms@212621039@21.26.21 (120408-387928701):0)
08-09 15:31:16.434  1230  1271 E AsyncOperation: 	at java.lang.Thread.run(Thread.java:919)
08-09 15:31:16.478  6176  6176 D fast_charge: BatteryTracker---->level--->65---plugType--->2---plugged--->true---health--->2---status--->2---technology--->Li-ion---voltage--->3976---temperature--->319
08-09 15:31:16.478  6176  6176 I FlashlightTile: battery level = 65
08-09 15:31:16.489  5383  5383 I lowmemorykiller: 5 memory pressure events were skipped after a kill!
08-09 15:31:16.518  6176  6176 D StatusBarKeyguardViewManager: updateLockIcon lockVisible force false 
08-09 15:31:16.558  5385  5482 I BufferQueueProducer: [StatusBar#0](this:0x72b5c5f800,id:6,api:1,p:6176,c:5385) queueBuffer: fps=0.24 dur=8246.93 max=8236.38 min=10.55
08-09 15:31:16.636  5383  5383 I lowmemorykiller: 6 memory pressure events were skipped after a kill!
08-09 15:31:16.787  9769  9815 E nightwatch-target: lmkd signal waiters
08-09 15:31:16.881  5788  6028 E WifiVendorHal: getWifiLinkLayerStats_1_3_Internal(l.927) failed {.code = ERROR_NOT_SUPPORTED, .description = }
08-09 15:31:16.902  5383  5383 I lowmemorykiller: 1 memory pressure events were skipped after a kill!
08-09 15:31:17.231  1364  1364 D BoundBrokerSvc: onBind: Intent { act=com.google.android.gms.common.BIND_SHARED_PREFS pkg=com.google.android.gms }
08-09 15:31:17.231  1364  1364 D BoundBrokerSvc: Loading bound service for intent: Intent { act=com.google.android.gms.common.BIND_SHARED_PREFS pkg=com.google.android.gms }
08-09 15:31:17.235  1364  1364 D BoundBrokerSvc: onUnbind: Intent { act=com.google.android.gms.common.BIND_SHARED_PREFS pkg=com.google.android.gms }
08-09 15:31:17.328  9769  9815 E nightwatch-target: lmkd signal waiters
08-09 15:31:17.337  5383  5383 I lowmemorykiller: 5 memory pressure events were skipped after a kill!
08-09 15:31:17.359  5349  5349 I hwcomposer: [HWCDisplay] [Display_0 (type:1)] fps:18.021959,dur:1109.76,max:317.37,min:7.31  
08-09 15:31:17.638  5383  5383 I lowmemorykiller: 6 memory pressure events were skipped after a kill!
08-09 15:31:17.846  9769  9815 E nightwatch-target: lmkd signal waiters
08-09 15:31:17.924 22759 22759 I cr_tabmodel: Appending tabs being restored to metadata lists, 0, startingNormalCount: 5, startingIncognitoCount: 0
08-09 15:31:17.925 22759 22759 I cr_tabmodel: Serializing tab lists; counts: 5, 0
08-09 15:31:17.973  1364  1364 D BoundBrokerSvc: onBind: Intent { act=com.google.android.gms.common.BIND_SHARED_PREFS pkg=com.google.android.gms }
08-09 15:31:17.973  1364  1364 D BoundBrokerSvc: Loading bound service for intent: Intent { act=com.google.android.gms.common.BIND_SHARED_PREFS pkg=com.google.android.gms }
08-09 15:31:17.977  1364  1364 D BoundBrokerSvc: onUnbind: Intent { act=com.google.android.gms.common.BIND_SHARED_PREFS pkg=com.google.android.gms }
08-09 15:31:18.096  5383  5383 I lowmemorykiller: 3 memory pressure events were skipped after a kill!
08-09 15:31:18.138 22759 22759 I cr_tabmodel: Appending tabs being restored to metadata lists, 0, startingNormalCount: 5, startingIncognitoCount: 0
08-09 15:31:18.138 22759 22759 I cr_tabmodel: Serializing tab lists; counts: 5, 0
08-09 15:31:18.169 16563 16563 D Zygote  : Forked child process 21139
08-09 15:31:18.099  5788  5978 I chatty  : uid=1000(system) InputReader identical 11 lines
08-09 15:31:18.108  5788  5978 D PrizePhoneWidowManager: SystemGesturesPointerEventListener swip =0
08-09 15:31:18.172  5788  5845 I ActivityManager: Start proc 21139:com.android.chrome:sandboxed_process0:org.chromium.content.app.SandboxedProcessService0:12/u0ai5 for  {com.android.chrome/org.chromium.content.app.SandboxedProcessService0:12}
08-09 15:31:18.196  5383  5383 I lowmemorykiller: 4 memory pressure events were skipped after a kill!
08-09 15:31:18.196 21139 21139 E cessService0:1: Not starting debugger since process cannot load the jdwp agent.
08-09 15:31:18.211  5788 12968 V ActivityManager: New death recipient com.android.server.am.ActivityManagerService$AppDeathRecipient@943168a for thread android.os.BinderProxy@b2ad4fb, pid:21139,mApp:null
08-09 15:31:18.240 26439 20086 I Finsky  : [6110] dsn.a(5): Received app details request for lv.pigu from com.android.chrome
08-09 15:31:18.245 26439 26439 E Finsky  : [2] pnm.g(4): Should not be called with an ItemType that is being migrated.
08-09 15:31:18.246 21139 21139 I cr_SplitCompatApp: Launched version=92.0.4515.131 minSdkVersion=29 isBundle=true processName=com.android.chrome:sandboxed_process0:org.chromium.content.app.SandboxedProcessService0:12 isIsolated=true
08-09 15:31:18.270 21139 21139 W SystemServiceRegistry: No service published for: uimode
08-09 15:31:18.280 21139 21139 I cr_ChildProcessService: Creating new ChildProcessService pid=21139
08-09 15:31:18.298  5383  5383 I lowmemorykiller: 4 memory pressure events were skipped after a kill!
08-09 15:31:18.301  5383  5383 I lowmemorykiller: Kill 'com.google.android.apps.photos' (19607), uid 10096, oom_adj 975 to free 13040kB
08-09 15:31:18.301  5383  5383 I lowmemorykiller: Reclaimed 13040kB, cache(316080kB) and free(72444kB)-reserved(47800kB) below min(322560kB) for oom_adj 950
08-09 15:31:18.307 21139 21160 I cr_LibraryLoader: Successfully loaded native library
08-09 15:31:18.307 21139 21160 I cr_CachingUmaRecorder: Flushed 1 samples from 1 histograms.
08-09 15:31:18.324  5788  7755 V ActivityManager: Death received in com.android.server.am.ActivityManagerService$AppDeathRecipient@54e54 for thread android.os.BinderProxy@91821fd, mPid:19607,mApp:ProcessRecord{2bb4a97 19607:com.google.android.apps.photos/u0a96}
08-09 15:31:18.324  5788  7755 I ActivityManager: Process com.google.android.apps.photos (pid 19607) has died: cch+75 CEM 
08-09 15:31:18.325  5788  5846 I libprocessgroup: Successfully killed process cgroup uid 10096 pid 19607 in 0ms
08-09 15:31:18.332  5405  5405 I Zygote  : Process 19607 exited due to signal 9 (Killed)
08-09 15:31:18.368  5349  5349 I hwcomposer: [HWCDisplay] [Display_0 (type:1)] fps:15.862378,dur:1008.68,max:512.82,min:15.58  
08-09 15:31:18.384  9769  9815 E nightwatch-target: lmkd signal waiters
