--------- beginning of main
08-09 15:28:02.884  5383  5383 I lowmemorykiller: 5 memory pressure events were skipped after a kill!
08-09 15:28:02.896 26026 21000 I ADB_SERVICES: post waitpid (pid=20999) status=0000
08-09 15:28:02.896 26026 26026 I ADB_SERVICES: for fd 25, revents = 2011
08-09 15:28:02.897 26026 26026 I ADB_SERVICES: for fd 25, revents = 2011
08-09 15:28:02.979  9769  9815 E nightwatch-target: lmkd signal waiters
08-09 15:28:03.489  5469  5469 I thermal_repeater: [recvMdThermalInfo] ret=29, strLen=127,  3, 38, -50, -28409, 32767, 0
08-09 15:28:03.519  9769  9815 E nightwatch-target: lmkd signal waiters
08-09 15:28:03.913  5788  6028 E WifiVendorHal: getWifiLinkLayerStats_1_3_Internal(l.927) failed {.code = ERROR_NOT_SUPPORTED, .description = }
08-09 15:28:04.060  9769  9815 E nightwatch-target: lmkd signal waiters
08-09 15:28:04.600  9769  9815 I chatty  : uid=10119(com.instagram.android) Lacrima_startup identical 1 line
08-09 15:28:05.128  9769  9815 E nightwatch-target: lmkd signal waiters
08-09 15:28:05.394  5788  6028 D WifiConnectivityManager: periodicScanTimerHandler
08-09 15:28:05.394  5788  6028 D WifiConnectivityManager: schedulePeriodicScanTimer, intervalMs: 80000
08-09 15:28:05.394  5788  6058 D WifiScanningService: addSingleScanRequest: ClientInfo[uid=1000,android.os.Messenger@c739c6b],Id=1045,WorkSource{1010}, ScanSettings {  type:HIGH ACCURACY band:24Ghz & 5Ghz (DFS incl) ignoreLocationSettings:false period:0 reportEvents:3 numBssidsPerScan:0 maxScansToCache:0 channels:[  ]  hiddenNetworks:[  ]  } 
08-09 15:28:05.663  9769  9815 E nightwatch-target: lmkd signal waiters
08-09 15:28:06.203  9769  9815 I chatty  : uid=10119(com.instagram.android) Lacrima_startup identical 1 line
08-09 15:28:06.720  9769  9815 E nightwatch-target: lmkd signal waiters
08-09 15:28:06.924  5788  6028 E WifiVendorHal: getWifiLinkLayerStats_1_3_Internal(l.927) failed {.code = ERROR_NOT_SUPPORTED, .description = }
08-09 15:28:06.932  6176  6263 D Tile.MobileDataTile: handleUpdateState arg=CallbackInfo[enabled=true,wifiEnabled=true,wifiConnected=true,airplaneModeEnabled=false,mobileSignalIconId=2131231793,dataTypeIconId=2131231879,activityIn=false,activityOut=false,enabledDesc=LV TELE2,noSim=false]
08-09 15:28:06.937  6342  6584 D PhoneInterfaceManager: [PhoneIntfMgr] SubscriptionManager.getPhoneId(1)=0
08-09 15:28:06.938  6176  6263 D Tile.MobileDataTile: isDefaultDataSimRadioOn subId=1, isRadioOn=true
08-09 15:28:06.943  6176  6176 D StatusBarKeyguardViewManager: updateLockIcon lockVisible force false 
08-09 15:28:06.943  6176  6263 D Tile.MobileDataTile: handleUpdateState state=SignalState[,icon=ResourceIcon[resId=0x7f08030d],iconSupplier=null,label=Data Connection,secondaryLabel=null,contentDescription=null,dualLabelContentDescription=null,expandedAccessibilityClassName=null,disabledByPolicy=false,dualTarget=false,isTransient=false,state=2,slash="null",isCustomTile=false,value=false,activityIn=false,activityOut=false]
08-09 15:28:06.957  5385  5482 I BufferQueueProducer: [StatusBar#0](this:0x72b5c5f800,id:6,api:1,p:6176,c:5385) queueBuffer: fps=0.33 dur=6017.85 max=6007.68 min=10.17
08-09 15:28:06.971  5349  5349 I hwcomposer: [HWCDisplay] [Display_0 (type:1)] fps:0.331920,dur:6025.55,max:6010.88,min:14.67  
08-09 15:28:06.977  6176  6263 D NetworkTypeUtils: nrState = -1
08-09 15:28:07.259  9769  9815 E nightwatch-target: lmkd signal waiters
08-09 15:28:07.261  5788  5804 I system_server: Background concurrent copying GC freed 87540(4329KB) AllocSpace objects, 34(1776KB) LOS objects, 13% free, 39MB/45MB, paused 229us total 330.815ms
08-09 15:28:07.799  9769  9815 E nightwatch-target: lmkd signal waiters
08-09 15:28:08.340  9769  9815 E nightwatch-target: lmkd signal waiters
08-09 15:28:08.659  6725  6741 I [BIP]   :  [BIP NL] event newlink match dev 0, interface index 32
08-09 15:28:08.659  6725  6741 I [BIP]   :  [BIP NL] the link status of interface(index:0) changes to 1
08-09 15:28:08.659  5788 12486 D WificondControl: Scan result ready event
08-09 15:28:08.659  6726  6730 D VoLTE IMSM: send CTRL_CMD_GET_SCAN (module/mdagent/volte_imsm_93/src/wireless.c:574)
08-09 15:28:08.661  6726  6730 D VoLTE IMSM: monitor_wifi_tech: mutex lock (module/mdagent/volte_imsm_93/src/wireless.c:589)
08-09 15:28:08.661  6726  6730 D VoLTE IMSM: monitor_wifi_tech: mutex unlock (module/mdagent/volte_imsm_93/src/wireless.c:597)
08-09 15:28:08.661  6726  6730 D VoLTE IMSM: FOUND[1] 10
08-09 15:28:08.661  6726  6730 D VoLTE IMSM:  (module/mdagent/volte_imsm_93/src/wireless.c:599)
08-09 15:28:08.661  5788  5832 I EthernetTracker: interfaceLinkStateChanged, iface: wlan0, up: true
08-09 15:28:08.664  5448  5448 I netd    : interfaceGetCfg("wlan0") <1.73ms>
08-09 15:28:08.667  5788  6058 D WifiScanningService: singleScanResults: ClientInfo[uid=1000,android.os.Messenger@c739c6b],Id=1045,results=10
08-09 15:28:08.667  5788  6058 D WifiScanningService: singleScanResults: ClientInfo[uid=1000,android.os.Messenger@c739c6b],Id=2,results=10
08-09 15:28:08.667  5788  6058 D WifiScanningService: singleScanResults: ClientInfo[uid=1000,android.os.Messenger@c739c6b],Id=3,results=10
08-09 15:28:08.670  5788  6028 D WifiConnectivityManager: AllSingleScanListener onResults: start network selection
08-09 15:28:08.670  5788  6028 D WifiNetworkSelector: Current connected network: "HUAWEI-A9D3" , ID: 0
08-09 15:28:08.670  5788  6028 D WifiNetworkSelector: Current network is 2.4GHz. 5GHz networks available.
08-09 15:28:08.670  5788  6028 D WifiNetworkSelector: Current connected network is not sufficient.
08-09 15:28:08.673  5788  6028 D WifiNetworkSelector: Networks filtered out due to invalid SSID: 10:5d:dc:d2:51:5a / 
08-09 15:28:08.673  5788  6028 D WifiNetworkSelector: Networks filtered out due to low signal strength: HUAWEI-B535-5156:10:5d:dc:d2:51:5b(5GHz)-78 / V30:70:8b:cd:e6:b1:20(2.4GHz)-92 / Andris:98:da:c4:ed:b7:db(2.4GHz)-81 / Vitolu street apartment:24:0b:88:b9:46:d9(2.4GHz)-92 / ALHN-189D:18:4a:6f:ce:ac:ec(2.4GHz)-83 / 
08-09 15:28:08.673  5788  6028 D WifiNetworkSelector: About to run SavedNetworkEvaluator :
08-09 15:28:08.674  5788  6028 D SavedNetworkEvaluator: 
08-09 15:28:08.674  5788  6028 D SavedNetworkEvaluator: [ HUAWEI-A9D3 8c:5a:c1:e6:a9:d3 RSSI:-30 ]  RSSI score: 100, Same network bonus: 16, Same BSSID bonus: 24, Secure network bonus: 80, ## Total score: 220
08-09 15:28:08.674  5788  6028 D WifiNetworkSelector: SavedNetworkEvaluator selects "HUAWEI-A9D3":0
08-09 15:28:08.674  5788  6028 D WifiNetworkSelector: About to run NetworkSuggestionEvaluator :
08-09 15:28:08.674  5788  6028 D WifiNetworkSelector: About to run PasspointNetworkEvaluator :
08-09 15:28:08.684  5788  6028 D WifiNetworkSelector: About to run CarrierNetworkEvaluator :
08-09 15:28:08.684  5788  6028 D WifiNetworkSelector: About to run ScoredNetworkEvaluator :
08-09 15:28:08.685  5788  6028 D WifiNetworkSelector: BubbleFunScorer_v1 would choose 0 score 66.07699474486243+/-0.04907167820747484 expid 42598151
08-09 15:28:08.685  5788  6028 D WifiNetworkSelector: CompatibilityScorer chooses 0 score 219.97+/-10.0 expid 42504592
08-09 15:28:08.686  5788  6028 D WifiNetworkSelector: ScoreCardBasedScorer would choose 0 score 200.0+/-10.0 expid 42902385
08-09 15:28:08.686  5788  6028 D WifiConnectivityManager: AllSingleScanListener:  WNS candidate-"HUAWEI-A9D3"
08-09 15:28:08.686  5788  6028 D WifiConnectivityManager: connectToNetwork: Either already connected or is connecting to "HUAWEI-A9D3" : 8c:5a:c1:e6:a9:d3
08-09 15:28:08.879  9769  9815 E nightwatch-target: lmkd signal waiters
08-09 15:28:09.419  9769  9815 E nightwatch-target: lmkd signal waiters
08-09 15:28:09.933  5788  6028 E WifiVendorHal: getWifiLinkLayerStats_1_3_Internal(l.927) failed {.code = ERROR_NOT_SUPPORTED, .description = }
08-09 15:28:09.941  6176  6263 D Tile.MobileDataTile: handleUpdateState arg=CallbackInfo[enabled=true,wifiEnabled=true,wifiConnected=true,airplaneModeEnabled=false,mobileSignalIconId=2131231793,dataTypeIconId=2131231879,activityIn=false,activityOut=false,enabledDesc=LV TELE2,noSim=false]
08-09 15:28:09.946  6342  6584 D PhoneInterfaceManager: [PhoneIntfMgr] SubscriptionManager.getPhoneId(1)=0
08-09 15:28:09.946  6176  6263 D Tile.MobileDataTile: isDefaultDataSimRadioOn subId=1, isRadioOn=true
08-09 15:28:09.952  6176  6263 D Tile.MobileDataTile: handleUpdateState state=SignalState[,icon=ResourceIcon[resId=0x7f08030d],iconSupplier=null,label=Data Connection,secondaryLabel=null,contentDescription=null,dualLabelContentDescription=null,expandedAccessibilityClassName=null,disabledByPolicy=false,dualTarget=false,isTransient=false,state=2,slash="null",isCustomTile=false,value=false,activityIn=false,activityOut=false]
08-09 15:28:09.955  6176  6176 D StatusBarKeyguardViewManager: updateLockIcon lockVisible force false 
08-09 15:28:09.959  9769  9815 E nightwatch-target: lmkd signal waiters
08-09 15:28:09.968  5385  5482 I BufferQueueProducer: [StatusBar#0](this:0x72b5c5f800,id:6,api:1,p:6176,c:5385) queueBuffer: fps=0.66 dur=3010.71 max=3002.70 min=8.00
08-09 15:28:09.986  5349  5349 I hwcomposer: [HWCDisplay] [Display_0 (type:1)] fps:0.663362,dur:3014.94,max:2999.75,min:15.19  
08-09 15:28:10.499  9769  9815 E nightwatch-target: lmkd signal waiters
08-09 15:28:11.040  9769  9815 I chatty  : uid=10119(com.instagram.android) Lacrima_startup identical 1 line
08-09 15:28:11.579  9769  9815 E nightwatch-target: lmkd signal waiters
08-09 15:28:12.024 18464 21002 E memtrack: Couldn't load memtrack module
08-09 15:28:12.024 18464 21002 W android.os.Debug: failed to get memory consumption info: -1
08-09 15:28:12.093  6176  6263 D NetworkTypeUtils: nrState = -1
08-09 15:28:12.119  9769  9815 E nightwatch-target: lmkd signal waiters
08-09 15:28:12.660  9769  9815 E nightwatch-target: lmkd signal waiters
08-09 15:28:12.945  5788  6028 E WifiVendorHal: getWifiLinkLayerStats_1_3_Internal(l.927) failed {.code = ERROR_NOT_SUPPORTED, .description = }
08-09 15:28:12.960  6176  6263 D Tile.MobileDataTile: handleUpdateState arg=CallbackInfo[enabled=true,wifiEnabled=true,wifiConnected=true,airplaneModeEnabled=false,mobileSignalIconId=2131231793,dataTypeIconId=2131231879,activityIn=false,activityOut=false,enabledDesc=LV TELE2,noSim=false]
08-09 15:28:12.965  6342  6584 D PhoneInterfaceManager: [PhoneIntfMgr] SubscriptionManager.getPhoneId(1)=0
08-09 15:28:12.965  6176  6263 D Tile.MobileDataTile: isDefaultDataSimRadioOn subId=1, isRadioOn=true
08-09 15:28:12.969  6176  6176 D StatusBarKeyguardViewManager: updateLockIcon lockVisible force false 
08-09 15:28:12.970  6176  6263 D Tile.MobileDataTile: handleUpdateState state=SignalState[,icon=ResourceIcon[resId=0x7f08030d],iconSupplier=null,label=Data Connection,secondaryLabel=null,contentDescription=null,dualLabelContentDescription=null,expandedAccessibilityClassName=null,disabledByPolicy=false,dualTarget=false,isTransient=false,state=2,slash="null",isCustomTile=false,value=false,activityIn=false,activityOut=false]
08-09 15:28:12.981  5385  5482 I BufferQueueProducer: [StatusBar#0](this:0x72b5c5f800,id:6,api:1,p:6176,c:5385) queueBuffer: fps=0.66 dur=3013.20 max=3004.52 min=8.68
08-09 15:28:13.000  5349  5349 I hwcomposer: [HWCDisplay] [Display_0 (type:1)] fps:0.663603,dur:3013.85,max:3000.54,min:13.31  
08-09 15:28:13.160  9769  9815 E nightwatch-target: lmkd signal waiters
08-09 15:28:13.504  5469  5469 I thermal_repeater: [recvMdThermalInfo] ret=29, strLen=127,  3, 37, -50, -28409, 32767, 0
08-09 15:28:13.701  9769  9815 E nightwatch-target: lmkd signal waiters
08-09 15:28:14.239  9769  9815 E nightwatch-target: lmkd signal waiters
08-09 15:28:14.499  7067  7085 I hbox:interacto: Background concurrent copying GC freed 13636(3291KB) AllocSpace objects, 1(64KB) LOS objects, 49% free, 3450KB/6900KB, paused 293us total 208.965ms
08-09 15:28:14.761  9769  9815 E nightwatch-target: lmkd signal waiters
08-09 15:28:15.299  9769  9815 I chatty  : uid=10119(com.instagram.android) Lacrima_startup identical 1 line
08-09 15:28:15.839  9769  9815 E nightwatch-target: lmkd signal waiters
08-09 15:28:15.961  5788  6028 E WifiVendorHal: getWifiLinkLayerStats_1_3_Internal(l.927) failed {.code = ERROR_NOT_SUPPORTED, .description = }
08-09 15:28:16.251  6176  6176 D fast_charge: BatteryTracker---->level--->64---plugType--->2---plugged--->true---health--->2---status--->2---technology--->Li-ion---voltage--->4036---temperature--->313
08-09 15:28:16.252  6176  6176 I FlashlightTile: battery level = 64
08-09 15:28:16.263  6176  6176 D StatusBarKeyguardViewManager: updateLockIcon lockVisible force false 
08-09 15:28:16.280  5385  5482 I BufferQueueProducer: [StatusBar#0](this:0x72b5c5f800,id:6,api:1,p:6176,c:5385) queueBuffer: fps=0.61 dur=3298.64 max=3290.73 min=7.90
08-09 15:28:16.295  5349  5349 I hwcomposer: [HWCDisplay] [Display_0 (type:1)] fps:0.607024,dur:3294.76,max:3280.81,min:13.95  
08-09 15:28:16.379  9769  9815 E nightwatch-target: lmkd signal waiters
08-09 15:28:16.919  9769  9815 E nightwatch-target: lmkd signal waiters
08-09 15:28:17.216  6176  6263 D NetworkTypeUtils: nrState = -1
08-09 15:28:17.460  9769  9815 E nightwatch-target: lmkd signal waiters
08-09 15:28:17.999  9769  9815 I chatty  : uid=10119(com.instagram.android) Lacrima_startup identical 1 line
08-09 15:28:18.525  9769  9815 E nightwatch-target: lmkd signal waiters
08-09 15:28:18.977  5788  6028 E WifiVendorHal: getWifiLinkLayerStats_1_3_Internal(l.927) failed {.code = ERROR_NOT_SUPPORTED, .description = }
08-09 15:28:18.992  6176  6263 D Tile.MobileDataTile: handleUpdateState arg=CallbackInfo[enabled=true,wifiEnabled=true,wifiConnected=true,airplaneModeEnabled=false,mobileSignalIconId=2131231793,dataTypeIconId=2131231879,activityIn=false,activityOut=false,enabledDesc=LV TELE2,noSim=false]
08-09 15:28:18.996  6342  6584 D PhoneInterfaceManager: [PhoneIntfMgr] SubscriptionManager.getPhoneId(1)=0
08-09 15:28:18.997  6176  6263 D Tile.MobileDataTile: isDefaultDataSimRadioOn subId=1, isRadioOn=true
08-09 15:28:19.000  6176  6263 D Tile.MobileDataTile: handleUpdateState state=SignalState[,icon=ResourceIcon[resId=0x7f08030d],iconSupplier=null,label=Data Connection,secondaryLabel=null,contentDescription=null,dualLabelContentDescription=null,expandedAccessibilityClassName=null,disabledByPolicy=false,dualTarget=false,isTransient=false,state=2,slash="null",isCustomTile=false,value=false,activityIn=false,activityOut=false]
08-09 15:28:19.013  6176  6176 D StatusBarKeyguardViewManager: updateLockIcon lockVisible force false 
08-09 15:28:19.025  5385  5482 I BufferQueueProducer: [StatusBar#0](this:0x72b5c5f800,id:6,api:1,p:6176,c:5385) queueBuffer: fps=0.73 dur=2745.90 max=2737.85 min=8.04
08-09 15:28:19.043  5349  5349 I hwcomposer: [HWCDisplay] [Display_0 (type:1)] fps:0.727702,dur:2748.38,max:2734.29,min:14.09  
08-09 15:28:19.063  9769  9815 E nightwatch-target: lmkd signal waiters
08-09 15:28:20.679  9769  9815 I chatty  : uid=10119(com.instagram.android) Lacrima_startup identical 3 lines
08-09 15:28:21.219  9769  9815 E nightwatch-target: lmkd signal waiters
--------- beginning of system
08-09 15:28:21.703  5788  5880 V DisplayPowerController: Brightness [10] reason changing to: 'manual [ dim ]', previous reason: 'manual'.
08-09 15:28:21.736  5354  5354 D lights  : write_int open fd=7
08-09 15:28:21.737  5477  5582 D AAL     : onBacklightChanged: 947/1023 -> 935/1023(phy:3743/4095)
08-09 15:28:21.740  5354  5354 D lights  : write_int open fd=7
08-09 15:28:21.745  5477  5582 D AAL     : onBacklightChanged: 935/1023 -> 923/1023(phy:3695/4095)
08-09 15:28:21.757  5354  5354 D lights  : write_int open fd=7
08-09 15:28:21.759  9769  9815 E nightwatch-target: lmkd signal waiters
08-09 15:28:21.762  5477  5582 D AAL     : onBacklightChanged: 923/1023 -> 911/1023(phy:3647/4095)
08-09 15:28:21.773  5354  5354 D lights  : write_int open fd=7
08-09 15:28:21.778  5477  5582 D AAL     : onBacklightChanged: 911/1023 -> 899/1023(phy:3599/4095)
08-09 15:28:21.790  5354  5354 D lights  : write_int open fd=7
08-09 15:28:21.795  5477  5582 D AAL     : onBacklightChanged: 899/1023 -> 887/1023(phy:3551/4095)
08-09 15:28:21.806  5354  5354 D lights  : write_int open fd=7
08-09 15:28:21.811  5477  5582 D AAL     : onBacklightChanged: 887/1023 -> 875/1023(phy:3503/4095)
08-09 15:28:21.812  5477  5582 D AAL     : 08-09 03:28:21.746 BL= 579,ESS= 256, 08-09 03:28:21.762 BL= 572,ESS= 256, 08-09 03:28:21.779 BL= 564,ESS= 256, 08-09 03:28:21.796 BL= 557,ESS= 256, 08-09 03:28:21.812 BL= 550,ESS= 256, 
08-09 15:28:21.823  5354  5354 D lights  : write_int open fd=7
08-09 15:28:21.828  5477  5582 D AAL     : onBacklightChanged: 875/1023 -> 863/1023(phy:3455/4095)
08-09 15:28:21.839  5354  5354 D lights  : write_int open fd=7
08-09 15:28:21.845  5477  5582 D AAL     : onBacklightChanged: 863/1023 -> 850/1023(phy:3403/4095)
08-09 15:28:21.856  5354  5354 D lights  : write_int open fd=7
08-09 15:28:21.861  5477  5582 D AAL     : onBacklightChanged: 850/1023 -> 838/1023(phy:3355/4095)
08-09 15:28:21.873  5354  5354 D lights  : write_int open fd=7
08-09 15:28:21.878  5477  5582 D AAL     : onBacklightChanged: 838/1023 -> 826/1023(phy:3307/4095)
08-09 15:28:21.889  5354  5354 D lights  : write_int open fd=7
08-09 15:28:21.894  5477  5582 D AAL     : onBacklightChanged: 826/1023 -> 814/1023(phy:3259/4095)
08-09 15:28:21.895  5477  5582 D AAL     : 08-09 03:28:21.829 BL= 542,ESS= 256, 08-09 03:28:21.845 BL= 534,ESS= 256, 08-09 03:28:21.862 BL= 526,ESS= 256, 08-09 03:28:21.878 BL= 519,ESS= 256, 08-09 03:28:21.895 BL= 511,ESS= 256, 
08-09 15:28:21.906  5354  5354 D lights  : write_int open fd=7
08-09 15:28:21.911  5477  5582 D AAL     : onBacklightChanged: 814/1023 -> 802/1023(phy:3211/4095)
08-09 15:28:21.922  5354  5354 D lights  : write_int open fd=7
08-09 15:28:21.927  5477  5582 D AAL     : onBacklightChanged: 802/1023 -> 790/1023(phy:3163/4095)
08-09 15:28:21.939  5354  5354 D lights  : write_int open fd=7
08-09 15:28:21.944  5477  5582 D AAL     : onBacklightChanged: 790/1023 -> 778/1023(phy:3115/4095)
08-09 15:28:21.955  5354  5354 D lights  : write_int open fd=7
08-09 15:28:21.960  5477  5582 D AAL     : onBacklightChanged: 778/1023 -> 766/1023(phy:3066/4095)
08-09 15:28:21.972  5354  5354 D lights  : write_int open fd=7
08-09 15:28:21.977  5477  5582 D AAL     : onBacklightChanged: 766/1023 -> 754/1023(phy:3018/4095)
08-09 15:28:21.978  5477  5582 D AAL     : 08-09 03:28:21.912 BL= 504,ESS= 256, 08-09 03:28:21.928 BL= 496,ESS= 256, 08-09 03:28:21.945 BL= 489,ESS= 256, 08-09 03:28:21.961 BL= 481,ESS= 256, 08-09 03:28:21.978 BL= 473,ESS= 256, 
08-09 15:28:21.989  5354  5354 D lights  : write_int open fd=7
08-09 15:28:21.993  5788  6028 E WifiVendorHal: getWifiLinkLayerStats_1_3_Internal(l.927) failed {.code = ERROR_NOT_SUPPORTED, .description = }
08-09 15:28:21.994  5477  5582 D AAL     : onBacklightChanged: 754/1023 -> 742/1023(phy:2970/4095)
08-09 15:28:22.005  5354  5354 D lights  : write_int open fd=7
08-09 15:28:22.007  6176  6263 D Tile.MobileDataTile: handleUpdateState arg=CallbackInfo[enabled=true,wifiEnabled=true,wifiConnected=true,airplaneModeEnabled=false,mobileSignalIconId=2131231793,dataTypeIconId=2131231879,activityIn=false,activityOut=false,enabledDesc=LV TELE2,noSim=false]
08-09 15:28:22.010  5477  5582 D AAL     : onBacklightChanged: 742/1023 -> 730/1023(phy:2922/4095)
08-09 15:28:22.012  6342  6584 D PhoneInterfaceManager: [PhoneIntfMgr] SubscriptionManager.getPhoneId(1)=0
08-09 15:28:22.013  6176  6263 D Tile.MobileDataTile: isDefaultDataSimRadioOn subId=1, isRadioOn=true
08-09 15:28:22.017  6176  6263 D Tile.MobileDataTile: handleUpdateState state=SignalState[,icon=ResourceIcon[resId=0x7f08030d],iconSupplier=null,label=Data Connection,secondaryLabel=null,contentDescription=null,dualLabelContentDescription=null,expandedAccessibilityClassName=null,disabledByPolicy=false,dualTarget=false,isTransient=false,state=2,slash="null",isCustomTile=false,value=false,activityIn=false,activityOut=false]
08-09 15:28:22.021  5354  5354 D lights  : write_int open fd=7
08-09 15:28:22.025  6176  6176 D StatusBarKeyguardViewManager: updateLockIcon lockVisible force false 
08-09 15:28:22.027  5477  5582 D AAL     : onBacklightChanged: 730/1023 -> 718/1023(phy:2874/4095)
08-09 15:28:22.038  5385  5883 I BufferQueueProducer: [StatusBar#0](this:0x72b5c5f800,id:6,api:1,p:6176,c:5385) queueBuffer: fps=0.66 dur=3012.88 max=3004.56 min=8.32
08-09 15:28:22.038  5354  5354 D lights  : write_int open fd=7
08-09 15:28:22.043  5477  5582 D AAL     : onBacklightChanged: 718/1023 -> 706/1023(phy:2826/4095)
08-09 15:28:22.055  5354  5354 D lights  : write_int open fd=7
08-09 15:28:22.057  5349  5349 I hwcomposer: [HWCDisplay] [Display_0 (type:1)] fps:0.663691,dur:3013.45,max:2999.72,min:13.73  
08-09 15:28:22.060  5477  5582 D AAL     : onBacklightChanged: 706/1023 -> 694/1023(phy:2778/4095)
08-09 15:28:22.060  5477  5582 D AAL     : 08-09 03:28:21.994 BL= 466,ESS= 256, 08-09 03:28:22.011 BL= 458,ESS= 256, 08-09 03:28:22.028 BL= 451,ESS= 256, 08-09 03:28:22.044 BL= 443,ESS= 256, 08-09 03:28:22.060 BL= 435,ESS= 256, 
08-09 15:28:22.072  5354  5354 D lights  : write_int open fd=7
08-09 15:28:22.077  5477  5582 D AAL     : onBacklightChanged: 694/1023 -> 682/1023(phy:2730/4095)
08-09 15:28:22.088  5354  5354 D lights  : write_int open fd=7
08-09 15:28:22.093  5477  5582 D AAL     : onBacklightChanged: 682/1023 -> 670/1023(phy:2682/4095)
08-09 15:28:22.104  5354  5354 D lights  : write_int open fd=7
08-09 15:28:22.110  5477  5582 D AAL     : onBacklightChanged: 670/1023 -> 658/1023(phy:2634/4095)
08-09 15:28:22.121  5354  5354 D lights  : write_int open fd=7
08-09 15:28:22.126  5477  5582 D AAL     : onBacklightChanged: 658/1023 -> 646/1023(phy:2586/4095)
08-09 15:28:22.137  5354  5354 D lights  : write_int open fd=7
08-09 15:28:22.143  5477  5582 D AAL     : onBacklightChanged: 646/1023 -> 634/1023(phy:2538/4095)
08-09 15:28:22.153  5354  5354 D lights  : write_int open fd=7
08-09 15:28:22.161  5477  5582 D AAL     : 08-09 03:28:22.077 BL= 428,ESS= 256, 08-09 03:28:22.094 BL= 420,ESS= 256, 08-09 03:28:22.110 BL= 413,ESS= 256, 08-09 03:28:22.127 BL= 405,ESS= 256, 08-09 03:28:22.161 BL= 398,ESS= 256, 
08-09 15:28:22.161  5477  5582 D AAL     : onBacklightChanged: 634/1023 -> 622/1023(phy:2490/4095)
08-09 15:28:22.170  5354  5354 D lights  : write_int open fd=7
08-09 15:28:22.176  5477  5582 D AAL     : onBacklightChanged: 622/1023 -> 610/1023(phy:2442/4095)
08-09 15:28:22.187  5354  5354 D lights  : write_int open fd=7
08-09 15:28:22.192  5477  5582 D AAL     : onBacklightChanged: 610/1023 -> 598/1023(phy:2394/4095)
08-09 15:28:22.203  5354  5354 D lights  : write_int open fd=7
08-09 15:28:22.209  5477  5582 D AAL     : onBacklightChanged: 598/1023 -> 586/1023(phy:2346/4095)
08-09 15:28:22.220  5354  5354 D lights  : write_int open fd=7
08-09 15:28:22.225  5477  5582 D AAL     : onBacklightChanged: 586/1023 -> 574/1023(phy:2298/4095)
08-09 15:28:22.226  5477  5582 D AAL     : 08-09 03:28:22.161 BL= 390,ESS= 256, 08-09 03:28:22.177 BL= 383,ESS= 256, 08-09 03:28:22.193 BL= 375,ESS= 256, 08-09 03:28:22.210 BL= 368,ESS= 256, 08-09 03:28:22.226 BL= 360,ESS= 256, 
08-09 15:28:22.237  5354  5354 D lights  : write_int open fd=7
08-09 15:28:22.242  5477  5582 D AAL     : onBacklightChanged: 574/1023 -> 562/1023(phy:2250/4095)
08-09 15:28:22.253  5354  5354 D lights  : write_int open fd=7
08-09 15:28:22.259  5477  5582 D AAL     : onBacklightChanged: 562/1023 -> 550/1023(phy:2202/4095)
08-09 15:28:22.270  5354  5354 D lights  : write_int open fd=7
08-09 15:28:22.275  5477  5582 D AAL     : onBacklightChanged: 550/1023 -> 538/1023(phy:2154/4095)
08-09 15:28:22.286  5354  5354 D lights  : write_int open fd=7
08-09 15:28:22.292  5477  5582 D AAL     : onBacklightChanged: 538/1023 -> 526/1023(phy:2106/4095)
08-09 15:28:22.299  9769  9815 E nightwatch-target: lmkd signal waiters
08-09 15:28:22.303  5354  5354 D lights  : write_int open fd=7
08-09 15:28:22.308  5477  5582 D AAL     : onBacklightChanged: 526/1023 -> 514/1023(phy:2058/4095)
08-09 15:28:22.309  5477  5582 D AAL     : 08-09 03:28:22.243 BL= 353,ESS= 256, 08-09 03:28:22.259 BL= 345,ESS= 256, 08-09 03:28:22.276 BL= 337,ESS= 256, 08-09 03:28:22.292 BL= 330,ESS= 256, 08-09 03:28:22.309 BL= 322,ESS= 256, 
08-09 15:28:22.320  5354  5354 D lights  : write_int open fd=7
08-09 15:28:22.325  5477  5582 D AAL     : onBacklightChanged: 514/1023 -> 505/1023(phy:2021/4095)
08-09 15:28:22.336  5354  5354 D lights  : write_int open fd=7
08-09 15:28:22.336  6176  6263 D NetworkTypeUtils: nrState = -1
08-09 15:28:22.341  5477  5582 D AAL     : onBacklightChanged: 505/1023 -> 493/1023(phy:1973/4095)
08-09 15:28:22.353  5354  5354 D lights  : write_int open fd=7
08-09 15:28:22.358  5477  5582 D AAL     : onBacklightChanged: 493/1023 -> 481/1023(phy:1925/4095)
08-09 15:28:22.369  5354  5354 D lights  : write_int open fd=7
08-09 15:28:22.374  5477  5582 D AAL     : onBacklightChanged: 481/1023 -> 469/1023(phy:1877/4095)
08-09 15:28:22.385  5354  5354 D lights  : write_int open fd=7
08-09 15:28:22.391  5477  5582 D AAL     : onBacklightChanged: 469/1023 -> 457/1023(phy:1829/4095)
08-09 15:28:22.392  5477  5582 D AAL     : 08-09 03:28:22.325 BL= 317,ESS= 256, 08-09 03:28:22.342 BL= 309,ESS= 256, 08-09 03:28:22.358 BL= 302,ESS= 256, 08-09 03:28:22.375 BL= 294,ESS= 256, 08-09 03:28:22.392 BL= 287,ESS= 256, 
08-09 15:28:22.402  5354  5354 D lights  : write_int open fd=7
08-09 15:28:22.408  5477  5582 D AAL     : onBacklightChanged: 457/1023 -> 445/1023(phy:1781/4095)
08-09 15:28:22.419  5354  5354 D lights  : write_int open fd=7
08-09 15:28:22.424  5477  5582 D AAL     : onBacklightChanged: 445/1023 -> 433/1023(phy:1733/4095)
08-09 15:28:22.436  5354  5354 D lights  : write_int open fd=7
08-09 15:28:22.441  5477  5582 D AAL     : onBacklightChanged: 433/1023 -> 421/1023(phy:1685/4095)
08-09 15:28:22.452  5354  5354 D lights  : write_int open fd=7
08-09 15:28:22.457  5477  5582 D AAL     : onBacklightChanged: 421/1023 -> 409/1023(phy:1637/4095)
08-09 15:28:22.468  5354  5354 D lights  : write_int open fd=7
08-09 15:28:22.474  5477  5582 D AAL     : onBacklightChanged: 409/1023 -> 397/1023(phy:1589/4095)
08-09 15:28:22.475  5477  5582 D AAL     : 08-09 03:28:22.408 BL= 279,ESS= 256, 08-09 03:28:22.425 BL= 271,ESS= 256, 08-09 03:28:22.441 BL= 264,ESS= 256, 08-09 03:28:22.458 BL= 256,ESS= 256, 08-09 03:28:22.475 BL= 249,ESS= 256, 
08-09 15:28:22.485  5354  5354 D lights  : write_int open fd=7
08-09 15:28:22.490  5477  5582 D AAL     : onBacklightChanged: 397/1023 -> 385/1023(phy:1541/4095)
08-09 15:28:22.502  5354  5354 D lights  : write_int open fd=7
08-09 15:28:22.507  5477  5582 D AAL     : onBacklightChanged: 385/1023 -> 373/1023(phy:1493/4095)
08-09 15:28:22.518  5354  5354 D lights  : write_int open fd=7
08-09 15:28:22.523  5477  5582 D AAL     : onBacklightChanged: 373/1023 -> 361/1023(phy:1445/4095)
08-09 15:28:22.535  5354  5354 D lights  : write_int open fd=7
08-09 15:28:22.540  5477  5582 D AAL     : onBacklightChanged: 361/1023 -> 349/1023(phy:1397/4095)
08-09 15:28:22.551  5354  5354 D lights  : write_int open fd=7
08-09 15:28:22.557  5477  5582 D AAL     : onBacklightChanged: 349/1023 -> 337/1023(phy:1349/4095)
08-09 15:28:22.557  5477  5582 D AAL     : 08-09 03:28:22.491 BL= 241,ESS= 256, 08-09 03:28:22.508 BL= 234,ESS= 256, 08-09 03:28:22.524 BL= 227,ESS= 256, 08-09 03:28:22.541 BL= 219,ESS= 256, 08-09 03:28:22.557 BL= 211,ESS= 256, 
08-09 15:28:22.568  5354  5354 D lights  : write_int open fd=7
08-09 15:28:22.573  5477  5582 D AAL     : onBacklightChanged: 337/1023 -> 325/1023(phy:1301/4095)
08-09 15:28:22.584  5354  5354 D lights  : write_int open fd=7
08-09 15:28:22.590  5477  5582 D AAL     : onBacklightChanged: 325/1023 -> 313/1023(phy:1253/4095)
08-09 15:28:22.601  5354  5354 D lights  : write_int open fd=7
08-09 15:28:22.606  5477  5582 D AAL     : onBacklightChanged: 313/1023 -> 301/1023(phy:1205/4095)
08-09 15:28:22.617  5354  5354 D lights  : write_int open fd=7
08-09 15:28:22.623  5477  5582 D AAL     : onBacklightChanged: 301/1023 -> 289/1023(phy:1157/4095)
08-09 15:28:22.634  5354  5354 D lights  : write_int open fd=7
08-09 15:28:22.639  5477  5582 D AAL     : onBacklightChanged: 289/1023 -> 277/1023(phy:1109/4095)
08-09 15:28:22.640  5477  5582 D AAL     : 08-09 03:28:22.574 BL= 204,ESS= 256, 08-09 03:28:22.590 BL= 196,ESS= 256, 08-09 03:28:22.607 BL= 189,ESS= 256, 08-09 03:28:22.623 BL= 181,ESS= 256, 08-09 03:28:22.640 BL= 174,ESS= 256, 
08-09 15:28:22.651  5354  5354 D lights  : write_int open fd=7
08-09 15:28:22.656  5477  5582 D AAL     : onBacklightChanged: 277/1023 -> 265/1023(phy:1061/4095)
08-09 15:28:22.667  5354  5354 D lights  : write_int open fd=7
08-09 15:28:22.673  5477  5582 D AAL     : onBacklightChanged: 265/1023 -> 253/1023(phy:1012/4095)
08-09 15:28:22.684  5354  5354 D lights  : write_int open fd=7
08-09 15:28:22.689  5477  5582 D AAL     : onBacklightChanged: 253/1023 -> 241/1023(phy:964/4095)
08-09 15:28:22.700  5354  5354 D lights  : write_int open fd=7
08-09 15:28:22.706  5477  5582 D AAL     : onBacklightChanged: 241/1023 -> 229/1023(phy:916/4095)
08-09 15:28:22.717  5354  5354 D lights  : write_int open fd=7
08-09 15:28:22.722  5477  5582 D AAL     : onBacklightChanged: 229/1023 -> 217/1023(phy:868/4095)
08-09 15:28:22.723  5477  5582 D AAL     : 08-09 03:28:22.656 BL= 166,ESS= 256, 08-09 03:28:22.673 BL= 159,ESS= 256, 08-09 03:28:22.690 BL= 151,ESS= 256, 08-09 03:28:22.706 BL= 143,ESS= 256, 08-09 03:28:22.723 BL= 136,ESS= 256, 
08-09 15:28:22.734  5354  5354 D lights  : write_int open fd=7
08-09 15:28:22.739  5477  5582 D AAL     : onBacklightChanged: 217/1023 -> 205/1023(phy:820/4095)
08-09 15:28:22.750  5354  5354 D lights  : write_int open fd=7
08-09 15:28:22.755  5477  5582 D AAL     : onBacklightChanged: 205/1023 -> 193/1023(phy:772/4095)
08-09 15:28:22.766  5354  5354 D lights  : write_int open fd=7
08-09 15:28:22.772  5477  5582 D AAL     : onBacklightChanged: 193/1023 -> 181/1023(phy:724/4095)
08-09 15:28:22.783  5354  5354 D lights  : write_int open fd=7
08-09 15:28:22.789  5477  5582 D AAL     : onBacklightChanged: 181/1023 -> 168/1023(phy:672/4095)
08-09 15:28:22.799  5354  5354 D lights  : write_int open fd=7
08-09 15:28:22.805  5477  5582 D AAL     : onBacklightChanged: 168/1023 -> 156/1023(phy:624/4095)
08-09 15:28:22.805  5477  5582 D AAL     : 08-09 03:28:22.740 BL= 128,ESS= 256, 08-09 03:28:22.756 BL= 121,ESS= 256, 08-09 03:28:22.773 BL= 113,ESS= 256, 08-09 03:28:22.789 BL= 105,ESS= 256, 08-09 03:28:22.805 BL=  97,ESS= 256, 
08-09 15:28:22.816  5354  5354 D lights  : write_int open fd=7
08-09 15:28:22.821  5477  5582 D AAL     : onBacklightChanged: 156/1023 -> 144/1023(phy:576/4095)
08-09 15:28:22.833  5354  5354 D lights  : write_int open fd=7
08-09 15:28:22.838  5477  5582 D AAL     : onBacklightChanged: 144/1023 -> 132/1023(phy:528/4095)
08-09 15:28:22.839  9769  9815 E nightwatch-target: lmkd signal waiters
08-09 15:28:22.849  5354  5354 D lights  : write_int open fd=7
08-09 15:28:22.855  5477  5582 D AAL     : onBacklightChanged: 132/1023 -> 120/1023(phy:480/4095)
08-09 15:28:22.866  5354  5354 D lights  : write_int open fd=7
08-09 15:28:22.871  5477  5582 D AAL     : onBacklightChanged: 120/1023 -> 108/1023(phy:432/4095)
08-09 15:28:22.882  5354  5354 D lights  : write_int open fd=7
08-09 15:28:22.888  5477  5582 D AAL     : onBacklightChanged: 108/1023 -> 96/1023(phy:384/4095)
08-09 15:28:22.888  5477  5582 D AAL     : 08-09 03:28:22.822 BL=  90,ESS= 256, 08-09 03:28:22.838 BL=  82,ESS= 256, 08-09 03:28:22.855 BL=  75,ESS= 256, 08-09 03:28:22.872 BL=  67,ESS= 256, 08-09 03:28:22.888 BL=  60,ESS= 256, 
08-09 15:28:22.899  5354  5354 D lights  : write_int open fd=7
08-09 15:28:22.904  5477  5582 D AAL     : onBacklightChanged: 96/1023 -> 84/1023(phy:336/4095)
08-09 15:28:22.916  5354  5354 D lights  : write_int open fd=7
08-09 15:28:22.921  5477  5582 D AAL     : onBacklightChanged: 84/1023 -> 72/1023(phy:288/4095)
08-09 15:28:22.932  5354  5354 D lights  : write_int open fd=7
08-09 15:28:22.937  5477  5582 D AAL     : onBacklightChanged: 72/1023 -> 60/1023(phy:240/4095)
08-09 15:28:22.949  5354  5354 D lights  : write_int open fd=7
08-09 15:28:22.954  5477  5582 D AAL     : onBacklightChanged: 60/1023 -> 48/1023(phy:192/4095)
08-09 15:28:22.965  5354  5354 D lights  : write_int open fd=7
08-09 15:28:22.970  5477  5582 D AAL     : onBacklightChanged: 48/1023 -> 40/1023(phy:160/4095)
08-09 15:28:22.971  5477  5582 D AAL     : 08-09 03:28:22.905 BL=  52,ESS= 256, 08-09 03:28:22.921 BL=  45,ESS= 256, 08-09 03:28:22.938 BL=  37,ESS= 256, 08-09 03:28:22.955 BL=  30,ESS= 256, 08-09 03:28:22.971 BL=  25,ESS= 256, 
08-09 15:28:23.364  9769  9815 E nightwatch-target: lmkd signal waiters
08-09 15:28:23.521  5469  5469 I thermal_repeater: [recvMdThermalInfo] ret=29, strLen=127,  3, 38, -50, -28409, 32767, 0
08-09 15:28:23.903  9769  9815 E nightwatch-target: lmkd signal waiters
08-09 15:28:24.440  6176  6176 D fast_charge: BatteryTracker---->level--->64---plugType--->2---plugged--->true---health--->2---status--->2---technology--->Li-ion---voltage--->4058---temperature--->313
08-09 15:28:24.441  6176  6176 I FlashlightTile: battery level = 64
08-09 15:28:24.443  9769  9815 E nightwatch-target: lmkd signal waiters
08-09 15:28:24.457  6176  6176 D StatusBarKeyguardViewManager: updateLockIcon lockVisible force false 
08-09 15:28:24.474  5385  5883 I BufferQueueProducer: [StatusBar#0](this:0x72b5c5f800,id:6,api:1,p:6176,c:5385) queueBuffer: fps=0.82 dur=2435.77 max=2426.90 min=8.88
08-09 15:28:24.490  5349  5349 I hwcomposer: [HWCDisplay] [Display_0 (type:1)] fps:0.821805,dur:2433.67,max:2420.18,min:13.49  
08-09 15:28:24.984  9769  9815 E nightwatch-target: lmkd signal waiters
08-09 15:28:25.011  5788  6028 E WifiVendorHal: getWifiLinkLayerStats_1_3_Internal(l.927) failed {.code = ERROR_NOT_SUPPORTED, .description = }
08-09 15:28:25.523  9769  9815 E nightwatch-target: lmkd signal waiters
08-09 15:28:26.604  9769  9815 I chatty  : uid=10119(com.instagram.android) Lacrima_startup identical 2 lines
08-09 15:28:27.145  9769  9815 E nightwatch-target: lmkd signal waiters
08-09 15:28:27.457  6176  6263 D NetworkTypeUtils: nrState = -1
08-09 15:28:27.683  9769  9815 E nightwatch-target: lmkd signal waiters
08-09 15:28:28.025  5788  6028 E WifiVendorHal: getWifiLinkLayerStats_1_3_Internal(l.927) failed {.code = ERROR_NOT_SUPPORTED, .description = }
08-09 15:28:28.040  6176  6263 D Tile.MobileDataTile: handleUpdateState arg=CallbackInfo[enabled=true,wifiEnabled=true,wifiConnected=true,airplaneModeEnabled=false,mobileSignalIconId=2131231793,dataTypeIconId=2131231879,activityIn=false,activityOut=false,enabledDesc=LV TELE2,noSim=false]
08-09 15:28:28.044  6342  6584 D PhoneInterfaceManager: [PhoneIntfMgr] SubscriptionManager.getPhoneId(1)=0
08-09 15:28:28.045  6176  6263 D Tile.MobileDataTile: isDefaultDataSimRadioOn subId=1, isRadioOn=true
08-09 15:28:28.049  6176  6263 D Tile.MobileDataTile: handleUpdateState state=SignalState[,icon=ResourceIcon[resId=0x7f08030d],iconSupplier=null,label=Data Connection,secondaryLabel=null,contentDescription=null,dualLabelContentDescription=null,expandedAccessibilityClassName=null,disabledByPolicy=false,dualTarget=false,isTransient=false,state=2,slash="null",isCustomTile=false,value=false,activityIn=false,activityOut=false]
08-09 15:28:28.052  6176  6176 D StatusBarKeyguardViewManager: updateLockIcon lockVisible force false 
08-09 15:28:28.064  5385  5482 I BufferQueueProducer: [StatusBar#0](this:0x72b5c5f800,id:6,api:1,p:6176,c:5385) queueBuffer: fps=0.56 dur=3590.36 max=3582.36 min=8.00
08-09 15:28:28.083  5349  5349 I hwcomposer: [HWCDisplay] [Display_0 (type:1)] fps:0.556644,dur:3592.96,max:3579.39,min:13.56  
08-09 15:28:28.203  9769  9815 E nightwatch-target: lmkd signal waiters
08-09 15:28:28.392  7067  7067 E GsaVoiceInteractionSrv: updateScreenStatus
08-09 15:28:28.395  7067  7067 E A       : FASE: true, SHwR: false, ACR: true, HR: true, ACbSS: false, ACbHE: false, SO:true, ARS: false
08-09 15:28:28.743  9769  9815 E nightwatch-target: lmkd signal waiters
08-09 15:28:30.305  9769  9815 I chatty  : uid=10119(com.instagram.android) Lacrima_startup identical 3 lines
08-09 15:28:30.844  9769  9815 E nightwatch-target: lmkd signal waiters
08-09 15:28:31.041  5788  6028 E WifiVendorHal: getWifiLinkLayerStats_1_3_Internal(l.927) failed {.code = ERROR_NOT_SUPPORTED, .description = }
08-09 15:28:31.110  5788  5838 D AES     : AEEIOCTL_GET/SET_SF_STATE IOCTL,cmd= 1074294797, lParam=0. 
08-09 15:28:31.110  5788  5838 D AES     : AEEIOCTL_RT_MON_Kick IOCTL,cmd= 2147774474, lParam=300. 
08-09 15:28:31.356  9769  9815 E nightwatch-target: lmkd signal waiters
08-09 15:28:31.870  9769  9815 I chatty  : uid=10119(com.instagram.android) Lacrima_startup identical 1 line
08-09 15:28:32.408  9769  9815 E nightwatch-target: lmkd signal waiters
08-09 15:28:32.576  6176  6263 D NetworkTypeUtils: nrState = -1
08-09 15:28:32.632  6176  6176 D fast_charge: BatteryTracker---->level--->64---plugType--->2---plugged--->true---health--->2---status--->2---technology--->Li-ion---voltage--->4063---temperature--->313
08-09 15:28:32.633  6176  6176 I FlashlightTile: battery level = 64
08-09 15:28:32.653  6176  6176 D StatusBarKeyguardViewManager: updateLockIcon lockVisible force false 
08-09 15:28:32.669  5385  5482 I BufferQueueProducer: [StatusBar#0](this:0x72b5c5f800,id:6,api:1,p:6176,c:5385) queueBuffer: fps=0.43 dur=4604.70 max=4596.38 min=8.32
08-09 15:28:32.686  5349  5349 I hwcomposer: [HWCDisplay] [Display_0 (type:1)] fps:0.434540,dur:4602.56,max:4588.93,min:13.63  
08-09 15:28:32.947  9769  9815 E nightwatch-target: lmkd signal waiters
08-09 15:28:33.487  9769  9815 E nightwatch-target: lmkd signal waiters
08-09 15:28:33.537  5469  5469 I thermal_repeater: [recvMdThermalInfo] ret=29, strLen=127,  3, 37, -50, -28409, 32767, 0
08-09 15:28:34.027  9769  9815 E nightwatch-target: lmkd signal waiters
08-09 15:28:34.062  5788  6028 E WifiVendorHal: getWifiLinkLayerStats_1_3_Internal(l.927) failed {.code = ERROR_NOT_SUPPORTED, .description = }
08-09 15:28:34.568  9769  9815 E nightwatch-target: lmkd signal waiters
08-09 15:28:35.647  9769  9815 I chatty  : uid=10119(com.instagram.android) Lacrima_startup identical 2 lines
08-09 15:28:36.187  9769  9815 E nightwatch-target: lmkd signal waiters
08-09 15:28:36.434 13841 13854 W com.whatsapp: Reducing the number of considered missed Gc histogram windows from 148 to 100
08-09 15:28:36.721  9769  9815 E nightwatch-target: lmkd signal waiters
08-09 15:28:37.079  5788  6028 E WifiVendorHal: getWifiLinkLayerStats_1_3_Internal(l.927) failed {.code = ERROR_NOT_SUPPORTED, .description = }
08-09 15:28:37.259  9769  9815 E nightwatch-target: lmkd signal waiters
08-09 15:28:39.385  9769  9815 I chatty  : uid=10119(com.instagram.android) Lacrima_startup identical 4 lines
08-09 15:28:39.923  9769  9815 E nightwatch-target: lmkd signal waiters
08-09 15:28:40.098  5788  6028 E WifiVendorHal: getWifiLinkLayerStats_1_3_Internal(l.927) failed {.code = ERROR_NOT_SUPPORTED, .description = }
08-09 15:28:40.463  9769  9815 E nightwatch-target: lmkd signal waiters
08-09 15:28:40.829  6176  6176 D fast_charge: BatteryTracker---->level--->65---plugType--->2---plugged--->true---health--->2---status--->2---technology--->Li-ion---voltage--->4065---temperature--->314
08-09 15:28:40.831  5788  5788 D LPPeService: [4][lbs] lbsBatteryChanged() level=[65] scale=[100] percentage=[65]
08-09 15:28:40.831  6176  6176 W FCharge : read prop = 0
08-09 15:28:40.831  6176  6176 I FlashlightTile: battery level = 65
08-09 15:28:40.847  5371  5400 D lbs_hidl_service: [1.06][mtk_lppe_socket_agps] sendToServer() size=[12]
08-09 15:28:40.849  6176  6176 D StatusBarKeyguardViewManager: updateLockIcon lockVisible force false 
08-09 15:28:40.865  5473  5483 D agps    : [agps][n][LPPe] [recv] LPPeLbs_updateBatteryInfo_hdlr() batteryPercentage=[65]
08-09 15:28:40.865  5473  5483 D agps    : [agps][n][CP] [MD_1] write  sim_info_req  gsm_disabled=[0] umts_disabled=[0] lte_disabled=[0] lppe_enable=[1] lppe_network_location_disable=[0] reject_non911_nilr_enable=[0] battery_percentage=[65] cp_guard_time=[0]0 cp_capability_ctrl=[0]0
08-09 15:28:40.866  5385  5883 I BufferQueueProducer: [StatusBar#0](this:0x72b5c5f800,id:6,api:1,p:6176,c:5385) queueBuffer: fps=0.24 dur=8196.50 max=8188.32 min=8.18
08-09 15:28:40.873  5473  5483 D agps    : [agps][n][CP] [MD_1] read  sim_info_rsp  sim_number=2 md_type=0 (0=fdd, 1=tdd) ecid=1 otdoa=1 band_num=11
08-09 15:28:40.873  5473  5483 D agps    : [agps][n][CP] i=0  support_band=1
08-09 15:28:40.873  5473  5483 D agps    : [agps][n][CP] i=1  support_band=2
08-09 15:28:40.873  5473  5483 D agps    : [agps][n][CP] i=2  support_band=3
08-09 15:28:40.874  5473  5483 D agps    : [agps][n][CP] i=3  support_band=4
08-09 15:28:40.874  5473  5483 D agps    : [agps][n][CP] i=4  support_band=5
08-09 15:28:40.874  5473  5483 D agps    : [agps][n][CP] i=5  support_band=7
08-09 15:28:40.874  5473  5483 D agps    : [agps][n][CP] i=6  support_band=8
08-09 15:28:40.874  5473  5483 D agps    : [agps][n][CP] i=7  support_band=12
08-09 15:28:40.874  5473  5483 D agps    : [agps][n][CP] i=8  support_band=13
08-09 15:28:40.874  5473  5483 D agps    : [agps][n][CP] i=9  support_band=17
08-09 15:28:40.874  5473  5483 D agps    : [agps][n][CP] i=10  support_band=28
08-09 15:28:40.874  5473  5483 D agps    : [agps][n][CP] index=[0]  support_lpp_otdoa_nbr_cell_list=[0] support_supl_flow_ind=[1] support_location_settings=[1] support_cp_lppe=[1] support_md_time_sync=[0]
08-09 15:28:40.875  5473  5521 D agps    : [agps][n][task] lpp  rcv src=[MOD_LPP_CP] dest=[MOD_LPP_UP] msg=[MSG_ID_LPP_LBS_CAPABILITY_UPDATE_REQ]
08-09 15:28:40.876  5473  5483 D agps    : [agps][n][CP] [MD_1] write  cp2_util_send_location_setting  enabled=[1]
08-09 15:28:40.876  5473  5521 D agps    : [agps][n][task] lpp  rcv src=[MOD_LPP_CP] dest=[MOD_LPP_UP] msg=[MSG_ID_LPP_PEER_EUTRAN_BAND_UPDATE_CNF]
08-09 15:28:40.882  5349  5349 I hwcomposer: [HWCDisplay] [Display_0 (type:1)] fps:0.244030,dur:8195.70,max:8181.88,min:13.82  
08-09 15:28:40.885  5473  5483 D agps    : [agps][n][AGPS] [MNL] write  agps_settings_sync  sib8_16=[1], gps=[1] glonass=[1] beidou=[1] galileo=[1] agps=[1] aglonass=[1] abeidou=[1] agalileo=[1]
08-09 15:28:40.888  5399  5438 D MNLD    : agps_settings_sync: agps setting, sib8_16_enable = 1, gps_sat_en = 1, glonass_sat_en = 1,         beidou_sat_en = 1, galileo_sat_en = 1, a_glonass_sat_en = 1,         a_gps_satellite_enable = 1, a_beidou_satellite_enable = 1, a_galileo_satellite_enable = 1, lppe_enable=1
08-09 15:28:40.900  5399  5438 D MNLD    : agps_settings_sync: mnl stop, mnld send pmtk764 to agpsd
08-09 15:28:40.900  5399  5438 D MNLD    : get_agnss_capability: MNLD_PMTK764: $PMTK764,0,0,0,3,0,128,4,128,5,128,1*23
08-09 15:28:40.900  5399  5438 D MNLD    : , agps_cap:1, aglonass_cap:1, abeidou_cap:1, agalileo_cap:0, lppe_support:1
08-09 15:28:40.900  5473  5483 D agps    : [agps][n][AGPS] [MNL] read  agps_settings_ack  gps=[1] glonass=[1] beidou=[1] galileo=[0]
08-09 15:28:40.906  5473  5483 D agps    : [agps][n][AGPS] [MNL] read  pmtk=[$PMTK764,0,0,0,3,0,128,4,128,5,128,1*23
08-09 15:28:40.906  5473  5483 D agps    : ]
08-09 15:28:40.906  5473  5483 D agps    : [agps][n][AGPS] gnss_num=3
08-09 15:28:40.906  5473  5483 D agps    : [agps][n][CP] [MD_1] write  pmtk [$PMTK764,0,0,0,3,0,128,4,128,5,128,1*23
08-09 15:28:40.906  5473  5483 D agps    : ]
08-09 15:28:41.003  9769  9815 E nightwatch-target: lmkd signal waiters
08-09 15:28:42.079  9769  9815 I chatty  : uid=10119(com.instagram.android) Lacrima_startup identical 2 lines
08-09 15:28:42.589  9769  9815 E nightwatch-target: lmkd signal waiters
08-09 15:28:42.819  6176  6263 D NetworkTypeUtils: nrState = -1
08-09 15:28:43.114  5788  6028 E WifiVendorHal: getWifiLinkLayerStats_1_3_Internal(l.927) failed {.code = ERROR_NOT_SUPPORTED, .description = }
08-09 15:28:43.127  9769  9815 E nightwatch-target: lmkd signal waiters
08-09 15:28:43.556  5469  5469 I thermal_repeater: [recvMdThermalInfo] ret=29, strLen=127,  3, 38, -50, -28409, 32767, 0
08-09 15:28:43.667  9769  9815 E nightwatch-target: lmkd signal waiters
08-09 15:28:43.731  5383  5383 I lowmemorykiller: 2 memory pressure events were skipped after a kill!
08-09 15:28:43.837  5383  5383 I lowmemorykiller: 5 memory pressure events were skipped after a kill!
08-09 15:28:44.208  9769  9815 E nightwatch-target: lmkd signal waiters
08-09 15:28:44.359  5788  5851 E KernelCpuSpeedReader: Failed to read cpu-freq: /sys/devices/system/cpu/cpu4/cpufreq/stats/time_in_state: open failed: ENOENT (No such file or directory)
08-09 15:28:44.360  5788  5851 E KernelCpuSpeedReader: Failed to read cpu-freq: /sys/devices/system/cpu/cpu0/cpufreq/stats/time_in_state: open failed: ENOENT (No such file or directory)
08-09 15:28:45.287  9769  9815 I chatty  : uid=10119(com.instagram.android) Lacrima_startup identical 2 lines
08-09 15:28:45.828  9769  9815 E nightwatch-target: lmkd signal waiters
08-09 15:28:46.129  5788  6028 E WifiVendorHal: getWifiLinkLayerStats_1_3_Internal(l.927) failed {.code = ERROR_NOT_SUPPORTED, .description = }
08-09 15:28:46.137  6176  6263 D Tile.MobileDataTile: handleUpdateState arg=CallbackInfo[enabled=true,wifiEnabled=true,wifiConnected=true,airplaneModeEnabled=false,mobileSignalIconId=2131231793,dataTypeIconId=2131231879,activityIn=false,activityOut=false,enabledDesc=LV TELE2,noSim=false]
08-09 15:28:46.141  6342  6584 D PhoneInterfaceManager: [PhoneIntfMgr] SubscriptionManager.getPhoneId(1)=0
08-09 15:28:46.142  6176  6263 D Tile.MobileDataTile: isDefaultDataSimRadioOn subId=1, isRadioOn=true
08-09 15:28:46.146  6176  6263 D Tile.MobileDataTile: handleUpdateState state=SignalState[,icon=ResourceIcon[resId=0x7f08030d],iconSupplier=null,label=Data Connection,secondaryLabel=null,contentDescription=null,dualLabelContentDescription=null,expandedAccessibilityClassName=null,disabledByPolicy=false,dualTarget=false,isTransient=false,state=2,slash="null",isCustomTile=false,value=false,activityIn=false,activityOut=false]
08-09 15:28:46.149  6176  6176 D StatusBarKeyguardViewManager: updateLockIcon lockVisible force false 
08-09 15:28:46.161  5385  5482 I BufferQueueProducer: [StatusBar#0](this:0x72b5c5f800,id:6,api:1,p:6176,c:5385) queueBuffer: fps=0.38 dur=5295.72 max=5287.37 min=8.35
08-09 15:28:46.180  5349  5349 I hwcomposer: [HWCDisplay] [Display_0 (type:1)] fps:0.377500,dur:5298.02,max:5284.98,min:13.04  
08-09 15:28:46.367  9769  9815 E nightwatch-target: lmkd signal waiters
08-09 15:28:46.879  9769  9815 I chatty  : uid=10119(com.instagram.android) Lacrima_startup identical 1 line
08-09 15:28:47.419  9769  9815 E nightwatch-target: lmkd signal waiters
08-09 15:28:47.935  6176  6263 D NetworkTypeUtils: nrState = -1
08-09 15:28:47.959  9769  9815 E nightwatch-target: lmkd signal waiters
08-09 15:28:48.499  9769  9815 E nightwatch-target: lmkd signal waiters
08-09 15:28:49.025  6176  6176 D fast_charge: BatteryTracker---->level--->65---plugType--->2---plugged--->true---health--->2---status--->2---technology--->Li-ion---voltage--->4060---temperature--->313
08-09 15:28:49.026  6176  6176 I FlashlightTile: battery level = 65
08-09 15:28:49.040  9769  9815 E nightwatch-target: lmkd signal waiters
08-09 15:28:49.044  6176  6176 D StatusBarKeyguardViewManager: updateLockIcon lockVisible force false 
08-09 15:28:49.060  5385  7030 I BufferQueueProducer: [StatusBar#0](this:0x72b5c5f800,id:6,api:1,p:6176,c:5385) queueBuffer: fps=0.69 dur=2899.03 max=2889.40 min=9.63
08-09 15:28:49.077  5349  5349 I hwcomposer: [HWCDisplay] [Display_0 (type:1)] fps:0.690196,dur:2897.73,max:2884.32,min:13.41  
08-09 15:28:49.138  5788  6028 E WifiVendorHal: getWifiLinkLayerStats_1_3_Internal(l.927) failed {.code = ERROR_NOT_SUPPORTED, .description = }
08-09 15:28:49.152  6176  6263 D Tile.MobileDataTile: handleUpdateState arg=CallbackInfo[enabled=true,wifiEnabled=true,wifiConnected=true,airplaneModeEnabled=false,mobileSignalIconId=2131231793,dataTypeIconId=2131231879,activityIn=false,activityOut=false,enabledDesc=LV TELE2,noSim=false]
08-09 15:28:49.156  6342  6584 D PhoneInterfaceManager: [PhoneIntfMgr] SubscriptionManager.getPhoneId(1)=0
08-09 15:28:49.157  6176  6263 D Tile.MobileDataTile: isDefaultDataSimRadioOn subId=1, isRadioOn=true
08-09 15:28:49.160  6176  6263 D Tile.MobileDataTile: handleUpdateState state=SignalState[,icon=ResourceIcon[resId=0x7f08030d],iconSupplier=null,label=Data Connection,secondaryLabel=null,contentDescription=null,dualLabelContentDescription=null,expandedAccessibilityClassName=null,disabledByPolicy=false,dualTarget=false,isTransient=false,state=2,slash="null",isCustomTile=false,value=false,activityIn=false,activityOut=false]
08-09 15:28:49.161  6176  6176 D StatusBarKeyguardViewManager: updateLockIcon lockVisible force false 
08-09 15:28:49.579  9769  9815 E nightwatch-target: lmkd signal waiters
08-09 15:28:51.164  9769  9815 I chatty  : uid=10119(com.instagram.android) Lacrima_startup identical 3 lines
08-09 15:28:51.704  9769  9815 E nightwatch-target: lmkd signal waiters
08-09 15:28:52.154  5788  6028 E WifiVendorHal: getWifiLinkLayerStats_1_3_Internal(l.927) failed {.code = ERROR_NOT_SUPPORTED, .description = }
08-09 15:28:52.243  9769  9815 E nightwatch-target: lmkd signal waiters
08-09 15:28:52.781  9769  9815 E nightwatch-target: lmkd signal waiters
08-09 15:28:53.060  6176  6263 D NetworkTypeUtils: nrState = -1
08-09 15:28:53.319  9769  9815 E nightwatch-target: lmkd signal waiters
08-09 15:28:53.574  5469  5469 I thermal_repeater: [recvMdThermalInfo] ret=29, strLen=127,  3, 37, -50, -28409, 32767, 0
08-09 15:28:53.859  9769  9815 E nightwatch-target: lmkd signal waiters
08-09 15:28:54.399  9769  9815 I chatty  : uid=10119(com.instagram.android) Lacrima_startup identical 1 line
08-09 15:28:54.939  9769  9815 E nightwatch-target: lmkd signal waiters
