08-09 15:31:00.360  5477  5582 D AAL     : onBacklightChanged: 726/1023 -> 738/1023(phy:2954/4095)
08-09 15:31:00.371  5354  5354 D lights  : write_int open fd=7
08-09 15:31:00.376  5477  5582 D AAL     : onBacklightChanged: 738/1023 -> 750/1023(phy:3002/4095)
08-09 15:31:00.389  5354  5354 D lights  : write_int open fd=7
08-09 15:31:00.393  5477  5582 D AAL     : onBacklightChanged: 750/1023 -> 762/1023(phy:3050/4095)
08-09 15:31:00.404  5354  5354 D lights  : write_int open fd=7
08-09 15:31:00.410  5477  5582 D AAL     : onBacklightChanged: 762/1023 -> 774/1023(phy:3099/4095)
08-09 15:31:00.421  5354  5354 D lights  : write_int open fd=7
08-09 15:31:00.426  5477  5582 D AAL     : onBacklightChanged: 774/1023 -> 786/1023(phy:3147/4095)
08-09 15:31:00.427  5477  5582 D AAL     : 08-09 03:31:00.361 BL= 474,ESS= 256, 08-09 03:31:00.377 BL= 482,ESS= 256, 08-09 03:31:00.394 BL= 490,ESS= 256, 08-09 03:31:00.410 BL= 498,ESS= 256, 08-09 03:31:00.427 BL= 506,ESS= 256, 
08-09 15:31:00.437  5354  5354 D lights  : write_int open fd=7
08-09 15:31:00.443  5477  5582 D AAL     : onBacklightChanged: 786/1023 -> 798/1023(phy:3195/4095)
08-09 15:31:00.453  5788  5978 D PrizePhoneWidowManager: SystemGesturesPointerEventListener swip =0
08-09 15:31:00.454  6176  6176 W YZHD    : allowAnimations ---- EEA is not support
08-09 15:31:00.456  5354  5354 D lights  : write_int open fd=7
08-09 15:31:00.459  5477  5582 D AAL     : onBacklightChanged: 798/1023 -> 810/1023(phy:3243/4095)
08-09 15:31:00.469  5354  5354 D lights  : write_int open fd=7
08-09 15:31:00.475  5788  5977 V InputDispatcher: Asynchronous input event injection succeeded.
08-09 15:31:00.476  5477  5582 D AAL     : onBacklightChanged: 810/1023 -> 822/1023(phy:3291/4095)
08-09 15:31:00.479  5385  5884 I BufferQueueProducer: [NavigationBar0#0](this:0x729a514000,id:3520,api:1,p:6176,c:5385) queueBuffer: fps=2.88 dur=2431.66 max=1676.08 min=11.39
08-09 15:31:00.486  5349  5349 I hwcomposer: [HWCDisplay] [Display_0 (type:1)] fps:26.311520,dur:1140.18,max:316.98,min:3.88  
08-09 15:31:00.486  5354  5354 D lights  : write_int open fd=7
08-09 15:31:00.492  5477  5582 D AAL     : onBacklightChanged: 822/1023 -> 834/1023(phy:3339/4095)
08-09 15:31:00.502  5354  5354 D lights  : write_int open fd=7
08-09 15:31:00.509  5477  5582 D AAL     : onBacklightChanged: 834/1023 -> 846/1023(phy:3387/4095)
08-09 15:31:00.509  5477  5582 D AAL     : 08-09 03:31:00.444 BL= 514,ESS= 256, 08-09 03:31:00.460 BL= 522,ESS= 256, 08-09 03:31:00.477 BL= 530,ESS= 256, 08-09 03:31:00.493 BL= 538,ESS= 256, 08-09 03:31:00.509 BL= 545,ESS= 256, 
08-09 15:31:00.518  6176  6176 W YZHD    : allowAnimations ---- EEA is not support
08-09 15:31:00.521  5354  5354 D lights  : write_int open fd=7
08-09 15:31:00.521  5788  5977 V InputDispatcher: Asynchronous input event injection succeeded.
08-09 15:31:00.526  5477  5582 D AAL     : onBacklightChanged: 846/1023 -> 859/1023(phy:3439/4095)
08-09 15:31:00.536  5354  5354 D lights  : write_int open fd=7
08-09 15:31:00.541  6176  6176 V StatusBar: mStatusBarWindow: com.android.systemui.statusbar.phone.StatusBarWindowView{cf6275b V.E...... ........ 0,0-1080,84} canPanelBeCollapsed(): false
08-09 15:31:00.542  5477  5582 D AAL     : onBacklightChanged: 859/1023 -> 871/1023(phy:3487/4095)
08-09 15:31:00.499  5788  5978 I chatty  : uid=1000(system) InputReader identical 6 lines
08-09 15:31:00.508  5788  5978 D PrizePhoneWidowManager: SystemGesturesPointerEventListener swip =0
08-09 15:31:00.548  5788  5833 I ActivityTaskManager: START u0 {act=android.intent.action.MAIN cat=[android.intent.category.HOME] flg=0x10000100 cmp=com.android.launcher3/com.android.searchlauncher.SearchLauncher (has extras)} from uid 0
08-09 15:31:00.551  5354  5354 D lights  : write_int open fd=7
08-09 15:31:00.558  5477  5582 D AAL     : onBacklightChanged: 871/1023 -> 883/1023(phy:3535/4095)
08-09 15:31:00.566  5374  5398 I power@1.3-impl: powerHintInternal hint:8, data:1
08-09 15:31:00.568  5374  5397 I libPowerHal: 8: cpu_ctrl set freq: 1989000 -1 1989000 -1
08-09 15:31:00.569  5788  5833 D PowerHalWrapper: <amsBoostResume> last:com.android.settings, next:com.android.launcher3 
08-09 15:31:00.571  5354  5354 D lights  : write_int open fd=7
08-09 15:31:00.573  5788  5833 D PowerHalWrapper: amsBoostNotify pid:6386,activity:com.android.searchlauncher.SearchLauncher, package:com.android.launcher3, mProcessCreatePackcom.android.settings 
08-09 15:31:00.573  5788  5833 D PowerHalWrapper: amsBoostNotify AMS_BOOST_PROCESS_CREATE_BOOST:true 
08-09 15:31:00.573  5374  5397 I libPowerHal: [perfNotifyAppState] foreground:com.android.launcher3, pid:6386, uid:1000
08-09 15:31:00.575  5374  5397 E UxUtility: notifyAppState error = NULL
08-09 15:31:00.575  5374  5397 I powerd  : [powerd_req] POWER_MSG_NOTIFY_STATE, pc:0, com.android.settings => com.android.launcher3
08-09 15:31:00.575  5477  5582 D AAL     : onBacklightChanged: 883/1023 -> 895/1023(phy:3583/4095)
08-09 15:31:00.585  5354  5354 D lights  : write_int open fd=7
08-09 15:31:00.592  5477  5582 D AAL     : onBacklightChanged: 895/1023 -> 907/1023(phy:3631/4095)
08-09 15:31:00.592  5477  5582 D AAL     : 08-09 03:31:00.526 BL= 553,ESS= 256, 08-09 03:31:00.542 BL= 561,ESS= 256, 08-09 03:31:00.559 BL= 567,ESS= 256, 08-09 03:31:00.575 BL= 574,ESS= 256, 08-09 03:31:00.592 BL= 581,ESS= 256, 
08-09 15:31:00.602  5354  5354 D lights  : write_int open fd=7
08-09 15:31:00.606  5385  5883 I BufferQueueProducer: [com.android.settings/com.android.settings.SubSettings#0](this:0x7298953800,id:3528,api:1,p:20857,c:5385) queueBuffer: fps=2.09 dur=1435.40 max=1341.53 min=8.35
08-09 15:31:00.608  5477  5582 D AAL     : onBacklightChanged: 907/1023 -> 919/1023(phy:3679/4095)
08-09 15:31:00.618  5354  5354 D lights  : write_int open fd=7
08-09 15:31:00.619  9769  9815 E nightwatch-target: lmkd signal waiters
08-09 15:31:00.625  5477  5582 D AAL     : onBacklightChanged: 919/1023 -> 931/1023(phy:3727/4095)
08-09 15:31:00.625  5788  6282 I WindowManager: Relayout Window{dd083ec u0 com.android.launcher3/com.android.searchlauncher.SearchLauncher}: oldVis=8 newVis=0 focusMayChange = true
08-09 15:31:00.629  5385  7030 I BufferQueue: [unnamed-5385-3529](this:0x72b5c5b000,id:3529,api:0,p:-1,c:-1) BufferQueue core=(5385:/system/bin/surfaceflinger)
08-09 15:31:00.629  5385  7030 I BufferQueueConsumer: [unnamed-5385-3529](this:0x72b5c5b000,id:3529,api:0,p:-1,c:5385) connect(C): consumer=(5385:/system/bin/surfaceflinger) controlledByApp=false
08-09 15:31:00.629  5385  7030 I BufferQueueConsumer: [unnamed-5385-3529](this:0x72b5c5b000,id:3529,api:0,p:-1,c:5385) setConsumerName: unnamed-5385-3529
08-09 15:31:00.629  5385  7030 I BufferQueueConsumer: [com.android.launcher3/com.android.searchlauncher.SearchLauncher#0](this:0x72b5c5b000,id:3529,api:0,p:-1,c:5385) setConsumerName: com.android.launcher3/com.android.searchlauncher.SearchLauncher#0
08-09 15:31:00.629  5385  7030 I BufferQueueConsumer: [com.android.launcher3/com.android.searchlauncher.SearchLauncher#0](this:0x72b5c5b000,id:3529,api:0,p:-1,c:5385) setDefaultBufferSize: width=1080 height=2340
08-09 15:31:00.632  8948  9058 D Surface : Surface::connect(this=0x7c78023000,api=1)
08-09 15:31:00.633  5385  7030 I BufferQueueProducer: [com.android.launcher3/com.android.searchlauncher.SearchLauncher#0](this:0x72b5c5b000,id:3529,api:1,p:8948,c:5385) connect(P): api=1 producer=(8948:com.google.android.googlequicksearchbox:search) producerControlledByApp=false
08-09 15:31:00.634  8948  9058 D mali_winsys: EGLint new_window_surface(egl_winsys_display *, void *, EGLSurface, EGLConfig, egl_winsys_surface **, EGLBoolean) returns 0x3000
08-09 15:31:00.634  8948  9058 D Surface : Surface::setBufferCount(this=0x7c78023000,bufferCount=3)
08-09 15:31:00.634  8948  9058 D Surface : Surface::allocateBuffers(this=0x7c78023000)
08-09 15:31:00.638  5354  5354 D lights  : write_int open fd=7
08-09 15:31:00.641  5477  5582 D AAL     : onBacklightChanged: 931/1023 -> 943/1023(phy:3775/4095)
08-09 15:31:00.651  5354  5354 D lights  : write_int open fd=7
08-09 15:31:00.657  5383  5383 I lowmemorykiller: 1 memory pressure events were skipped after a kill!
08-09 15:31:00.658  5477  5582 D AAL     : onBacklightChanged: 943/1023 -> 947/1023(phy:3791/4095)
08-09 15:31:00.673  6386  6386 V PhoneWindow: DecorView setVisiblity: visibility = 0, Parent = android.view.ViewRootImpl@2924ca4, this = DecorView@67cca0d[SearchLauncher]
08-09 15:31:00.673  5788  6282 I LongScreenshotHelper: mActivityRecord = ActivityRecord{7434c31 u0 com.android.launcher3/com.android.searchlauncher.SearchLauncher t13531} mPrizeApplication = android.app.IPrizeApplicationThread$Stub$Proxy@64b2875
08-09 15:31:00.675  5477  5582 D AAL     : 08-09 03:31:00.608 BL= 588,ESS= 256, 08-09 03:31:00.625 BL= 595,ESS= 256, 08-09 03:31:00.642 BL= 602,ESS= 256, 08-09 03:31:00.658 BL= 603,ESS= 256, 08-09 03:31:00.675 BL= 602,ESS= 256, 
08-09 15:31:00.676  5788  6282 I WindowManager: Relayout Window{5e76867 u0 com.android.launcher3/com.android.searchlauncher.SearchLauncher}: oldVis=4 newVis=0 focusMayChange = true
08-09 15:31:00.679  5385  5884 I BufferQueue: [unnamed-5385-3530](this:0x729a515800,id:3530,api:0,p:-1,c:-1) BufferQueue core=(5385:/system/bin/surfaceflinger)
08-09 15:31:00.679  5385  5884 I BufferQueueConsumer: [unnamed-5385-3530](this:0x729a515800,id:3530,api:0,p:-1,c:5385) connect(C): consumer=(5385:/system/bin/surfaceflinger) controlledByApp=false
08-09 15:31:00.679  5385  5884 I BufferQueueConsumer: [unnamed-5385-3530](this:0x729a515800,id:3530,api:0,p:-1,c:5385) setConsumerName: unnamed-5385-3530
08-09 15:31:00.679  5385  5884 I BufferQueueConsumer: [com.android.launcher3/com.android.searchlauncher.SearchLauncher#1](this:0x729a515800,id:3530,api:0,p:-1,c:5385) setConsumerName: com.android.launcher3/com.android.searchlauncher.SearchLauncher#1
08-09 15:31:00.679  5385  5884 I BufferQueueConsumer: [com.android.launcher3/com.android.searchlauncher.SearchLauncher#1](this:0x729a515800,id:3530,api:0,p:-1,c:5385) setDefaultBufferSize: width=1080 height=2340
08-09 15:31:00.681  6386  7179 D Surface : Surface::connect(this=0x7b76d2d000,api=1)
08-09 15:31:00.682  5385  5884 I BufferQueueProducer: [com.android.launcher3/com.android.searchlauncher.SearchLauncher#1](this:0x729a515800,id:3530,api:1,p:6386,c:5385) connect(P): api=1 producer=(6386:com.android.launcher3) producerControlledByApp=false
08-09 15:31:00.683  6386  7179 D mali_winsys: EGLint new_window_surface(egl_winsys_display *, void *, EGLSurface, EGLConfig, egl_winsys_surface **, EGLBoolean) returns 0x3000
08-09 15:31:00.683  6386  7179 D Surface : Surface::setBufferCount(this=0x7b76d2d000,bufferCount=3)
08-09 15:31:00.683  6386  7179 D Surface : Surface::allocateBuffers(this=0x7b76d2d000)
08-09 15:31:00.697  8948  9058 D Surface : Surface::disconnect(this=0x7c78023000,api=1)
08-09 15:31:00.697  5385  7030 I BufferQueueProducer: [com.android.launcher3/com.android.searchlauncher.SearchLauncher#0](this:0x72b5c5b000,id:3529,api:1,p:8948,c:5385) disconnect(P): api 1
08-09 15:31:00.698  8948  9058 D Surface : Surface::connect(this=0x7c78023000,api=1)
08-09 15:31:00.698  5385  7030 I BufferQueueProducer: [com.android.launcher3/com.android.searchlauncher.SearchLauncher#0](this:0x72b5c5b000,id:3529,api:1,p:8948,c:5385) connect(P): api=1 producer=(8948:com.google.android.googlequicksearchbox:search) producerControlledByApp=false
08-09 15:31:00.699  8948  9058 D mali_winsys: EGLint new_window_surface(egl_winsys_display *, void *, EGLSurface, EGLConfig, egl_winsys_surface **, EGLBoolean) returns 0x3000
08-09 15:31:00.699  8948  9058 D Surface : Surface::setBufferCount(this=0x7c78023000,bufferCount=3)
08-09 15:31:00.757  5385  7030 I SurfaceFlinger: screenshot createGraphicBuffer
08-09 15:31:00.763  5383  5383 I lowmemorykiller: 16 memory pressure events were skipped after a kill!
08-09 15:31:00.763  5385  5385 I SurfaceFlinger: screenshot (com.android.settings/com.android.settings.SubSettings#0)
08-09 15:31:00.774  5477  5582 D AAL     : 08-09 03:31:00.691 BL= 601,ESS= 256, 08-09 03:31:00.710 BL= 600,ESS= 256, 08-09 03:31:00.742 BL= 599,ESS= 256, 08-09 03:31:00.758 BL= 598,ESS= 256, 08-09 03:31:00.774 BL= 597,ESS= 256, 
08-09 15:31:00.778  8833  8833 I GoogleInputMethodService: GoogleInputMethodService.onFinishInput():3410 
08-09 15:31:00.779  8833  8833 I GoogleInputMethodService: GoogleInputMethodService.onStartInput():1994 
08-09 15:31:00.779  8833  8833 I DeviceUnlockedTag: DeviceUnlockedTag.notifyDeviceLockStatusChanged():31 Notify device unlocked.
08-09 15:31:00.804  6386  7179 D Surface : Surface::disconnect(this=0x7b76d2d000,api=1)
08-09 15:31:00.805  5385  5482 I BufferQueueProducer: [com.android.launcher3/com.android.searchlauncher.SearchLauncher#1](this:0x729a515800,id:3530,api:1,p:6386,c:5385) disconnect(P): api 1
08-09 15:31:00.807  6386  7179 D Surface : Surface::connect(this=0x7b76d2d000,api=1)
08-09 15:31:00.808  5385  5482 I BufferQueueProducer: [com.android.launcher3/com.android.searchlauncher.SearchLauncher#1](this:0x729a515800,id:3530,api:1,p:6386,c:5385) connect(P): api=1 producer=(6386:com.android.launcher3) producerControlledByApp=false
08-09 15:31:00.808  6386  7179 D mali_winsys: EGLint new_window_surface(egl_winsys_display *, void *, EGLSurface, EGLConfig, egl_winsys_surface **, EGLBoolean) returns 0x3000
08-09 15:31:00.808  6386  7179 D Surface : Surface::setBufferCount(this=0x7b76d2d000,bufferCount=3)
08-09 15:31:00.858  5477  5582 D AAL     : 08-09 03:31:00.791 BL= 596,ESS= 256, 08-09 03:31:00.807 BL= 595,ESS= 256, 08-09 03:31:00.824 BL= 596,ESS= 256, 08-09 03:31:00.840 BL= 597,ESS= 256, 08-09 03:31:00.858 BL= 598,ESS= 256, 
08-09 15:31:00.858  5374  5398 I power@1.3-impl: powerHintInternal hint:8, data:0
08-09 15:31:00.858  5788  6282 D PowerHalWrapper: amsBoostStop AMS_BOOST_PACK_SWITCH:true, AMS_BOOST_ACT_SWITCH:false, AMS_BOOST_PROCESS_CREATE:false 
08-09 15:31:00.860  5374  5397 I libPowerHal: 32: cpu_ctrl set freq: -1 -1 -1 -1
08-09 15:31:00.861  8948  9043 I MicroDetectionState: Should stop hotword detection immediately - false
08-09 15:31:00.874  8948  9043 I MicroDetectionState: Keep running hotword in interactor process
08-09 15:31:00.881  5383  5383 I lowmemorykiller: 4 memory pressure events were skipped after a kill!
08-09 15:31:00.902  6386  6401 I droid.launcher: NativeAlloc concurrent copying GC freed 33993(1439KB) AllocSpace objects, 0(0B) LOS objects, 49% free, 4143KB/8286KB, paused 141us total 118.328ms
08-09 15:31:00.921  6176  6188 I ndroid.systemu: NativeAlloc concurrent copying GC freed 16464(731KB) AllocSpace objects, 0(0B) LOS objects, 47% free, 6853KB/12MB, paused 136us total 140.071ms
08-09 15:31:00.956  5477  5582 D AAL     : 08-09 03:31:00.875 BL= 599,ESS= 256, 08-09 03:31:00.890 BL= 600,ESS= 256, 08-09 03:31:00.923 BL= 601,ESS= 256, 08-09 03:31:00.940 BL= 602,ESS= 256, 08-09 03:31:00.956 BL= 603,ESS= 256, 
08-09 15:31:01.053  6176  6263 D NetworkTypeUtils: nrState = -1
08-09 15:31:01.089  5477  5582 D AAL     : 08-09 03:31:00.973 BL= 604,ESS= 256, 08-09 03:31:00.989 BL= 605,ESS= 256, 08-09 03:31:01.006 BL= 606,ESS= 256, 08-09 03:31:01.039 BL= 607,ESS= 256, 08-09 03:31:01.089 BL= 608,ESS= 256, 
08-09 15:31:01.126  5788  5838 D AES     : AEEIOCTL_GET/SET_SF_STATE IOCTL,cmd= 1074294797, lParam=0. 
08-09 15:31:01.127  5788  5838 D AES     : AEEIOCTL_RT_MON_Kick IOCTL,cmd= 2147774474, lParam=300. 
08-09 15:31:01.159  9769  9815 E nightwatch-target: lmkd signal waiters
08-09 15:31:01.188  5477  5582 D AAL     : 08-09 03:31:01.122 BL= 609,ESS= 256, 08-09 03:31:01.138 BL= 610,ESS= 256, 08-09 03:31:01.155 BL= 612,ESS= 256, 08-09 03:31:01.172 BL= 614,ESS= 256, 08-09 03:31:01.188 BL= 615,ESS= 256, 
08-09 15:31:01.200 20857 20878 D Surface : Surface::disconnect(this=0x7b6447c000,api=1)
08-09 15:31:01.200  5385  5883 I BufferQueueProducer: [com.android.settings/com.android.settings.SubSettings#0](this:0x7298953800,id:3528,api:1,p:20857,c:5385) disconnect(P): api 1
08-09 15:31:01.221 20857 20878 I GED     : ged_boost_gpu_freq, level 100, eOrigin 2, final_idx 15, oppidx_max 15, oppidx_min 0
08-09 15:31:01.226 20857 20857 V PhoneWindow: DecorView setVisiblity: visibility = 4, Parent = android.view.ViewRootImpl@381e02a, this = DecorView@43bc0ff[SubSettings]
08-09 15:31:01.263  5385  5385 I BufferQueue: [com.android.settings/com.android.settings.SubSettings#0](this:0x7298953800,id:3528,api:1,p:-1,c:-1) ~BufferQueueCore
08-09 15:31:01.272  5477  5582 D AAL     : 08-09 03:31:01.206 BL= 617,ESS= 256, 08-09 03:31:01.222 BL= 618,ESS= 256, 08-09 03:31:01.238 BL= 619,ESS= 256, 08-09 03:31:01.255 BL= 620,ESS= 256, 08-09 03:31:01.272 BL= 621,ESS= 256, 
08-09 15:31:01.311  5788 15851 I GED     : ged_boost_gpu_freq, level 100, eOrigin 2, final_idx 15, oppidx_max 15, oppidx_min 0
08-09 15:31:01.325  5383  5383 I lowmemorykiller: 1 memory pressure events were skipped after a kill!
08-09 15:31:01.371  5477  5582 D AAL     : 08-09 03:31:01.287 BL= 622,ESS= 256, 08-09 03:31:01.304 BL= 623,ESS= 256, 08-09 03:31:01.322 BL= 624,ESS= 256, 08-09 03:31:01.337 BL= 625,ESS= 256, 08-09 03:31:01.370 BL= 626,ESS= 256, 
08-09 15:31:01.396  6176  6176 D fast_charge: BatteryTracker---->level--->65---plugType--->2---plugged--->true---health--->2---status--->2---technology--->Li-ion---voltage--->4042---temperature--->315
08-09 15:31:01.396  6176  6176 I FlashlightTile: battery level = 65
08-09 15:31:01.415  6176  6176 D StatusBarKeyguardViewManager: updateLockIcon lockVisible force false 
08-09 15:31:01.425  5385  5883 I BufferQueueProducer: [StatusBar#0](this:0x72b5c5f800,id:6,api:1,p:6176,c:5385) queueBuffer: fps=2.91 dur=1372.90 max=1282.66 min=11.96
08-09 15:31:01.470  5477  5582 D AAL     : 08-09 03:31:01.387 BL= 627,ESS= 256, 08-09 03:31:01.403 BL= 628,ESS= 256, 08-09 03:31:01.440 BL= 629,ESS= 256, 08-09 03:31:01.453 BL= 630,ESS= 256, 08-09 03:31:01.470 BL= 631,ESS= 256, 
08-09 15:31:01.513  5383  5383 I lowmemorykiller: 9 memory pressure events were skipped after a kill!
08-09 15:31:01.552  5477  5582 D AAL     : 08-09 03:31:01.486 BL= 632,ESS= 256, 08-09 03:31:01.503 BL= 633,ESS= 256, 08-09 03:31:01.536 BL= 634,ESS= 256, 08-09 03:31:01.537 BL= 635,ESS= 256, 08-09 03:31:01.552 BL= 636,ESS= 256, 
08-09 15:31:01.597  5349  5349 I hwcomposer: [HWCDisplay] [Display_0 (type:1)] fps:43.187275,dur:1111.44,max:174.00,min:6.64  
08-09 15:31:01.652  5477  5582 D AAL     : 08-09 03:31:01.569 BL= 637,ESS= 256, 08-09 03:31:01.602 BL= 638,ESS= 256, 08-09 03:31:01.619 BL= 639,ESS= 256, 08-09 03:31:01.635 BL= 640,ESS= 256, 08-09 03:31:01.652 BL= 641,ESS= 256, 
08-09 15:31:01.663  5383  5383 I lowmemorykiller: 3 memory pressure events were skipped after a kill!
08-09 15:31:01.678  5788  5835 I system_server: Explicit concurrent copying GC freed 91976(5277KB) AllocSpace objects, 46(2408KB) LOS objects, 13% free, 37MB/43MB, paused 214us total 396.150ms
08-09 15:31:01.678  5788  5804 I system_server: WaitForGcToComplete blocked NativeAlloc on HeapTrim for 308.908ms
08-09 15:31:01.699  9769  9815 E nightwatch-target: lmkd signal waiters
08-09 15:31:01.735  5477  5582 D AAL     : 08-09 03:31:01.668 BL= 642,ESS= 256, 08-09 03:31:01.685 BL= 643,ESS= 256, 08-09 03:31:01.718 BL= 644,ESS= 256, 08-09 03:31:01.719 BL= 645,ESS= 256, 08-09 03:31:01.735 BL= 646,ESS= 256, 
08-09 15:31:01.799  5788  5978 D PrizePhoneWidowManager: SystemGesturesPointerEventListener swip =0
08-09 15:31:01.834  5477  5582 D AAL     : 08-09 03:31:01.751 BL= 647,ESS= 256, 08-09 03:31:01.768 BL= 648,ESS= 256, 08-09 03:31:01.784 BL= 649,ESS= 256, 08-09 03:31:01.801 BL= 650,ESS= 256, 08-09 03:31:01.834 BL= 651,ESS= 256, 
08-09 15:31:01.843  5788  6028 E WifiVendorHal: getWifiLinkLayerStats_1_3_Internal(l.927) failed {.code = ERROR_NOT_SUPPORTED, .description = }
08-09 15:31:01.861  6386  6386 I zhouerlong: zhouerlong::::item.getTargetComponent()com.whatsapp
08-09 15:31:01.832  5788  5978 I chatty  : uid=1000(system) InputReader identical 4 lines
08-09 15:31:01.841  5788  5978 D PrizePhoneWidowManager: SystemGesturesPointerEventListener swip =0
08-09 15:31:01.862  5788  9202 D ActivityTaskManager: fingerprintlock startActivityMayWait caller :android.app.IApplicationThread$Stub$Proxy@1bcc618,resultTo:Token{7c48f16 ActivityRecord{7434c31 u0 com.android.launcher3/com.android.searchlauncher.SearchLauncher t13531}},resultWho:null,requestCode:-1,callingPid:-1,callingUid:-1,inTask:null
08-09 15:31:01.862  5788  9202 D ActivityTaskManager: fingerprintlock startActivityMayWait srcintent:Intent { act=android.intent.action.MAIN cat=[android.intent.category.LAUNCHER] flg=0x10200000 cmp=com.whatsapp/.Main bnds=[242,108][441,449] },flag:10200000,aInfo:ActivityInfo{4bd871 com.whatsapp.Main},Starter:com.android.server.wm.ActivityStarter@f33fba8,reason:startActivityAsUser
08-09 15:31:01.870  5385  5884 I BufferQueueProducer: [com.android.launcher3/com.android.searchlauncher.SearchLauncher#1](this:0x729a515800,id:3530,api:1,p:6386,c:5385) queueBuffer: fps=17.78 dur=1124.77 max=743.70 min=6.13
08-09 15:31:01.877  5788  9202 D ActivityTaskManager: fingerprintlock startActivityMayWait callerapp:ProcessRecord{bcdbe4 6386:com.android.launcher3/1000},bindercallingpid:-1
08-09 15:31:01.877  5788  9202 D ActivityTaskManager: fingerprintlock startActivityMayWait2 caller :android.app.IApplicationThread$Stub$Proxy@1bcc618,resultTo:Token{7c48f16 ActivityRecord{7434c31 u0 com.android.launcher3/com.android.searchlauncher.SearchLauncher t13531}},resultWho:null,requestCode:-1,callingPid:-1,callingUid:-1
08-09 15:31:01.877  5788  9202 I ActivityTaskManager: START u0 {act=android.intent.action.MAIN cat=[android.intent.category.LAUNCHER] flg=0x10200000 cmp=com.whatsapp/.Main bnds=[242,108][441,449]} from uid 1000
08-09 15:31:01.893  5374  5398 I power@1.3-impl: powerHintInternal hint:8, data:1
08-09 15:31:01.893  5374  5397 I libPowerHal: 8: cpu_ctrl set freq: 1989000 -1 1989000 -1
08-09 15:31:01.895  5788  9202 D PowerHalWrapper: <amsBoostResume> last:com.android.launcher3, next:com.whatsapp 
08-09 15:31:01.901  6386  6386 I zhouerlong: zhouerlong::::item.getTargetComponent()  com.whatsapp  success:true
08-09 15:31:01.903  5788  5836 I WindowManager: Relayout Window{ec42bc4 u0 SnapshotStartingWindow for taskId=13694}: oldVis=8 newVis=0 focusMayChange = true
08-09 15:31:01.905  5385  5884 I BufferQueue: [unnamed-5385-3531](this:0x72b5cd5800,id:3531,api:0,p:-1,c:-1) BufferQueue core=(5385:/system/bin/surfaceflinger)
08-09 15:31:01.905  5385  5884 I BufferQueueConsumer: [unnamed-5385-3531](this:0x72b5cd5800,id:3531,api:0,p:-1,c:5385) connect(C): consumer=(5385:/system/bin/surfaceflinger) controlledByApp=false
08-09 15:31:01.905  5385  5884 I BufferQueueConsumer: [unnamed-5385-3531](this:0x72b5cd5800,id:3531,api:0,p:-1,c:5385) setConsumerName: unnamed-5385-3531
08-09 15:31:01.905  5385  5884 I BufferQueueConsumer: [SnapshotStartingWindow for taskId=13694#0](this:0x72b5cd5800,id:3531,api:0,p:-1,c:5385) setConsumerName: SnapshotStartingWindow for taskId=13694#0
08-09 15:31:01.905  5385  5884 I BufferQueueConsumer: [SnapshotStartingWindow for taskId=13694#0](this:0x72b5cd5800,id:3531,api:0,p:-1,c:5385) setDefaultBufferSize: width=1080 height=2340
08-09 15:31:01.907  5788  5836 D Surface : Surface::connect(this=0x7b71d78000,api=2)
08-09 15:31:01.907  5385  5884 I BufferQueueProducer: [SnapshotStartingWindow for taskId=13694#0](this:0x72b5cd5800,id:3531,api:2,p:5788,c:5385) connect(P): api=2 producer=(5788:system_server) producerControlledByApp=false
08-09 15:31:01.910  5788  5836 D Surface : Surface::disconnect(this=0x7b71d78000,api=2)
08-09 15:31:01.910  5385  5884 I BufferQueueProducer: [SnapshotStartingWindow for taskId=13694#0](this:0x72b5cd5800,id:3531,api:2,p:5788,c:5385) disconnect(P): api 2
08-09 15:31:01.917  5477  5582 D AAL     : 08-09 03:31:01.850 BL= 652,ESS= 256, 08-09 03:31:01.867 BL= 653,ESS= 256, 08-09 03:31:01.883 BL= 654,ESS= 256, 08-09 03:31:01.900 BL= 655,ESS= 256, 08-09 03:31:01.917 BL= 656,ESS= 256, 
08-09 15:31:01.925  5788  9202 D PowerHalWrapper: amsBoostNotify pid:13841,activity:com.whatsapp.Conversation, package:com.whatsapp, mProcessCreatePackcom.android.settings 
08-09 15:31:01.926  5788  9202 D PowerHalWrapper: amsBoostNotify AMS_BOOST_PROCESS_CREATE_BOOST:false 
08-09 15:31:01.927  5374  5397 I libPowerHal: [perfNotifyAppState] foreground:com.whatsapp, pid:13841, uid:10118
08-09 15:31:01.927  5374  5397 E UxUtility: notifyAppState error = NULL
08-09 15:31:01.927  5374  5397 I powerd  : [powerd_req] POWER_MSG_NOTIFY_STATE, pc:0, com.android.launcher3 => com.whatsapp
08-09 15:31:01.939  6176  6176 D NavigationBar: shouldForcedDarkIcon color=ff1f1f1f, forcedDarkIcon=true
08-09 15:31:01.999  5477  5582 D AAL     : 08-09 03:31:01.933 BL= 657,ESS= 256, 08-09 03:31:01.949 BL= 658,ESS= 256, 08-09 03:31:01.966 BL= 659,ESS= 256, 08-09 03:31:01.983 BL= 660,ESS= 256, 08-09 03:31:01.999 BL= 661,ESS= 256, 
08-09 15:31:02.031  8948  9043 I MicroDetectionState: Should stop hotword detection immediately - false
08-09 15:31:02.059 13841 13841 V PhoneWindow: DecorView setVisiblity: visibility = 0, Parent = android.view.ViewRootImpl@d4d6b1c, this = DecorView@6cc3ff0[Conversation]
08-09 15:31:02.059  5788 14538 I LongScreenshotHelper: mActivityRecord = ActivityRecord{bbf86c1 u0 com.whatsapp/.Conversation t13694} mPrizeApplication = android.app.IPrizeApplicationThread$Stub$Proxy@dac28a
08-09 15:31:02.085  5788 14538 I WindowManager: Relayout Window{873d43e u0 com.whatsapp/com.whatsapp.Conversation}: oldVis=4 newVis=0 focusMayChange = true
08-09 15:31:02.088  5385  5884 I BufferQueue: [unnamed-5385-3532](this:0x72b5cd4000,id:3532,api:0,p:-1,c:-1) BufferQueue core=(5385:/system/bin/surfaceflinger)
08-09 15:31:02.088  5385  5884 I BufferQueueConsumer: [unnamed-5385-3532](this:0x72b5cd4000,id:3532,api:0,p:-1,c:5385) connect(C): consumer=(5385:/system/bin/surfaceflinger) controlledByApp=false
08-09 15:31:02.088  5385  5884 I BufferQueueConsumer: [unnamed-5385-3532](this:0x72b5cd4000,id:3532,api:0,p:-1,c:5385) setConsumerName: unnamed-5385-3532
08-09 15:31:02.088  5385  5884 I BufferQueueConsumer: [com.whatsapp/com.whatsapp.Conversation#0](this:0x72b5cd4000,id:3532,api:0,p:-1,c:5385) setConsumerName: com.whatsapp/com.whatsapp.Conversation#0
08-09 15:31:02.088  5385  5884 I BufferQueueConsumer: [com.whatsapp/com.whatsapp.Conversation#0](this:0x72b5cd4000,id:3532,api:0,p:-1,c:5385) setDefaultBufferSize: width=1080 height=2340
08-09 15:31:02.091 13841 16889 D Surface : Surface::connect(this=0x7b3ccc5000,api=1)
08-09 15:31:02.092  5385  7030 I BufferQueueProducer: [com.whatsapp/com.whatsapp.Conversation#0](this:0x72b5cd4000,id:3532,api:1,p:13841,c:5385) connect(P): api=1 producer=(13841:com.whatsapp) producerControlledByApp=false
08-09 15:31:02.093 13841 16889 D mali_winsys: EGLint new_window_surface(egl_winsys_display *, void *, EGLSurface, EGLConfig, egl_winsys_surface **, EGLBoolean) returns 0x3000
08-09 15:31:02.093 13841 16889 D Surface : Surface::setBufferCount(this=0x7b3ccc5000,bufferCount=3)
08-09 15:31:02.093 13841 16889 D Surface : Surface::allocateBuffers(this=0x7b3ccc5000)
08-09 15:31:02.112  5385  7030 I BufferQueueProducer: [NavigationBar0#0](this:0x729a514000,id:3520,api:1,p:6176,c:5385) queueBuffer: fps=20.20 dur=1633.79 max=1058.30 min=3.19
08-09 15:31:02.115  5477  5582 D AAL     : 08-09 03:31:02.016 BL= 662,ESS= 256, 08-09 03:31:02.049 BL= 663,ESS= 256, 08-09 03:31:02.065 BL= 664,ESS= 256, 08-09 03:31:02.082 BL= 665,ESS= 256, 08-09 03:31:02.115 BL= 664,ESS= 256, 
08-09 15:31:02.181  5385  5385 I BufferQueueProducer: [FramebufferSurface](this:0x72aa442800,id:0,api:1,p:5385,c:5385) queueBuffer: fps=8.77 dur=2851.75 max=2455.72 min=15.60
08-09 15:31:02.198  5477  5582 D AAL     : 08-09 03:31:02.132 BL= 663,ESS= 256, 08-09 03:31:02.148 BL= 662,ESS= 256, 08-09 03:31:02.165 BL= 660,ESS= 256, 08-09 03:31:02.182 BL= 659,ESS= 256, 08-09 03:31:02.198 BL= 657,ESS= 256, 
08-09 15:31:02.201  8833  8833 I GoogleInputMethodService: GoogleInputMethodService.onFinishInput():3410 
08-09 15:31:02.202  8833  8833 I GoogleInputMethodService: GoogleInputMethodService.onStartInput():1994 
08-09 15:31:02.203  8833  8833 I DeviceUnlockedTag: DeviceUnlockedTag.notifyDeviceLockStatusChanged():31 Notify device unlocked.
08-09 15:31:02.205 13841 16889 D Surface : Surface::disconnect(this=0x7b3ccc5000,api=1)
08-09 15:31:02.205  5385  5512 I BufferQueueProducer: [com.whatsapp/com.whatsapp.Conversation#0](this:0x72b5cd4000,id:3532,api:1,p:13841,c:5385) disconnect(P): api 1
08-09 15:31:02.207 13841 16889 D Surface : Surface::connect(this=0x7b3ccc5000,api=1)
08-09 15:31:02.208  5385  5512 I BufferQueueProducer: [com.whatsapp/com.whatsapp.Conversation#0](this:0x72b5cd4000,id:3532,api:1,p:13841,c:5385) connect(P): api=1 producer=(13841:com.whatsapp) producerControlledByApp=false
08-09 15:31:02.209 13841 16889 D mali_winsys: EGLint new_window_surface(egl_winsys_display *, void *, EGLSurface, EGLConfig, egl_winsys_surface **, EGLBoolean) returns 0x3000
08-09 15:31:02.209 13841 16889 D Surface : Surface::setBufferCount(this=0x7b3ccc5000,bufferCount=3)
08-09 15:31:02.212  5374  5398 I power@1.3-impl: powerHintInternal hint:8, data:0
08-09 15:31:02.213  5788 14538 D PowerHalWrapper: amsBoostStop AMS_BOOST_PACK_SWITCH:true, AMS_BOOST_ACT_SWITCH:false, AMS_BOOST_PROCESS_CREATE:false 
08-09 15:31:02.214  5374  5397 I libPowerHal: 32: cpu_ctrl set freq: -1 -1 -1 -1
08-09 15:31:02.240  9769  9815 E nightwatch-target: lmkd signal waiters
08-09 15:31:02.255  5383  5383 I lowmemorykiller: 4 memory pressure events were skipped after a kill!
08-09 15:31:02.297  5477  5582 D AAL     : 08-09 03:31:02.217 BL= 656,ESS= 256, 08-09 03:31:02.231 BL= 654,ESS= 256, 08-09 03:31:02.248 BL= 653,ESS= 256, 08-09 03:31:02.281 BL= 652,ESS= 256, 08-09 03:31:02.297 BL= 651,ESS= 256, 
08-09 15:31:02.309  8948  9058 D Surface : Surface::disconnect(this=0x7c78023000,api=1)
08-09 15:31:02.309  6386  7179 D Surface : Surface::disconnect(this=0x7b76d2d000,api=1)
08-09 15:31:02.310  5385  5884 I BufferQueueProducer: [com.android.launcher3/com.android.searchlauncher.SearchLauncher#0](this:0x72b5c5b000,id:3529,api:1,p:8948,c:5385) disconnect(P): api 1
08-09 15:31:02.310  5385  5482 I BufferQueueProducer: [com.android.launcher3/com.android.searchlauncher.SearchLauncher#1](this:0x729a515800,id:3530,api:1,p:6386,c:5385) disconnect(P): api 1
08-09 15:31:02.326  6386  6386 V PhoneWindow: DecorView setVisiblity: visibility = 4, Parent = android.view.ViewRootImpl@2924ca4, this = DecorView@67cca0d[SearchLauncher]
08-09 15:31:02.344 13841 13926 I System.out: [socket]:check permission begin!
08-09 15:31:02.357  5385  5385 I BufferQueue: [com.android.launcher3/com.android.searchlauncher.SearchLauncher#1](this:0x729a515800,id:3530,api:1,p:-1,c:-1) ~BufferQueueCore
08-09 15:31:02.359  5385  5385 I BufferQueue: [com.android.launcher3/com.android.searchlauncher.SearchLauncher#0](this:0x72b5c5b000,id:3529,api:1,p:-1,c:-1) ~BufferQueueCore
08-09 15:31:02.380  5477  5582 D AAL     : 08-09 03:31:02.319 BL= 650,ESS= 256, 08-09 03:31:02.330 BL= 649,ESS= 256, 08-09 03:31:02.347 BL= 648,ESS= 256, 08-09 03:31:02.364 BL= 647,ESS= 256, 08-09 03:31:02.380 BL= 646,ESS= 256, 
08-09 15:31:02.480  5477  5582 D AAL     : 08-09 03:31:02.397 BL= 645,ESS= 256, 08-09 03:31:02.413 BL= 644,ESS= 256, 08-09 03:31:02.430 BL= 643,ESS= 256, 08-09 03:31:02.446 BL= 642,ESS= 256, 08-09 03:31:02.480 BL= 641,ESS= 256, 
08-09 15:31:02.580  5477  5582 D AAL     : 08-09 03:31:02.497 BL= 640,ESS= 256, 08-09 03:31:02.513 BL= 639,ESS= 256, 08-09 03:31:02.529 BL= 638,ESS= 256, 08-09 03:31:02.546 BL= 637,ESS= 256, 08-09 03:31:02.579 BL= 636,ESS= 256, 
08-09 15:31:02.596 13841 13933 I System.out: [socket]:check permission begin!
08-09 15:31:02.645  5477  5582 D AAL     : 08-09 03:31:02.580 BL= 635,ESS= 256, 08-09 03:31:02.596 BL= 634,ESS= 256, 08-09 03:31:02.612 BL= 633,ESS= 256, 08-09 03:31:02.629 BL= 632,ESS= 256, 08-09 03:31:02.645 BL= 631,ESS= 256, 
08-09 15:31:02.720  5385  5385 W BufferQueueDump: [com.whatsapp/com.whatsapp.Conversation#0] [addBuffer] slot(1) acquired, seems to be abnormal, just update ...
08-09 15:31:02.729  5349  5349 I hwcomposer: [HWCDisplay] [Display_0 (type:1)] fps:30.035038,dur:1132.01,max:321.38,min:11.07  
08-09 15:31:02.745  5477  5582 D AAL     : 08-09 03:31:02.662 BL= 630,ESS= 256, 08-09 03:31:02.695 BL= 629,ESS= 256, 08-09 03:31:02.712 BL= 628,ESS= 256, 08-09 03:31:02.729 BL= 627,ESS= 256, 08-09 03:31:02.745 BL= 626,ESS= 256, 
08-09 15:31:02.779  9769  9815 E nightwatch-target: lmkd signal waiters
08-09 15:31:02.828  5477  5582 D AAL     : 08-09 03:31:02.762 BL= 625,ESS= 256, 08-09 03:31:02.778 BL= 624,ESS= 256, 08-09 03:31:02.794 BL= 623,ESS= 256, 08-09 03:31:02.811 BL= 622,ESS= 256, 08-09 03:31:02.828 BL= 621,ESS= 256, 
08-09 15:31:02.927  5477  5582 D AAL     : 08-09 03:31:02.844 BL= 620,ESS= 256, 08-09 03:31:02.861 BL= 619,ESS= 256, 08-09 03:31:02.877 BL= 618,ESS= 256, 08-09 03:31:02.910 BL= 617,ESS= 256, 08-09 03:31:02.927 BL= 616,ESS= 256, 
08-09 15:31:03.010  5477  5582 D AAL     : 08-09 03:31:02.943 BL= 615,ESS= 256, 08-09 03:31:02.960 BL= 614,ESS= 256, 08-09 03:31:02.976 BL= 613,ESS= 256, 08-09 03:31:02.993 BL= 612,ESS= 256, 08-09 03:31:03.010 BL= 611,ESS= 256, 
08-09 15:31:03.053  6176  6176 I KeyButtonView: Back button event: ACTION_DOWN
08-09 15:31:03.058  5788  5977 V InputDispatcher: Asynchronous input event injection succeeded.
08-09 15:31:03.058  5788  5978 D PrizePhoneWidowManager: SystemGesturesPointerEventListener swip =0
08-09 15:31:03.103  6176  6176 I KeyButtonView: Back button event: ACTION_UP
08-09 15:31:03.105  5788  5977 V InputDispatcher: Asynchronous input event injection succeeded.
08-09 15:31:03.082  5788  5978 I chatty  : uid=1000(system) InputReader identical 3 lines
08-09 15:31:03.091  5788  5978 D PrizePhoneWidowManager: SystemGesturesPointerEventListener swip =0
08-09 15:31:03.111  5788  6282 D ActivityTaskManager: fingerprintlock bakeupSelectRecord r:ActivityRecord{bbf86c1 u0 com.whatsapp/.Conversation t13694},toHomeActivity:null
08-09 15:31:03.113  5788  6282 D PowerHalWrapper: <amsBoostResume> last:com.whatsapp, next:com.whatsapp 
08-09 15:31:03.115  5374  5397 I libPowerHal: 33: cpu_ctrl set freq: 1989000 -1 1989000 -1
08-09 15:31:03.121  5385  5482 I BufferQueueProducer: [NavigationBar0#0](this:0x729a514000,id:3520,api:1,p:6176,c:5385) queueBuffer: fps=32.71 dur=1008.92 max=487.65 min=8.05
08-09 15:31:03.123  5788  6282 D PowerHalWrapper: amsBoostNotify pid:13841,activity:com.whatsapp.HomeActivity, package:com.whatsapp, mProcessCreatePackcom.android.settings 
08-09 15:31:03.124  5788  6282 D PowerHalWrapper: amsBoostNotify AMS_BOOST_PROCESS_CREATE_BOOST:false 
08-09 15:31:03.159 13841 13841 V PhoneWindow: DecorView setVisiblity: visibility = 0, Parent = android.view.ViewRootImpl@4392834, this = DecorView@c8a1921[HomeActivity]
08-09 15:31:03.159  5788  6282 I LongScreenshotHelper: mActivityRecord = ActivityRecord{724e3b8 u0 com.whatsapp/.HomeActivity t13694} mPrizeApplication = android.app.IPrizeApplicationThread$Stub$Proxy@dac28a
08-09 15:31:03.166  5788  6282 I WindowManager: Relayout Window{d17938a u0 com.whatsapp/com.whatsapp.HomeActivity}: oldVis=8 newVis=0 focusMayChange = true
08-09 15:31:03.169  5385  5512 I BufferQueue: [unnamed-5385-3533](this:0x729a58f800,id:3533,api:0,p:-1,c:-1) BufferQueue core=(5385:/system/bin/surfaceflinger)
08-09 15:31:03.169  5385  5512 I BufferQueueConsumer: [unnamed-5385-3533](this:0x729a58f800,id:3533,api:0,p:-1,c:5385) connect(C): consumer=(5385:/system/bin/surfaceflinger) controlledByApp=false
08-09 15:31:03.169  5385  5512 I BufferQueueConsumer: [unnamed-5385-3533](this:0x729a58f800,id:3533,api:0,p:-1,c:5385) setConsumerName: unnamed-5385-3533
08-09 15:31:03.169  5385  5512 I BufferQueueConsumer: [com.whatsapp/com.whatsapp.HomeActivity#0](this:0x729a58f800,id:3533,api:0,p:-1,c:5385) setConsumerName: com.whatsapp/com.whatsapp.HomeActivity#0
08-09 15:31:03.169  5385  5512 I BufferQueueConsumer: [com.whatsapp/com.whatsapp.HomeActivity#0](this:0x729a58f800,id:3533,api:0,p:-1,c:5385) setDefaultBufferSize: width=1080 height=2340
08-09 15:31:03.171 13841 16889 D Surface : Surface::connect(this=0x7b68916000,api=1)
08-09 15:31:03.172  5385  5512 I BufferQueueProducer: [com.whatsapp/com.whatsapp.HomeActivity#0](this:0x729a58f800,id:3533,api:1,p:13841,c:5385) connect(P): api=1 producer=(13841:com.whatsapp) producerControlledByApp=false
08-09 15:31:03.172 13841 16889 D mali_winsys: EGLint new_window_surface(egl_winsys_display *, void *, EGLSurface, EGLConfig, egl_winsys_surface **, EGLBoolean) returns 0x3000
08-09 15:31:03.172 13841 16889 D Surface : Surface::setBufferCount(this=0x7b68916000,bufferCount=3)
08-09 15:31:03.172 13841 16889 D Surface : Surface::allocateBuffers(this=0x7b68916000)
08-09 15:31:03.208  5477  5582 D AAL     : 08-09 03:31:03.026 BL= 610,ESS= 256, 08-09 03:31:03.042 BL= 609,ESS= 256, 08-09 03:31:03.060 BL= 608,ESS= 256, 08-09 03:31:03.076 BL= 607,ESS= 256, 08-09 03:31:03.208 BL= 608,ESS= 256, 
08-09 15:31:03.224  5385  5512 I BufferQueueProducer: [com.whatsapp/com.whatsapp.Conversation#0](this:0x72b5cd4000,id:3532,api:1,p:13841,c:5385) queueBuffer: fps=20.80 dur=1057.70 max=496.66 min=4.27
08-09 15:31:03.234  8833  8833 I GoogleInputMethodService: GoogleInputMethodService.onFinishInput():3410 
08-09 15:31:03.235  8833  8833 I GoogleInputMethodService: GoogleInputMethodService.onStartInput():1994 
08-09 15:31:03.235  8833  8833 I DeviceUnlockedTag: DeviceUnlockedTag.notifyDeviceLockStatusChanged():31 Notify device unlocked.
08-09 15:31:03.254 13841 16889 D Surface : Surface::disconnect(this=0x7b68916000,api=1)
08-09 15:31:03.254  5385  5482 I BufferQueueProducer: [com.whatsapp/com.whatsapp.HomeActivity#0](this:0x729a58f800,id:3533,api:1,p:13841,c:5385) disconnect(P): api 1
08-09 15:31:03.255 13841 16889 D Surface : Surface::connect(this=0x7b68916000,api=1)
08-09 15:31:03.255  5385  5482 I BufferQueueProducer: [com.whatsapp/com.whatsapp.HomeActivity#0](this:0x729a58f800,id:3533,api:1,p:13841,c:5385) connect(P): api=1 producer=(13841:com.whatsapp) producerControlledByApp=false
08-09 15:31:03.256 13841 16889 D mali_winsys: EGLint new_window_surface(egl_winsys_display *, void *, EGLSurface, EGLConfig, egl_winsys_surface **, EGLBoolean) returns 0x3000
08-09 15:31:03.256 13841 16889 D Surface : Surface::setBufferCount(this=0x7b68916000,bufferCount=3)
08-09 15:31:03.319  9769  9815 E nightwatch-target: lmkd signal waiters
08-09 15:31:03.390  5477  5582 D AAL     : 08-09 03:31:03.291 BL= 606,ESS= 256, 08-09 03:31:03.307 BL= 605,ESS= 256, 08-09 03:31:03.324 BL= 604,ESS= 256, 08-09 03:31:03.341 BL= 605,ESS= 256, 08-09 03:31:03.390 BL= 606,ESS= 256, 
08-09 15:31:03.550  5788  7164 D PowerHalWrapper: amsBoostStop AMS_BOOST_PACK_SWITCH:false, AMS_BOOST_ACT_SWITCH:true, AMS_BOOST_PROCESS_CREATE:false 
08-09 15:31:03.551  5374  5397 I libPowerHal: 33: cpu_ctrl set freq: -1 -1 -1 -1
08-09 15:31:03.589  5477  5582 D AAL     : 08-09 03:31:03.423 BL= 605,ESS= 256, 08-09 03:31:03.440 BL= 603,ESS= 256, 08-09 03:31:03.473 BL= 602,ESS= 256, 08-09 03:31:03.522 BL= 601,ESS= 256, 08-09 03:31:03.589 BL= 602,ESS= 256, 
08-09 15:31:03.732  5349  5349 I hwcomposer: [HWCDisplay] [Display_0 (type:1)] fps:60.837875,dur:1002.66,max:18.07,min:8.83  
08-09 15:31:03.749 13841 16889 D Surface : Surface::disconnect(this=0x7b3ccc5000,api=1)
08-09 15:31:03.750  5385  7030 I BufferQueueProducer: [com.whatsapp/com.whatsapp.Conversation#0](this:0x72b5cd4000,id:3532,api:1,p:13841,c:5385) disconnect(P): api 1
08-09 15:31:03.761 13841 13841 V PhoneWindow: DecorView setVisiblity: visibility = 4, Parent = android.view.ViewRootImpl@d4d6b1c, this = DecorView@6cc3ff0[Conversation]
08-09 15:31:03.768 13841 13841 D View    : [Warning] assignParent to null: this = DecorView@6cc3ff0[Conversation]
08-09 15:31:03.768 13841 13841 I InputTransport: Destroy ARC handle: 0x7b3cd18800
08-09 15:31:03.781  5385  5385 I BufferQueue: [com.whatsapp/com.whatsapp.Conversation#0](this:0x72b5cd4000,id:3532,api:1,p:-1,c:-1) ~BufferQueueCore
08-09 15:31:03.815  5469  5469 I thermal_repeater: [recvMdThermalInfo] ret=29, strLen=127,  3, 38, -50, -28409, 32767, 0
08-09 15:31:03.860  9769  9815 E nightwatch-target: lmkd signal waiters
08-09 15:31:04.269 13841 18754 I System.out: [okhttp]:check permission begin!
08-09 15:31:04.270 13841 18754 I System.out: [okhttp]:not MMS!
08-09 15:31:04.270 13841 18754 I System.out: [okhttp]:not Email!
08-09 15:31:04.323  5385  5883 I BufferQueueProducer: [com.whatsapp/com.whatsapp.HomeActivity#0](this:0x729a58f800,id:3533,api:1,p:13841,c:5385) queueBuffer: fps=19.86 dur=1107.95 max=770.44 min=10.46
08-09 15:31:04.384  5477  5582 D AAL     : 08-09 03:31:03.622 BL= 603,ESS= 256, 08-09 03:31:03.638 BL= 604,ESS= 256, 08-09 03:31:03.672 BL= 605,ESS= 256, 
08-09 15:31:04.393 13841 18754 I System.out: [socket]:check permission begin!
08-09 15:31:04.399  9769  9815 E nightwatch-target: lmkd signal waiters
08-09 15:31:04.573 13841 18754 I System.out: [OkHttp] sendRequest>>
08-09 15:31:04.573 13841 18754 I System.out: [OkHttp] sendRequest<<
08-09 15:31:04.802  5349  5349 I hwcomposer: [HWCDisplay] [Display_0 (type:1)] fps:25.243223,dur:1069.59,max:531.56,min:12.44  
08-09 15:31:04.852  5788  6028 E WifiVendorHal: getWifiLinkLayerStats_1_3_Internal(l.927) failed {.code = ERROR_NOT_SUPPORTED, .description = }
08-09 15:31:04.880  6176  6263 D Tile.MobileDataTile: handleUpdateState arg=CallbackInfo[enabled=true,wifiEnabled=true,wifiConnected=true,airplaneModeEnabled=false,mobileSignalIconId=2131231793,dataTypeIconId=2131231879,activityIn=false,activityOut=false,enabledDesc=LV TELE2,noSim=false]
08-09 15:31:04.883  6342  9227 D PhoneInterfaceManager: [PhoneIntfMgr] SubscriptionManager.getPhoneId(1)=0
08-09 15:31:04.884  6176  6263 D Tile.MobileDataTile: isDefaultDataSimRadioOn subId=1, isRadioOn=true
08-09 15:31:04.886  6176  6263 D Tile.MobileDataTile: handleUpdateState state=SignalState[,icon=ResourceIcon[resId=0x7f08030d],iconSupplier=null,label=Data Connection,secondaryLabel=null,contentDescription=null,dualLabelContentDescription=null,expandedAccessibilityClassName=null,disabledByPolicy=false,dualTarget=false,isTransient=false,state=2,slash="null",isCustomTile=false,value=false,activityIn=false,activityOut=false]
08-09 15:31:04.892  6176  6176 D StatusBarKeyguardViewManager: updateLockIcon lockVisible force false 
08-09 15:31:04.898  5385  5883 I BufferQueueProducer: [StatusBar#0](this:0x72b5c5f800,id:6,api:1,p:6176,c:5385) queueBuffer: fps=0.58 dur=3473.04 max=3464.65 min=8.39
08-09 15:31:04.913  5477  5582 D AAL     : 08-09 03:31:04.897 BL= 604,ESS= 256, 
08-09 15:31:04.940  9769  9815 E nightwatch-target: lmkd signal waiters
08-09 15:31:05.325  5385  5883 I BufferQueueProducer: [NavigationBar0#0](this:0x729a514000,id:3520,api:1,p:6176,c:5385) queueBuffer: fps=13.16 dur=2203.78 max=1739.94 min=13.27
08-09 15:31:05.337 13841 13841 D DecorView: disable sliding action of three fingers, ScreenShot & SplitScreen
08-09 15:31:05.343  5788  5978 D PrizePhoneWidowManager: SystemGesturesPointerEventListener swip =0
08-09 15:31:05.367  5788  5978 I chatty  : uid=1000(system) InputReader identical 3 lines
08-09 15:31:05.376  5788  5978 D PrizePhoneWidowManager: SystemGesturesPointerEventListener swip =0
08-09 15:31:05.391  5788  6282 D ActivityTaskManager: fingerprintlock startActivityMayWait caller :android.app.IApplicationThread$Stub$Proxy@fd7c3c0,resultTo:Token{673591 ActivityRecord{724e3b8 u0 com.whatsapp/.HomeActivity t13694}},resultWho:null,requestCode:-1,callingPid:-1,callingUid:-1,inTask:null
08-09 15:31:05.391  5788  6282 D ActivityTaskManager: fingerprintlock startActivityMayWait srcintent:Intent { flg=0x14000000 cmp=com.whatsapp/.Conversation (has extras) },flag:14000000,aInfo:ActivityInfo{30308f9 com.whatsapp.Conversation},Starter:com.android.server.wm.ActivityStarter@e9ce03e,reason:startActivityAsUser
08-09 15:31:05.391  5788  6282 D ActivityTaskManager: fingerprintlock startActivityMayWait callerapp:ProcessRecord{dcd4199 13841:com.whatsapp/u0a118},bindercallingpid:-1
08-09 15:31:05.391  5788  6282 D ActivityTaskManager: fingerprintlock startActivityMayWait2 caller :android.app.IApplicationThread$Stub$Proxy@fd7c3c0,resultTo:Token{673591 ActivityRecord{724e3b8 u0 com.whatsapp/.HomeActivity t13694}},resultWho:null,requestCode:-1,callingPid:-1,callingUid:-1
08-09 15:31:05.391  5788  6282 I ActivityTaskManager: START u0 {flg=0x14000000 cmp=com.whatsapp/.Conversation (has extras)} from uid 10118
08-09 15:31:05.396  5385  5884 I BufferQueueProducer: [com.whatsapp/com.whatsapp.HomeActivity#0](this:0x729a58f800,id:3533,api:1,p:13841,c:5385) queueBuffer: fps=45.65 dur=1073.48 max=184.85 min=5.43
08-09 15:31:05.400  5374  5398 I power@1.3-impl: powerHintInternal hint:8, data:1
08-09 15:31:05.401  5374  5397 I libPowerHal: 8: cpu_ctrl set freq: 1989000 -1 1989000 -1
08-09 15:31:05.402  5788  6282 D PowerHalWrapper: <amsBoostResume> last:com.whatsapp, next:com.whatsapp 
08-09 15:31:05.412  5788  6282 D PowerHalWrapper: amsBoostNotify pid:13841,activity:com.whatsapp.Conversation, package:com.whatsapp, mProcessCreatePackcom.android.settings 
08-09 15:31:05.412  5788  6282 D PowerHalWrapper: amsBoostNotify AMS_BOOST_PROCESS_CREATE_BOOST:false 
08-09 15:31:05.415 13841 13841 W ActivityThread: handleWindowVisibility: no activity for token android.os.BinderProxy@dbd0d35
08-09 15:31:05.426 13841 13841 I AppCompatViewInflater: app:theme is now deprecated. Please move to using android:theme instead.
08-09 15:31:05.479  9769  9815 E nightwatch-target: lmkd signal waiters
08-09 15:31:05.506 13841 13841 V PhoneWindow: DecorView setVisiblity: visibility = 4, Parent = null, this = DecorView@21f9f90[]
08-09 15:31:05.509 13841 13841 D ViewRootImpl[Conversation]: hardware acceleration = true , fakeHwAccelerated = false, sRendererDisabled = false, forceHwAccelerated = false, sSystemRendererDisabled = false
08-09 15:31:05.510  5788 14538 E WindowManager: App trying to use insecure INPUT_FEATURE_NO_INPUT_CHANNEL flag. Ignoring
08-09 15:31:05.513 13841 13841 I InputTransport: Create ARC handle: 0x7c780da220
08-09 15:31:05.514 13841 13841 V PhoneWindow: DecorView setVisiblity: visibility = 0, Parent = android.view.ViewRootImpl@80724bc, this = DecorView@21f9f90[Conversation]
08-09 15:31:05.514  5788 14538 I LongScreenshotHelper: mActivityRecord = ActivityRecord{3128e9f u0 com.whatsapp/.Conversation t13694} mPrizeApplication = android.app.IPrizeApplicationThread$Stub$Proxy@dac28a
08-09 15:31:05.525  5788  6282 I WindowManager: Relayout Window{8b2c6d u0 com.whatsapp/com.whatsapp.Conversation}: oldVis=4 newVis=0 focusMayChange = true
08-09 15:31:05.526  5477  5582 D AAL     : 08-09 03:31:05.460 BL= 605,ESS= 256, 08-09 03:31:05.476 BL= 606,ESS= 256, 08-09 03:31:05.493 BL= 607,ESS= 256, 08-09 03:31:05.509 BL= 608,ESS= 256, 08-09 03:31:05.526 BL= 609,ESS= 256, 
08-09 15:31:05.527  5385  7030 I BufferQueue: [unnamed-5385-3534](this:0x729a4ec800,id:3534,api:0,p:-1,c:-1) BufferQueue core=(5385:/system/bin/surfaceflinger)
08-09 15:31:05.527  5385  7030 I BufferQueueConsumer: [unnamed-5385-3534](this:0x729a4ec800,id:3534,api:0,p:-1,c:5385) connect(C): consumer=(5385:/system/bin/surfaceflinger) controlledByApp=false
08-09 15:31:05.527  5385  7030 I BufferQueueConsumer: [unnamed-5385-3534](this:0x729a4ec800,id:3534,api:0,p:-1,c:5385) setConsumerName: unnamed-5385-3534
08-09 15:31:05.527  5385  7030 I BufferQueueConsumer: [com.whatsapp/com.whatsapp.Conversation#0](this:0x729a4ec800,id:3534,api:0,p:-1,c:5385) setConsumerName: com.whatsapp/com.whatsapp.Conversation#0
08-09 15:31:05.527  5385  7030 I BufferQueueConsumer: [com.whatsapp/com.whatsapp.Conversation#0](this:0x729a4ec800,id:3534,api:0,p:-1,c:5385) setDefaultBufferSize: width=1080 height=2340
08-09 15:31:05.530 13841 16889 D Surface : Surface::connect(this=0x7b43f64000,api=1)
08-09 15:31:05.530  5385  7030 I BufferQueueProducer: [com.whatsapp/com.whatsapp.Conversation#0](this:0x729a4ec800,id:3534,api:1,p:13841,c:5385) connect(P): api=1 producer=(13841:com.whatsapp) producerControlledByApp=false
08-09 15:31:05.531 13841 16889 D mali_winsys: EGLint new_window_surface(egl_winsys_display *, void *, EGLSurface, EGLConfig, egl_winsys_surface **, EGLBoolean) returns 0x3000
08-09 15:31:05.531 13841 16889 D Surface : Surface::setBufferCount(this=0x7b43f64000,bufferCount=3)
08-09 15:31:05.531 13841 16889 D Surface : Surface::allocateBuffers(this=0x7b43f64000)
08-09 15:31:05.625  5477  5582 D AAL     : 08-09 03:31:05.559 BL= 610,ESS= 256, 08-09 03:31:05.575 BL= 611,ESS= 256, 08-09 03:31:05.592 BL= 612,ESS= 256, 08-09 03:31:05.608 BL= 613,ESS= 256, 08-09 03:31:05.625 BL= 614,ESS= 256, 
08-09 15:31:05.633  5383  5383 I lowmemorykiller: 1 memory pressure events were skipped after a kill!
08-09 15:31:05.639  8833  8833 I GoogleInputMethodService: GoogleInputMethodService.onFinishInput():3410 
08-09 15:31:05.639  8833  8833 I GoogleInputMethodService: GoogleInputMethodService.onStartInput():1994 
08-09 15:31:05.639  8833  8833 I DeviceUnlockedTag: DeviceUnlockedTag.notifyDeviceLockStatusChanged():31 Notify device unlocked.
08-09 15:31:05.661  5374  5398 I power@1.3-impl: powerHintInternal hint:8, data:0
08-09 15:31:05.661  5788  6282 D PowerHalWrapper: amsBoostStop AMS_BOOST_PACK_SWITCH:false, AMS_BOOST_ACT_SWITCH:true, AMS_BOOST_PROCESS_CREATE:false 
08-09 15:31:05.663  5374  5397 I libPowerHal: 33: cpu_ctrl set freq: -1 -1 -1 -1
08-09 15:31:05.708  5477  5582 D AAL     : 08-09 03:31:05.642 BL= 615,ESS= 256, 08-09 03:31:05.658 BL= 616,ESS= 256, 08-09 03:31:05.675 BL= 615,ESS= 256, 08-09 03:31:05.691 BL= 614,ESS= 256, 08-09 03:31:05.708 BL= 613,ESS= 256, 
08-09 15:31:05.791  5477  5582 D AAL     : 08-09 03:31:05.724 BL= 612,ESS= 256, 08-09 03:31:05.741 BL= 610,ESS= 256, 08-09 03:31:05.758 BL= 609,ESS= 256, 08-09 03:31:05.774 BL= 607,ESS= 256, 08-09 03:31:05.791 BL= 606,ESS= 256, 
